Component: ARM Compiler 5.06 update 4 (build 422) Tool: armlink [4d35d2]

==============================================================================

Section Cross References

    app.o(i.InitSTM32F103ZE) refers to buttons_nightmare.o(i.Initialize_Pin_BUTTON) for Initialize_Pin_BUTTON
    app.o(i.InitSTM32F103ZE) refers to mp230_nightmare.o(i.MP230_Initialize) for MP230_Initialize
    app.o(i.InitSTM32F103ZE) refers to led_nightmare.o(i.LED_Initialize) for LED_Initialize
    app.o(i.InitSTM32F103ZE) refers to thread.o(i.Init_Thread_start) for Init_Thread_start
    app.o(i.InitSTM32F103ZE) refers to spi.o(i.SPIx_Init) for SPIx_Init
    app.o(i.InitSTM32F103ZE) refers to spi.o(i.SPIx_SetSpeed) for SPIx_SetSpeed
    app.o(i.LogicSTM32F103ZE) refers to buttons_nightmare.o(i.Wait_Pin_BUTTON_Done) for Wait_Pin_BUTTON_Done
    app.o(i.LogicSTM32F103ZE) refers to led_nightmare.o(i.LED_On) for LED_On
    app.o(i.LogicSTM32F103ZE) refers to rt_cmsis.o(i.osDelay) for osDelay
    app.o(i.LogicSTM32F103ZE) refers to mp230_nightmare.o(i.JustSendOneInstruction) for JustSendOneInstruction
    app.o(i.LogicSTM32F103ZE) refers to buttons_nightmare.o(i.Wait_Pin_BUTTON_Done3) for Wait_Pin_BUTTON_Done3
    app.o(i.LogicSTM32F103ZE) refers to app.o(i.pass11) for pass11
    app.o(i.pass11) refers to buttons_nightmare.o(i.Wait_Pin_BUTTON_Done_pass) for Wait_Pin_BUTTON_Done_pass
    app.o(i.pass11) refers to led_nightmare.o(i.LED_On) for LED_On
    app.o(i.pass11) refers to buttons_nightmare.o(i.Wait_Pin_BUTTON_pass) for Wait_Pin_BUTTON_pass
    app.o(i.pass11) refers to led_nightmare.o(i.LED_Off2) for LED_Off2
    app.o(i.pass11) refers to mp230_nightmare.o(i.JustSendOneInstruction) for JustSendOneInstruction
    app.o(i.pass11) refers to rt_cmsis.o(i.osDelay) for osDelay
    app.o(i.pass11) refers to app.o(.bss) for flag
    app.o(i.pass11) refers to buttons_nightmare.o(.data) for Pin_BUTTON
    app.o(i.pass11) refers to app.o(.data) for n
    app.o(i.pass12) refers to buttons_nightmare.o(i.Wait_Pin_BUTTON_Done_pass) for Wait_Pin_BUTTON_Done_pass
    app.o(i.pass12) refers to led_nightmare.o(i.LED_On) for LED_On
    app.o(i.pass12) refers to buttons_nightmare.o(i.Wait_Pin_BUTTON) for Wait_Pin_BUTTON
    app.o(i.pass12) refers to led_nightmare.o(i.LED_Off2) for LED_Off2
    app.o(i.pass12) refers to mp230_nightmare.o(i.JustSendOneInstruction) for JustSendOneInstruction
    app.o(i.pass12) refers to app.o(.bss) for flag
    app.o(i.pass12) refers to app.o(.data) for n
    app.o(i.pass12) refers to buttons_nightmare.o(.data) for Turntable_Button_MASK_main
    app.o(i.pass12) refers to rt_cmsis.o(i.osDelay) for osDelay
    common.o(i.USARTx_Initialize) refers to stm32f10x_rcc.o(i.RCC_APB2PeriphClockCmd) for RCC_APB2PeriphClockCmd
    common.o(i.USARTx_Initialize) refers to stm32f10x_rcc.o(i.RCC_APB1PeriphClockCmd) for RCC_APB1PeriphClockCmd
    common.o(i.USARTx_Initialize) refers to gpio_stm32f10x.o(i.GPIO_PortClock) for GPIO_PortClock
    common.o(i.USARTx_Initialize) refers to gpio_stm32f10x.o(i.GPIO_PinConfigure) for GPIO_PinConfigure
    common.o(i.USARTx_Initialize) refers to stm32f10x_usart.o(i.USART_Init) for USART_Init
    common.o(i.USARTx_Initialize) refers to stm32f10x_usart.o(i.USART_Cmd) for USART_Cmd
    common.o(i.USARTx_Initialize) refers to common.o(.constdata) for Pin_USART_Tx
    mp230_nightmare.o(i.JustSendOneInstruction) refers to stm32f10x_usart.o(i.USART_SendData) for USART_SendData
    mp230_nightmare.o(i.JustSendOneInstruction) refers to stm32f10x_usart.o(i.USART_GetFlagStatus) for USART_GetFlagStatus
    mp230_nightmare.o(i.JustSendOneInstruction) refers to mp230_nightmare.o(.data) for TxBuffer
    mp230_nightmare.o(i.MP230_Initialize) refers to common.o(i.USARTx_Initialize) for USARTx_Initialize
    mp230_nightmare.o(i.SendOneInstruction) refers to stm32f10x_usart.o(i.USART_SendData) for USART_SendData
    mp230_nightmare.o(i.SendOneInstruction) refers to stm32f10x_usart.o(i.USART_GetFlagStatus) for USART_GetFlagStatus
    mp230_nightmare.o(i.SendOneInstruction) refers to stm32f10x_usart.o(i.USART_ReceiveData) for USART_ReceiveData
    mp230_nightmare.o(i.SendOneInstructionA) refers to stm32f10x_usart.o(i.USART_SendData) for USART_SendData
    mp230_nightmare.o(i.SendOneInstructionA) refers to stm32f10x_usart.o(i.USART_GetFlagStatus) for USART_GetFlagStatus
    mp230_nightmare.o(i.SendOneInstructionA) refers to stm32f10x_usart.o(i.USART_ReceiveData) for USART_ReceiveData
    mp230_nightmare.o(i.SendOneInstructionA) refers to mp230_nightmare.o(.data) for TxBuffer
    mp230_nightmare.o(i.SendOneInstructionA) refers to mp230_nightmare.o(.bss) for RxBuffer
    mp230_nightmare.o(i.SendOneInstructionB) refers to stm32f10x_usart.o(i.USART_SendData) for USART_SendData
    mp230_nightmare.o(i.SendOneInstructionB) refers to stm32f10x_usart.o(i.USART_GetFlagStatus) for USART_GetFlagStatus
[...]
    !!dczerorl2                              0x0800016c   Section       90  __dczerorl2.o(!!dczerorl2)
    !!handler_zi                             0x080001c8   Section       28  __scatter_zi.o(!!handler_zi)
    .ARM.Collect$$libinit$$00000000          0x080001e4   Section        2  libinit.o(.ARM.Collect$$libinit$$00000000)
    .ARM.Collect$$libinit$$00000002          0x080001e6   Section        0  libinit2.o(.ARM.Collect$$libinit$$00000002)
    .ARM.Collect$$libinit$$00000004          0x080001e6   Section        0  libinit2.o(.ARM.Collect$$libinit$$00000004)
    .ARM.Collect$$libinit$$0000000A          0x080001e6   Section        0  libinit2.o(.ARM.Collect$$libinit$$0000000A)
    .ARM.Collect$$libinit$$0000000C          0x080001e6   Section        0  libinit2.o(.ARM.Collect$$libinit$$0000000C)
    .ARM.Collect$$libinit$$0000000E          0x080001e6   Section        0  libinit2.o(.ARM.Collect$$libinit$$0000000E)
    .ARM.Collect$$libinit$$00000011          0x080001e6   Section        0  libinit2.o(.ARM.Collect$$libinit$$00000011)
    .ARM.Collect$$libinit$$00000013          0x080001e6   Section        0  libinit2.o(.ARM.Collect$$libinit$$00000013)
    .ARM.Collect$$libinit$$00000015          0x080001e6   Section        0  libinit2.o(.ARM.Collect$$libinit$$00000015)
    .ARM.Collect$$libinit$$00000017          0x080001e6   Section        0  libinit2.o(.ARM.Collect$$libinit$$00000017)
    .ARM.Collect$$libinit$$00000019          0x080001e6   Section        0  libinit2.o(.ARM.Collect$$libinit$$00000019)
    .ARM.Collect$$libinit$$0000001B          0x080001e6   Section        0  libinit2.o(.ARM.Collect$$libinit$$0000001B)
    .ARM.Collect$$libinit$$0000001D          0x080001e6   Section        0  libinit2.o(.ARM.Collect$$libinit$$0000001D)
    .ARM.Collect$$libinit$$0000001F          0x080001e6   Section        0  libinit2.o(.ARM.Collect$$libinit$$0000001F)
    .ARM.Collect$$libinit$$00000021          0x080001e6   Section        0  libinit2.o(.ARM.Collect$$libinit$$00000021)
    .ARM.Collect$$libinit$$00000023          0x080001e6   Section        0  libinit2.o(.ARM.Collect$$libinit$$00000023)
    .ARM.Collect$$libinit$$00000025          0x080001e6   Section        0  libinit2.o(.ARM.Collect$$libinit$$00000025)
    .ARM.Collect$$libinit$$0000002C          0x080001e6   Section        0  libinit2.o(.ARM.Collect$$libinit$$0000002C)
    .ARM.Collect$$libinit$$0000002E          0x080001e6   Section        0  libinit2.o(.ARM.Collect$$libinit$$0000002E)
    .ARM.Collect$$libinit$$00000030          0x080001e6   Section        0  libinit2.o(.ARM.Collect$$libinit$$00000030)
    .ARM.Collect$$libinit$$00000032          0x080001e6   Section        0  libinit2.o(.ARM.Collect$$libinit$$00000032)
    .ARM.Collect$$libinit$$00000033          0x080001e6   Section        2  libinit2.o(.ARM.Collect$$libinit$$00000033)
    .ARM.Collect$$libshutdown$$00000000      0x080001e8   Section        2  libshutdown.o(.ARM.Collect$$libshutdown$$00000000)
    .ARM.Collect$$libshutdown$$00000002      0x080001ea   Section        0  libshutdown2.o(.ARM.Collect$$libshutdown$$00000002)
    .ARM.Collect$$libshutdown$$00000004      0x080001ea   Section        0  libshutdown2.o(.ARM.Collect$$libshutdown$$00000004)
    .ARM.Collect$$libshutdown$$00000007      0x080001ea   Section        0  libshutdown2.o(.ARM.Collect$$libshutdown$$00000007)
    .ARM.Collect$$libshutdown$$0000000A      0x080001ea   Section        0  libshutdown2.o(.ARM.Collect$$libshutdown$$0000000A)
    .ARM.Collect$$libshutdown$$0000000C      0x080001ea   Section        0  libshutdown2.o(.ARM.Collect$$libshutdown$$0000000C)
    .ARM.Collect$$libshutdown$$0000000F      0x080001ea   Section        0  libshutdown2.o(.ARM.Collect$$libshutdown$$0000000F)
    .ARM.Collect$$libshutdown$$00000010      0x080001ea   Section        2  libshutdown2.o(.ARM.Collect$$libshutdown$$00000010)
    .ARM.Collect$$rtentry$$00000000          0x080001ec   Section        0  __rtentry.o(.ARM.Collect$$rtentry$$00000000)
    .ARM.Collect$$rtentry$$00000002          0x080001ec   Section        0  __rtentry2.o(.ARM.Collect$$rtentry$$00000002)
    .ARM.Collect$$rtentry$$00000004          0x080001ec   Section        6  __rtentry4.o(.ARM.Collect$$rtentry$$00000004)
    .ARM.Collect$$rtentry$$00000009          0x080001f2   Section        0  __rtentry2.o(.ARM.Collect$$rtentry$$00000009)
    .ARM.Collect$$rtentry$$0000000A          0x080001f2   Section        4  __rtentry2.o(.ARM.Collect$$rtentry$$0000000A)
    .ARM.Collect$$rtentry$$0000000B          0x080001f6   Section        8  __rtentry2.o(.ARM.Collect$$rtentry$$0000000B)
    .ARM.Collect$$rtentry$$0000000D          0x080001fe   Section        8  __rtentry2.o(.ARM.Collect$$rtentry$$0000000D)
    .ARM.Collect$$rtexit$$00000000           0x08000206   Section        2  rtexit.o(.ARM.Collect$$rtexit$$00000000)
    .ARM.Collect$$rtexit$$00000002           0x08000208   Section        0  rtexit2.o(.ARM.Collect$$rtexit$$00000002)
    .ARM.Collect$$rtexit$$00000003           0x08000208   Section        4  rtexit2.o(.ARM.Collect$$rtexit$$00000003)
    .ARM.Collect$$rtexit$$00000004           0x0800020c   Section        6  rtexit2.o(.ARM.Collect$$rtexit$$00000004)
    .emb_text                                0x08000214   Section       28  rtx_conf_cm.o(.emb_text)
    .emb_text                                0x08000230   Section      304  hal_cm3.o(.emb_text)
    .text                                    0x08000360   Section       64  startup_stm32f10x_hd.o(.text)
    .text                                    0x080003a0   Section        8  libspace.o(.text)
    .text                                    0x080003a8   Section        0  exit.o(.text)
    .text                                    0x080003ba   Section        0  heapauxi.o(.text)
    .text                                    0x080003c0   Section        0  sys_exit.o(.text)
    .text                                    0x080003cc   Section       74  sys_stackheap_outer.o(.text)
    .text                                    0x08000416   Section        2  use_no_semi.o(.text)
    .text                                    0x08000418   Section        0  indicate_semi.o(.text)
    SVC_TABLE                                0x08000418   Section        4  svc_table.o(SVC_TABLE)
    i.CAN1_RX1_IRQHandler                    0x0800041c   Section        0  can_stm32f10x.o(i.CAN1_RX1_IRQHandler)
    i.CAN1_SCE_IRQHandler                    0x08000508   Section        0  can_stm32f10x.o(i.CAN1_SCE_IRQHandler)
    i.GPIO_GetPortClockState                 0x0800059c   Section        0  gpio_stm32f10x.o(i.GPIO_GetPortClockState)
    i.GPIO_Init                              0x08000634   Section        0  stm32f10x_gpio.o(i.GPIO_Init)
    i.GPIO_PinConfigure                      0x0800074a   Section        0  gpio_stm32f10x.o(i.GPIO_PinConfigure)
    i.GPIO_PortClock                         0x080007c4   Section        0  gpio_stm32f10x.o(i.GPIO_PortClock)
    i.GPIO_ResetBits                         0x08000900   Section        0  stm32f10x_gpio.o(i.GPIO_ResetBits)
    i.GPIO_SetBits                           0x08000904   Section        0  stm32f10x_gpio.o(i.GPIO_SetBits)
    i.GetState_Pin_BUTTON                    0x08000908   Section        0  buttons_nightmare.o(i.GetState_Pin_BUTTON)
    i.GetState_Pin_BUTTON2                   0x080009f0   Section        0  buttons_nightmare.o(i.GetState_Pin_BUTTON2)
    i.GetState_Pin_BUTTON_pass               0x08000ac0   Section        0  buttons_nightmare.o(i.GetState_Pin_BUTTON_pass)
    i.InitSTM32F103ZE                        0x08000ba8   Section        0  app.o(i.InitSTM32F103ZE)
    i.Init_Thread_start                      0x08000bd0   Section        0  thread.o(i.Init_Thread_start)
    i.Initialize_Pin_BUTTON                  0x08000c0c   Section        0  buttons_nightmare.o(i.Initialize_Pin_BUTTON)
    i.JustSendOneInstruction                 0x08000c80   Section        0  mp230_nightmare.o(i.JustSendOneInstruction)
    i.LED_Initialize                         0x08000cc0   Section        0  led_nightmare.o(i.LED_Initialize)
    i.LED_Off2                               0x08000d1c   Section        0  led_nightmare.o(i.LED_Off2)
    i.LED_On                                 0x08000d64   Section        0  led_nightmare.o(i.LED_On)
    i.LogicSTM32F103ZE                       0x08000d94   Section        0  app.o(i.LogicSTM32F103ZE)
    i.MP230_Initialize                       0x08000e78   Section        0  mp230_nightmare.o(i.MP230_Initialize)
    i.RCC_APB1PeriphClockCmd                 0x08000e88   Section        0  stm32f10x_rcc.o(i.RCC_APB1PeriphClockCmd)
    i.RCC_APB2PeriphClockCmd                 0x08000ea8   Section        0  stm32f10x_rcc.o(i.RCC_APB2PeriphClockCmd)
    i.RCC_GetClocksFreq                      0x08000ec8   Section        0  stm32f10x_rcc.o(i.RCC_GetClocksFreq)
    i.SPI_Cmd                                0x08000f9c   Section        0  stm32f10x_spi.o(i.SPI_Cmd)
    i.SPI_I2S_GetFlagStatus                  0x08000fb4   Section        0  stm32f10x_spi.o(i.SPI_I2S_GetFlagStatus)
    i.SPI_I2S_ReceiveData                    0x08000fc6   Section        0  stm32f10x_spi.o(i.SPI_I2S_ReceiveData)
    i.SPI_I2S_SendData                       0x08000fcc   Section        0  stm32f10x_spi.o(i.SPI_I2S_SendData)
    i.SPI_Init                               0x08000fd0   Section        0  stm32f10x_spi.o(i.SPI_Init)
    i.SPIx_Init                              0x0800100c   Section        0  spi.o(i.SPIx_Init)
    i.SPIx_ReadWriteByte                     0x080010a4   Section        0  spi.o(i.SPIx_ReadWriteByte)
    i.SPIx_SetSpeed                          0x080010f8   Section        0  spi.o(i.SPIx_SetSpeed)
    i.SetSysClock                            0x08001154   Section        0  system_stm32f10x.o(i.SetSysClock)
    SetSysClock                              0x08001155   Thumb Code     8  system_stm32f10x.o(i.SetSysClock)
    i.SetSysClockTo72                        0x0800115c   Section        0  system_stm32f10x.o(i.SetSysClockTo72)
    SetSysClockTo72                          0x0800115d   Thumb Code   214  system_stm32f10x.o(i.SetSysClockTo72)
    i.SystemInit                             0x0800123c   Section        0  system_stm32f10x.o(i.SystemInit)
    i.Thread_start                           0x0800129c   Section        0  thread.o(i.Thread_start)
    i.Thread_task2                           0x080012a0   Section        0  thread.o(i.Thread_task2)
    i.Thread_task3                           0x08001388   Section        0  thread.o(i.Thread_task3)
    i.USART_Cmd                              0x080013ac   Section        0  stm32f10x_usart.o(i.USART_Cmd)
    i.USART_GetFlagStatus                    0x080013c4   Section        0  stm32f10x_usart.o(i.USART_GetFlagStatus)
    i.USART_Init                             0x080013e0   Section        0  stm32f10x_usart.o(i.USART_Init)
    i.USART_SendData                         0x080014b8   Section        0  stm32f10x_usart.o(i.USART_SendData)
    i.USARTx_Initialize                      0x080014c0   Section        0  common.o(i.USARTx_Initialize)
    i.USB_HP_CAN1_TX_IRQHandler              0x08001578   Section        0  can_stm32f10x.o(i.USB_HP_CAN1_TX_IRQHandler)
    i.USB_LP_CAN1_RX0_IRQHandler             0x08001690   Section        0  can_stm32f10x.o(i.USB_LP_CAN1_RX0_IRQHandler)
    i.Wait_Pin_BUTTON_Done                   0x0800177c   Section        0  buttons_nightmare.o(i.Wait_Pin_BUTTON_Done)
    i.Wait_Pin_BUTTON_Done3                  0x080017dc   Section        0  buttons_nightmare.o(i.Wait_Pin_BUTTON_Done3)
    i.Wait_Pin_BUTTON_Done_pass              0x08001828   Section        0  buttons_nightmare.o(i.Wait_Pin_BUTTON_Done_pass)
    i.Wait_Pin_BUTTON_pass                   0x08001894   Section        0  buttons_nightmare.o(i.Wait_Pin_BUTTON_pass)
    i._init_box                              0x080018ec   Section        0  rt_membox.o(i._init_box)
    i._mutex_acquire                         0x08001934   Section        0  rtx_conf_cm.o(i._mutex_acquire)
    __tagsym$$used                           0x08001935   Number         0  rtx_conf_cm.o(i._mutex_acquire)
    i._mutex_release                         0x08001954   Section        0  rtx_conf_cm.o(i._mutex_release)
    __tagsym$$used                           0x08001955   Number         0  rtx_conf_cm.o(i._mutex_release)
    i.dbg_init                               0x08001970   Section        0  hal_cm.o(i.dbg_init)
    i.dbg_task_notify                        0x080019a0   Section        0  hal_cm.o(i.dbg_task_notify)
    i.dbg_task_switch                        0x080019c0   Section        0  hal_cm.o(i.dbg_task_switch)
    i.isrMessageGet                          0x080019d0   Section        0  rt_cmsis.o(i.isrMessageGet)
    i.isrMessagePut                          0x080019fa   Section        0  rt_cmsis.o(i.isrMessagePut)
    i.isr_mbx_receive                        0x08001a28   Section        0  rt_mailbox.o(i.isr_mbx_receive)
    i.isr_mbx_send                           0x08001a7e   Section        0  rt_mailbox.o(i.isr_mbx_send)
    i.main                                   0x08001a8c   Section        0  main.o(i.main)
    i.osDelay                                0x08001aa0   Section        0  rt_cmsis.o(i.osDelay)
    i.osKernelInitialize                     0x08001ab8   Section        0  rt_cmsis.o(i.osKernelInitialize)
    i.osKernelStart                          0x08001adc   Section        0  rt_cmsis.o(i.osKernelStart)
    i.osMessageGet                           0x08001b48   Section        0  rt_cmsis.o(i.osMessageGet)
    i.osThreadCreate                         0x08001b60   Section        0  rt_cmsis.o(i.osThreadCreate)
    i.osThreadExit                           0x08001b8c   Section        0  rt_cmsis.o(i.osThreadExit)
    i.osTimerCall                            0x08001ba4   Section        0  rt_cmsis.o(i.osTimerCall)
    i.osTimerThread                          0x08001bb0   Section        0  rt_cmsis.o(i.osTimerThread)
    i.os_error                               0x08001bdc   Section        0  rtx_conf_cm.o(i.os_error)
    i.os_idle_demon                          0x08001bfe   Section        0  rtx_conf_cm.o(i.os_idle_demon)
    i.os_tick_init                           0x08001c04   Section        0  rt_system.o(i.os_tick_init)
    i.os_tick_irqack                         0x08001c2c   Section        0  rt_system.o(i.os_tick_irqack)
    i.pass11                                 0x08001c30   Section        0  app.o(i.pass11)
    i.rt_alloc_box                           0x0800205e   Section        0  rt_membox.o(i.rt_alloc_box)
    i.rt_alloc_mem                           0x08002078   Section        0  rt_memory.o(i.rt_alloc_mem)
    i.rt_block                               0x080020b8   Section        0  rt_task.o(i.rt_block)
    i.rt_chk_robin                           0x080020f0   Section        0  rt_robin.o(i.rt_chk_robin)
    i.rt_dec_dly                             0x08002138   Section        0  rt_list.o(i.rt_dec_dly)
    i.rt_dispatch                            0x080021a8   Section        0  rt_task.o(i.rt_dispatch)
    i.rt_dly_wait                            0x080021ec   Section        0  rt_time.o(i.rt_dly_wait)
    i.rt_evt_psh                             0x080021f4   Section        0  rt_event.o(i.rt_evt_psh)
    i.rt_free_box                            0x08002244   Section        0  rt_membox.o(i.rt_free_box)
    i.rt_free_mem                            0x08002270   Section        0  rt_memory.o(i.rt_free_mem)
    i.rt_get_first                           0x08002298   Section        0  rt_list.o(i.rt_get_first)
    i.rt_id2obj                              0x080022c0   Section        0  rt_cmsis.o(i.rt_id2obj)
    rt_id2obj                                0x080022c1   Thumb Code     8  rt_cmsis.o(i.rt_id2obj)
    i.rt_init_context                        0x080022c8   Section        0  rt_task.o(i.rt_init_context)
    rt_init_context                          0x080022c9   Thumb Code    66  rt_task.o(i.rt_init_context)
    i.rt_init_mem                            0x08002310   Section        0  rt_memory.o(i.rt_init_mem)
    i.rt_init_robin                          0x0800232c   Section        0  rt_robin.o(i.rt_init_robin)
    i.rt_init_stack                          0x08002344   Section        0  hal_cm.o(i.rt_init_stack)
    i.rt_mbx_check                           0x080023c4   Section        0  rt_mailbox.o(i.rt_mbx_check)
    i.rt_mbx_init                            0x080023cc   Section        0  rt_mailbox.o(i.rt_mbx_init)
    i.rt_mbx_psh                             0x080023e8   Section        0  rt_mailbox.o(i.rt_mbx_psh)
    i.rt_mbx_wait                            0x080024d8   Section        0  rt_mailbox.o(i.rt_mbx_wait)
    i.rt_ms2tick                             0x0800258c   Section        0  rt_cmsis.o(i.rt_ms2tick)
    rt_ms2tick                               0x0800258d   Thumb Code    58  rt_cmsis.o(i.rt_ms2tick)
    i.rt_mut_release                         0x080025d0   Section        0  rt_mutex.o(i.rt_mut_release)
    i.rt_mut_wait                            0x080026a8   Section        0  rt_mutex.o(i.rt_mut_wait)
    i.rt_pop_req                             0x08002720   Section        0  rt_system.o(i.rt_pop_req)
    i.rt_psh_req                             0x0800279c   Section        0  rt_system.o(i.rt_psh_req)
    i.rt_psq_enq                             0x080027bc   Section        0  rt_list.o(i.rt_psq_enq)
    i.rt_put_dly                             0x08002818   Section        0  rt_list.o(i.rt_put_dly)
    i.rt_put_prio                            0x08002860   Section        0  rt_list.o(i.rt_put_prio)
    i.rt_put_rdy_first                       0x08002898   Section        0  rt_list.o(i.rt_put_rdy_first)
    i.rt_resort_prio                         0x080028ac   Section        0  rt_list.o(i.rt_resort_prio)
    i.rt_ret_val                             0x080028e0   Section        0  hal_cm.o(i.rt_ret_val)
    i.rt_ret_val2                            0x080028e6   Section        0  hal_cm.o(i.rt_ret_val2)
    i.rt_rmv_dly                             0x080028ee   Section        0  rt_list.o(i.rt_rmv_dly)
    i.rt_rmv_list                            0x08002918   Section        0  rt_list.o(i.rt_rmv_list)
    i.rt_sem_psh                             0x08002948   Section        0  rt_semaphore.o(i.rt_sem_psh)
    i.rt_stk_check                           0x0800297c   Section        0  rt_system.o(i.rt_stk_check)
    i.rt_switch_req                          0x080029a0   Section        0  rt_task.o(i.rt_switch_req)
    i.rt_sys_init                            0x080029c8   Section        0  rt_task.o(i.rt_sys_init)
    i.rt_sys_start                           0x08002a94   Section        0  rt_task.o(i.rt_sys_start)
    i.rt_systick                             0x08002b0c   Section        0  rt_system.o(i.rt_systick)
    i.rt_tid2ptcb                            0x08002b4c   Section        0  rt_cmsis.o(i.rt_tid2ptcb)
    rt_tid2ptcb                              0x08002b4d   Thumb Code    18  rt_cmsis.o(i.rt_tid2ptcb)
    i.rt_timer_insert                        0x08002b60   Section        0  rt_cmsis.o(i.rt_timer_insert)
    rt_timer_insert                          0x08002b61   Thumb Code    48  rt_cmsis.o(i.rt_timer_insert)
    i.rt_tsk_create                          0x08002b94   Section        0  rt_task.o(i.rt_tsk_create)
    i.rt_tsk_delete                          0x08002c1c   Section        0  rt_task.o(i.rt_tsk_delete)
    i.rt_tsk_prio                            0x08002d98   Section        0  rt_task.o(i.rt_tsk_prio)
    i.rt_tsk_self                            0x08002e14   Section        0  rt_task.o(i.rt_tsk_self)
    i.svcDelay                               0x08002e24   Section        0  rt_cmsis.o(i.svcDelay)
    i.svcKernelInitialize                    0x08002e38   Section        0  rt_cmsis.o(i.svcKernelInitialize)
    i.svcKernelStart                         0x08002ea8   Section        0  rt_cmsis.o(i.svcKernelStart)
    i.svcMessageCreate                       0x08002ef0   Section        0  rt_cmsis.o(i.svcMessageCreate)
    i.svcMessageGet                          0x08002f14   Section        0  rt_cmsis.o(i.svcMessageGet)
    i.svcThreadCreate                        0x08002f50   Section        0  rt_cmsis.o(i.svcThreadCreate)
    i.svcThreadGetId                         0x08002fbc   Section        0  rt_cmsis.o(i.svcThreadGetId)
    i.svcThreadTerminate                     0x08002fd8   Section        0  rt_cmsis.o(i.svcThreadTerminate)
    i.svcTimerCall                           0x08003010   Section        0  rt_cmsis.o(i.svcTimerCall)
    i.sysTimerTick                           0x08003028   Section        0  rt_cmsis.o(i.sysTimerTick)
    .constdata                               0x08003084   Section       80  common.o(.constdata)
    .constdata                               0x080030d4   Section      128  led_nightmare.o(.constdata)
    .constdata                               0x08003154   Section       68  thread.o(.constdata)
    .constdata                               0x08003198   Section      104  rtx_conf_cm.o(.constdata)
    __tagsym$$used                           0x080031b4   Number         0  rtx_conf_cm.o(.constdata)
    __tagsym$$used                           0x080031b8   Number         0  rtx_conf_cm.o(.constdata)
    __tagsym$$used                           0x080031bc   Number         0  rtx_conf_cm.o(.constdata)
    __tagsym$$used                           0x080031c0   Number         0  rtx_conf_cm.o(.constdata)
    .data                                    0x20000000   Section        2  app.o(.data)
    .data                                    0x20000002   Section      823  mp230_nightmare.o(.data)
    .data                                    0x2000033c   Section      816  buttons_nightmare.o(.data)
    .data                                    0x2000066c   Section        2  thread.o(.data)
    .data                                    0x20000670   Section       20  rtx_conf_cm.o(.data)
    nr_mutex                                 0x20000680   Data           4  rtx_conf_cm.o(.data)
    .data                                    0x20000684   Section       16  can_stm32f10x.o(.data)
    can_driver_powered                       0x20000684   Data           1  can_stm32f10x.o(.data)
    can_driver_initialized                   0x20000685   Data           1  can_stm32f10x.o(.data)
    can_obj_cfg                              0x20000686   Data           5  can_stm32f10x.o(.data)
    CAN_SignalUnitEvent                      0x2000068c   Data           4  can_stm32f10x.o(.data)
    CAN_SignalObjectEvent                    0x20000690   Data           4  can_stm32f10x.o(.data)
    .data                                    0x20000694   Section       20  stm32f10x_rcc.o(.data)
    APBAHBPrescTable                         0x20000694   Data          16  stm32f10x_rcc.o(.data)
    ADCPrescTable                            0x200006a4   Data           4  stm32f10x_rcc.o(.data)
    .data                                    0x200006a8   Section        8  rt_cmsis.o(.data)
    .data                                    0x200006b0   Section        8  rt_task.o(.data)
    .data                                    0x200006b8   Section        8  rt_system.o(.data)
    os_lock                                  0x200006b8   Data           1  rt_system.o(.data)
    os_psh_flag                              0x200006b9   Data           1  rt_system.o(.data)
    pend_flags                               0x200006ba   Data           1  rt_system.o(.data)
    .data                                    0x200006c0   Section        4  rt_time.o(.data)
    .data                                    0x200006c4   Section        8  rt_robin.o(.data)
    .data                                    0x200006cc   Section        1  hal_cm.o(.data)
    .bss                                     0x200006d0   Section       20  app.o(.bss)
    .bss                                     0x200006e8   Section     3016  rtx_conf_cm.o(.bss)
    std_libspace                             0x20000f90   Data         672  rtx_conf_cm.o(.bss)
    std_libmutex                             0x20001230   Data         128  rtx_conf_cm.o(.bss)
    .bss                                     0x200012b0   Section       52  rt_task.o(.bss)
    .bss                                     0x200012e4   Section       48  rt_list.o(.bss)
    .bss                                     0x20001314   Section       96  libspace.o(.bss)
    HEAP                                     0x20001378   Section      512  startup_stm32f10x_hd.o(HEAP)
    Heap_Mem                                 0x20001378   Data         512  startup_stm32f10x_hd.o(HEAP)
    STACK                                    0x20001578   Section     1024  startup_stm32f10x_hd.o(STACK)
    Stack_Mem                                0x20001578   Data        1024  startup_stm32f10x_hd.o(STACK)
    __initial_sp                             0x20001978   Data           0  startup_stm32f10x_hd.o(STACK)

    Global Symbols

    Symbol Name                              Value     Ov Type        Size  Object(Section)

    BuildAttributes$$THM_ISAv4$P$D$K$B$S$PE$A:L22UL41UL21$X:L11$S22US41US21$IEEE1$IW$USESV6$~STKCKD$USESV7$~SHL$OSPACE$ROPI$EBA8$UX$STANDARDLIB$REQ8$PRES8$EABIv2 0x00000000   Number         0  anon$$obj.o ABSOLUTE
    __ARM_use_no_argv                        0x00000000   Number         0  main.o ABSOLUTE
    __ARM_exceptions_init                     - Undefined Weak Reference
    __alloca_initialize                       - Undefined Weak Reference
    __arm_preinit_                            - Undefined Weak Reference
    __cpp_initialize__aeabi_                  - Undefined Weak Reference
    __cxa_finalize                            - Undefined Weak Reference
    __rt_locale                               - Undefined Weak Reference
    __sigvec_lookup                           - Undefined Weak Reference
    _atexit_init                              - Undefined Weak Reference
    _call_atexit_fns                          - Undefined Weak Reference
    _clock_init                               - Undefined Weak Reference
    _fp_trap_init                             - Undefined Weak Reference
    _fp_trap_shutdown                         - Undefined Weak Reference
    _get_lc_collate                           - Undefined Weak Reference
    _get_lc_ctype                             - Undefined Weak Reference
    _get_lc_monetary                          - Undefined Weak Reference
    _get_lc_numeric                           - Undefined Weak Reference
    _get_lc_time                              - Undefined Weak Reference
    _getenv_init                              - Undefined Weak Reference
    _handle_redirection                       - Undefined Weak Reference
    _init_alloc                               - Undefined Weak Reference
    _init_user_alloc                          - Undefined Weak Reference
    _initio                                   - Undefined Weak Reference
    _rand_init                                - Undefined Weak Reference
    _signal_finish                            - Undefined Weak Reference
    _signal_init                              - Undefined Weak Reference
    _terminate_alloc                          - Undefined Weak Reference
    _terminate_user_alloc                     - Undefined Weak Reference
    _terminateio                              - Undefined Weak Reference
    __Vectors_Size                           0x00000130   Number         0  startup_stm32f10x_hd.o ABSOLUTE
    __RL_RTX_VER                             0x00000482   Number         0  rt_system.o ABSOLUTE
    __Vectors                                0x08000000   Data           4  startup_stm32f10x_hd.o(RESET)
    __Vectors_End                            0x08000130   Data           0  startup_stm32f10x_hd.o(RESET)
    __main                                   0x08000131   Thumb Code     8  __main.o(!!!main)
    __scatterload                            0x08000139   Thumb Code     0  __scatter.o(!!!scatter)
    __scatterload_rt2                        0x08000139   Thumb Code    44  __scatter.o(!!!scatter)
    __scatterload_rt2_thumb_only             0x08000139   Thumb Code     0  __scatter.o(!!!scatter)
    __scatterload_null                       0x08000147   Thumb Code     0  __scatter.o(!!!scatter)
    __decompress                             0x0800016d   Thumb Code    90  __dczerorl2.o(!!dczerorl2)
    __decompress1                            0x0800016d   Thumb Code     0  __dczerorl2.o(!!dczerorl2)
    __scatterload_zeroinit                   0x080001c9   Thumb Code    28  __scatter_zi.o(!!handler_zi)
    __rt_lib_init                            0x080001e5   Thumb Code     0  libinit.o(.ARM.Collect$$libinit$$00000000)
    __rt_lib_init_alloca_1                   0x080001e7   Thumb Code     0  libinit2.o(.ARM.Collect$$libinit$$0000002E)
    __rt_lib_init_argv_1                     0x080001e7   Thumb Code     0  libinit2.o(.ARM.Collect$$libinit$$0000002C)
    __rt_lib_init_atexit_1                   0x080001e7   Thumb Code     0  libinit2.o(.ARM.Collect$$libinit$$0000001B)
    __rt_lib_init_clock_1                    0x080001e7   Thumb Code     0  libinit2.o(.ARM.Collect$$libinit$$00000021)
    __rt_lib_init_cpp_1                      0x080001e7   Thumb Code     0  libinit2.o(.ARM.Collect$$libinit$$00000032)
    __rt_lib_init_exceptions_1               0x080001e7   Thumb Code     0  libinit2.o(.ARM.Collect$$libinit$$00000030)
    __rt_lib_init_fp_1                       0x080001e7   Thumb Code     0  libinit2.o(.ARM.Collect$$libinit$$00000002)
    __rt_lib_init_fp_trap_1                  0x080001e7   Thumb Code     0  libinit2.o(.ARM.Collect$$libinit$$0000001F)
    __rt_lib_init_getenv_1                   0x080001e7   Thumb Code     0  libinit2.o(.ARM.Collect$$libinit$$00000023)
    __rt_lib_init_heap_1                     0x080001e7   Thumb Code     0  libinit2.o(.ARM.Collect$$libinit$$0000000A)
    __rt_lib_init_lc_collate_1               0x080001e7   Thumb Code     0  libinit2.o(.ARM.Collect$$libinit$$00000011)
    __rt_lib_init_lc_ctype_1                 0x080001e7   Thumb Code     0  libinit2.o(.ARM.Collect$$libinit$$00000013)
    __rt_lib_init_lc_monetary_1              0x080001e7   Thumb Code     0  libinit2.o(.ARM.Collect$$libinit$$00000015)
    __rt_lib_init_lc_numeric_1               0x080001e7   Thumb Code     0  libinit2.o(.ARM.Collect$$libinit$$00000017)
    __rt_lib_init_lc_time_1                  0x080001e7   Thumb Code     0  libinit2.o(.ARM.Collect$$libinit$$00000019)
    __rt_lib_init_preinit_1                  0x080001e7   Thumb Code     0  libinit2.o(.ARM.Collect$$libinit$$00000004)
    __rt_lib_init_rand_1                     0x080001e7   Thumb Code     0  libinit2.o(.ARM.Collect$$libinit$$0000000E)
    __rt_lib_init_return                     0x080001e7   Thumb Code     0  libinit2.o(.ARM.Collect$$libinit$$00000033)
    __rt_lib_init_signal_1                   0x080001e7   Thumb Code     0  libinit2.o(.ARM.Collect$$libinit$$0000001D)
    __rt_lib_init_stdio_1                    0x080001e7   Thumb Code     0  libinit2.o(.ARM.Collect$$libinit$$00000025)
    __rt_lib_init_user_alloc_1               0x080001e7   Thumb Code     0  libinit2.o(.ARM.Collect$$libinit$$0000000C)
    __rt_lib_shutdown                        0x080001e9   Thumb Code     0  libshutdown.o(.ARM.Collect$$libshutdown$$00000000)
    __rt_lib_shutdown_cpp_1                  0x080001eb   Thumb Code     0  libshutdown2.o(.ARM.Collect$$libshutdown$$00000002)
    __rt_lib_shutdown_fp_trap_1              0x080001eb   Thumb Code     0  libshutdown2.o(.ARM.Collect$$libshutdown$$00000007)
    __rt_lib_shutdown_heap_1                 0x080001eb   Thumb Code     0  libshutdown2.o(.ARM.Collect$$libshutdown$$0000000F)
    __rt_lib_shutdown_return                 0x080001eb   Thumb Code     0  libshutdown2.o(.ARM.Collect$$libshutdown$$00000010)
    __rt_lib_shutdown_signal_1               0x080001eb   Thumb Code     0  libshutdown2.o(.ARM.Collect$$libshutdown$$0000000A)
    __rt_lib_shutdown_stdio_1                0x080001eb   Thumb Code     0  libshutdown2.o(.ARM.Collect$$libshutdown$$00000004)
    __rt_lib_shutdown_user_alloc_1           0x080001eb   Thumb Code     0  libshutdown2.o(.ARM.Collect$$libshutdown$$0000000C)
    __rt_entry                               0x080001ed   Thumb Code     0  __rtentry.o(.ARM.Collect$$rtentry$$00000000)
    __rt_entry_presh_1                       0x080001ed   Thumb Code     0  __rtentry2.o(.ARM.Collect$$rtentry$$00000002)
    __rt_entry_sh                            0x080001ed   Thumb Code     0  __rtentry4.o(.ARM.Collect$$rtentry$$00000004)
    __rt_entry_li                            0x080001f3   Thumb Code     0  __rtentry2.o(.ARM.Collect$$rtentry$$0000000A)
    __rt_entry_postsh_1                      0x080001f3   Thumb Code     0  __rtentry2.o(.ARM.Collect$$rtentry$$00000009)
    __rt_entry_postli_1                      0x080001f7   Thumb Code     0  __rtentry2.o(.ARM.Collect$$rtentry$$0000000B)
    __rt_entry_main                          0x080001ff   Thumb Code     0  __rtentry2.o(.ARM.Collect$$rtentry$$0000000D)
    __rt_exit                                0x08000207   Thumb Code     0  rtexit.o(.ARM.Collect$$rtexit$$00000000)
    __rt_exit_ls                             0x08000209   Thumb Code     0  rtexit2.o(.ARM.Collect$$rtexit$$00000003)
    __rt_exit_prels_1                        0x08000209   Thumb Code     0  rtexit2.o(.ARM.Collect$$rtexit$$00000002)
    __rt_exit_exit                           0x0800020d   Thumb Code     0  rtexit2.o(.ARM.Collect$$rtexit$$00000004)
    _platform_post_lib_init                  0x08000215   Thumb Code    24  rtx_conf_cm.o(.emb_text)
    rt_set_PSP                               0x08000231   Thumb Code     6  hal_cm3.o(.emb_text)
    rt_get_PSP                               0x08000237   Thumb Code     6  hal_cm3.o(.emb_text)
    os_set_env                               0x0800023d   Thumb Code    24  hal_cm3.o(.emb_text)
    _alloc_box                               0x08000259   Thumb Code    28  hal_cm3.o(.emb_text)
    _free_box                                0x08000279   Thumb Code    28  hal_cm3.o(.emb_text)
    SVC_Handler                              0x08000299   Thumb Code   108  hal_cm3.o(.emb_text)
    PendSV_Handler                           0x08000311   Thumb Code    56  hal_cm3.o(.emb_text)
    SysTick_Handler                          0x0800034d   Thumb Code     8  hal_cm3.o(.emb_text)
    OS_Tick_Handler                          0x08000355   Thumb Code    12  hal_cm3.o(.emb_text)
    Reset_Handler                            0x08000361   Thumb Code     8  startup_stm32f10x_hd.o(.text)
    NMI_Handler                              0x08000369   Thumb Code     2  startup_stm32f10x_hd.o(.text)
    HardFault_Handler                        0x0800036b   Thumb Code     2  startup_stm32f10x_hd.o(.text)
    MemManage_Handler                        0x0800036d   Thumb Code     2  startup_stm32f10x_hd.o(.text)
    BusFault_Handler                         0x0800036f   Thumb Code     2  startup_stm32f10x_hd.o(.text)
    UsageFault_Handler                       0x08000371   Thumb Code     2  startup_stm32f10x_hd.o(.text)
    DebugMon_Handler                         0x08000375   Thumb Code     2  startup_stm32f10x_hd.o(.text)
    ADC1_2_IRQHandler                        0x0800037b   Thumb Code     0  startup_stm32f10x_hd.o(.text)
    ADC3_IRQHandler                          0x0800037b   Thumb Code     0  startup_stm32f10x_hd.o(.text)
    DMA1_Channel1_IRQHandler                 0x0800037b   Thumb Code     0  startup_stm32f10x_hd.o(.text)
    DMA1_Channel2_IRQHandler                 0x0800037b   Thumb Code     0  startup_stm32f10x_hd.o(.text)
    DMA1_Channel3_IRQHandler                 0x0800037b   Thumb Code     0  startup_stm32f10x_hd.o(.text)
    DMA1_Channel4_IRQHandler                 0x0800037b   Thumb Code     0  startup_stm32f10x_hd.o(.text)
    DMA1_Channel5_IRQHandler                 0x0800037b   Thumb Code     0  startup_stm32f10x_hd.o(.text)
    DMA1_Channel6_IRQHandler                 0x0800037b   Thumb Code     0  startup_stm32f10x_hd.o(.text)
    DMA1_Channel7_IRQHandler                 0x0800037b   Thumb Code     0  startup_stm32f10x_hd.o(.text)
    DMA2_Channel1_IRQHandler                 0x0800037b   Thumb Code     0  startup_stm32f10x_hd.o(.text)
    DMA2_Channel2_IRQHandler                 0x0800037b   Thumb Code     0  startup_stm32f10x_hd.o(.text)
    DMA2_Channel3_IRQHandler                 0x0800037b   Thumb Code     0  startup_stm32f10x_hd.o(.text)
    DMA2_Channel4_5_IRQHandler               0x0800037b   Thumb Code     0  startup_stm32f10x_hd.o(.text)
    EXTI0_IRQHandler                         0x0800037b   Thumb Code     0  startup_stm32f10x_hd.o(.text)
    EXTI15_10_IRQHandler                     0x0800037b   Thumb Code     0  startup_stm32f10x_hd.o(.text)
    EXTI1_IRQHandler                         0x0800037b   Thumb Code     0  startup_stm32f10x_hd.o(.text)
    EXTI2_IRQHandler                         0x0800037b   Thumb Code     0  startup_stm32f10x_hd.o(.text)
    EXTI3_IRQHandler                         0x0800037b   Thumb Code     0  startup_stm32f10x_hd.o(.text)
    EXTI4_IRQHandler                         0x0800037b   Thumb Code     0  startup_stm32f10x_hd.o(.text)
    EXTI9_5_IRQHandler                       0x0800037b   Thumb Code     0  startup_stm32f10x_hd.o(.text)
    FLASH_IRQHandler                         0x0800037b   Thumb Code     0  startup_stm32f10x_hd.o(.text)
    FSMC_IRQHandler                          0x0800037b   Thumb Code     0  startup_stm32f10x_hd.o(.text)
    I2C1_ER_IRQHandler                       0x0800037b   Thumb Code     0  startup_stm32f10x_hd.o(.text)
    I2C1_EV_IRQHandler                       0x0800037b   Thumb Code     0  startup_stm32f10x_hd.o(.text)
    I2C2_ER_IRQHandler                       0x0800037b   Thumb Code     0  startup_stm32f10x_hd.o(.text)
    I2C2_EV_IRQHandler                       0x0800037b   Thumb Code     0  startup_stm32f10x_hd.o(.text)
    PVD_IRQHandler                           0x0800037b   Thumb Code     0  startup_stm32f10x_hd.o(.text)
    RCC_IRQHandler                           0x0800037b   Thumb Code     0  startup_stm32f10x_hd.o(.text)
    RTCAlarm_IRQHandler                      0x0800037b   Thumb Code     0  startup_stm32f10x_hd.o(.text)
    RTC_IRQHandler                           0x0800037b   Thumb Code     0  startup_stm32f10x_hd.o(.text)
    SDIO_IRQHandler                          0x0800037b   Thumb Code     0  startup_stm32f10x_hd.o(.text)
    SPI1_IRQHandler                          0x0800037b   Thumb Code     0  startup_stm32f10x_hd.o(.text)
    SPI2_IRQHandler                          0x0800037b   Thumb Code     0  startup_stm32f10x_hd.o(.text)
    SPI3_IRQHandler                          0x0800037b   Thumb Code     0  startup_stm32f10x_hd.o(.text)
    TAMPER_IRQHandler                        0x0800037b   Thumb Code     0  startup_stm32f10x_hd.o(.text)
    TIM1_BRK_IRQHandler                      0x0800037b   Thumb Code     0  startup_stm32f10x_hd.o(.text)
    TIM1_CC_IRQHandler                       0x0800037b   Thumb Code     0  startup_stm32f10x_hd.o(.text)
    TIM1_TRG_COM_IRQHandler                  0x0800037b   Thumb Code     0  startup_stm32f10x_hd.o(.text)
    TIM1_UP_IRQHandler                       0x0800037b   Thumb Code     0  startup_stm32f10x_hd.o(.text)
    TIM2_IRQHandler                          0x0800037b   Thumb Code     0  startup_stm32f10x_hd.o(.text)
    TIM3_IRQHandler                          0x0800037b   Thumb Code     0  startup_stm32f10x_hd.o(.text)
    TIM4_IRQHandler                          0x0800037b   Thumb Code     0  startup_stm32f10x_hd.o(.text)
    TIM5_IRQHandler                          0x0800037b   Thumb Code     0  startup_stm32f10x_hd.o(.text)
    TIM6_IRQHandler                          0x0800037b   Thumb Code     0  startup_stm32f10x_hd.o(.text)
    TIM7_IRQHandler                          0x0800037b   Thumb Code     0  startup_stm32f10x_hd.o(.text)
    TIM8_BRK_IRQHandler                      0x0800037b   Thumb Code     0  startup_stm32f10x_hd.o(.text)
    TIM8_CC_IRQHandler                       0x0800037b   Thumb Code     0  startup_stm32f10x_hd.o(.text)
    TIM8_TRG_COM_IRQHandler                  0x0800037b   Thumb Code     0  startup_stm32f10x_hd.o(.text)
    TIM8_UP_IRQHandler                       0x0800037b   Thumb Code     0  startup_stm32f10x_hd.o(.text)
    UART4_IRQHandler                         0x0800037b   Thumb Code     0  startup_stm32f10x_hd.o(.text)
    UART5_IRQHandler                         0x0800037b   Thumb Code     0  startup_stm32f10x_hd.o(.text)
    USART1_IRQHandler                        0x0800037b   Thumb Code     0  startup_stm32f10x_hd.o(.text)
    USART2_IRQHandler                        0x0800037b   Thumb Code     0  startup_stm32f10x_hd.o(.text)
    USART3_IRQHandler                        0x0800037b   Thumb Code     0  startup_stm32f10x_hd.o(.text)
    USBWakeUp_IRQHandler                     0x0800037b   Thumb Code     0  startup_stm32f10x_hd.o(.text)
    WWDG_IRQHandler                          0x0800037b   Thumb Code     0  startup_stm32f10x_hd.o(.text)
    __user_initial_stackheap                 0x0800037d   Thumb Code     0  startup_stm32f10x_hd.o(.text)
    __user_libspace                          0x080003a1   Thumb Code     8  libspace.o(.text)
    __user_perproc_libspace                  0x080003a1   Thumb Code     0  libspace.o(.text)
    exit                                     0x080003a9   Thumb Code    18  exit.o(.text)
    __use_two_region_memory                  0x080003bb   Thumb Code     2  heapauxi.o(.text)
    __rt_heap_escrow$2region                 0x080003bd   Thumb Code     2  heapauxi.o(.text)
    __rt_heap_expand$2region                 0x080003bf   Thumb Code     2  heapauxi.o(.text)
    _sys_exit                                0x080003c1   Thumb Code     8  sys_exit.o(.text)
    __user_setup_stackheap                   0x080003cd   Thumb Code    74  sys_stackheap_outer.o(.text)
    __I$use$semihosting                      0x08000417   Thumb Code     0  use_no_semi.o(.text)
    __use_no_semihosting_swi                 0x08000417   Thumb Code     2  use_no_semi.o(.text)
    SVC_Count                                0x08000418   Data           4  svc_table.o(SVC_TABLE)
    __semihosting_library_function           0x08000419   Thumb Code     0  indicate_semi.o(.text)
    CAN1_RX1_IRQHandler                      0x0800041d   Thumb Code   218  can_stm32f10x.o(i.CAN1_RX1_IRQHandler)
    SVC_Table                                0x0800041c   Data           0  svc_table.o(SVC_TABLE)
    CAN1_SCE_IRQHandler                      0x08000509   Thumb Code   140  can_stm32f10x.o(i.CAN1_SCE_IRQHandler)
    GPIO_GetPortClockState                   0x0800059d   Thumb Code   118  gpio_stm32f10x.o(i.GPIO_GetPortClockState)
    GPIO_Init                                0x08000635   Thumb Code   278  stm32f10x_gpio.o(i.GPIO_Init)
    GPIO_PinConfigure                        0x0800074b   Thumb Code   120  gpio_stm32f10x.o(i.GPIO_PinConfigure)
    GPIO_PortClock                           0x080007c5   Thumb Code   284  gpio_stm32f10x.o(i.GPIO_PortClock)
    GPIO_ResetBits                           0x08000901   Thumb Code     4  stm32f10x_gpio.o(i.GPIO_ResetBits)
    GPIO_SetBits                             0x08000905   Thumb Code     4  stm32f10x_gpio.o(i.GPIO_SetBits)
    GetState_Pin_BUTTON                      0x08000909   Thumb Code   226  buttons_nightmare.o(i.GetState_Pin_BUTTON)
    GetState_Pin_BUTTON2                     0x080009f1   Thumb Code   202  buttons_nightmare.o(i.GetState_Pin_BUTTON2)
    GetState_Pin_BUTTON_pass                 0x08000ac1   Thumb Code   226  buttons_nightmare.o(i.GetState_Pin_BUTTON_pass)
    InitSTM32F103ZE                          0x08000ba9   Thumb Code    34  app.o(i.InitSTM32F103ZE)
    Init_Thread_start                        0x08000bd1   Thumb Code    46  thread.o(i.Init_Thread_start)
    Initialize_Pin_BUTTON                    0x08000c0d   Thumb Code   110  buttons_nightmare.o(i.Initialize_Pin_BUTTON)
    JustSendOneInstruction                   0x08000c81   Thumb Code    60  mp230_nightmare.o(i.JustSendOneInstruction)
    LED_Initialize                           0x08000cc1   Thumb Code    86  led_nightmare.o(i.LED_Initialize)
    LED_Off2                                 0x08000d1d   Thumb Code    68  led_nightmare.o(i.LED_Off2)
    LED_On                                   0x08000d65   Thumb Code    44  led_nightmare.o(i.LED_On)
    LogicSTM32F103ZE                         0x08000d95   Thumb Code   222  app.o(i.LogicSTM32F103ZE)
    MP230_Initialize                         0x08000e79   Thumb Code    14  mp230_nightmare.o(i.MP230_Initialize)
    RCC_APB1PeriphClockCmd                   0x08000e89   Thumb Code    26  stm32f10x_rcc.o(i.RCC_APB1PeriphClockCmd)
    RCC_APB2PeriphClockCmd                   0x08000ea9   Thumb Code    26  stm32f10x_rcc.o(i.RCC_APB2PeriphClockCmd)
    RCC_GetClocksFreq                        0x08000ec9   Thumb Code   192  stm32f10x_rcc.o(i.RCC_GetClocksFreq)
    SPI_Cmd                                  0x08000f9d   Thumb Code    24  stm32f10x_spi.o(i.SPI_Cmd)
    SPI_I2S_GetFlagStatus                    0x08000fb5   Thumb Code    18  stm32f10x_spi.o(i.SPI_I2S_GetFlagStatus)
    SPI_I2S_ReceiveData                      0x08000fc7   Thumb Code     6  stm32f10x_spi.o(i.SPI_I2S_ReceiveData)
    SPI_I2S_SendData                         0x08000fcd   Thumb Code     4  stm32f10x_spi.o(i.SPI_I2S_SendData)
    SPI_Init                                 0x08000fd1   Thumb Code    60  stm32f10x_spi.o(i.SPI_Init)
    SPIx_Init                                0x0800100d   Thumb Code   144  spi.o(i.SPIx_Init)
    SPIx_ReadWriteByte                       0x080010a5   Thumb Code    78  spi.o(i.SPIx_ReadWriteByte)
    SPIx_SetSpeed                            0x080010f9   Thumb Code    86  spi.o(i.SPIx_SetSpeed)
    SystemInit                               0x0800123d   Thumb Code    78  system_stm32f10x.o(i.SystemInit)
    Thread_start                             0x0800129d   Thumb Code     4  thread.o(i.Thread_start)
    Thread_task2                             0x080012a1   Thumb Code   212  thread.o(i.Thread_task2)
    Thread_task3                             0x08001389   Thumb Code    26  thread.o(i.Thread_task3)
    USART_Cmd                                0x080013ad   Thumb Code    24  stm32f10x_usart.o(i.USART_Cmd)
    USART_GetFlagStatus                      0x080013c5   Thumb Code    26  stm32f10x_usart.o(i.USART_GetFlagStatus)
    USART_Init                               0x080013e1   Thumb Code   210  stm32f10x_usart.o(i.USART_Init)
    USART_SendData                           0x080014b9   Thumb Code     8  stm32f10x_usart.o(i.USART_SendData)
    USARTx_Initialize                        0x080014c1   Thumb Code   174  common.o(i.USARTx_Initialize)
    USB_HP_CAN1_TX_IRQHandler                0x08001579   Thumb Code   264  can_stm32f10x.o(i.USB_HP_CAN1_TX_IRQHandler)
    USB_LP_CAN1_RX0_IRQHandler               0x08001691   Thumb Code   218  can_stm32f10x.o(i.USB_LP_CAN1_RX0_IRQHandler)
    Wait_Pin_BUTTON_Done                     0x0800177d   Thumb Code    86  buttons_nightmare.o(i.Wait_Pin_BUTTON_Done)
    Wait_Pin_BUTTON_Done3                    0x080017dd   Thumb Code    70  buttons_nightmare.o(i.Wait_Pin_BUTTON_Done3)
    Wait_Pin_BUTTON_Done_pass                0x08001829   Thumb Code    98  buttons_nightmare.o(i.Wait_Pin_BUTTON_Done_pass)
    Wait_Pin_BUTTON_pass                     0x08001895   Thumb Code    74  buttons_nightmare.o(i.Wait_Pin_BUTTON_pass)
    _init_box                                0x080018ed   Thumb Code    70  rt_membox.o(i._init_box)
    _mutex_acquire                           0x08001935   Thumb Code    22  rtx_conf_cm.o(i._mutex_acquire)
    _mutex_release                           0x08001955   Thumb Code    18  rtx_conf_cm.o(i._mutex_release)
    dbg_init                                 0x08001971   Thumb Code    34  hal_cm.o(i.dbg_init)
    dbg_task_notify                          0x080019a1   Thumb Code    32  hal_cm.o(i.dbg_task_notify)
    dbg_task_switch                          0x080019c1   Thumb Code    16  hal_cm.o(i.dbg_task_switch)
    isrMessageGet                            0x080019d1   Thumb Code    42  rt_cmsis.o(i.isrMessageGet)
    isrMessagePut                            0x080019fb   Thumb Code    44  rt_cmsis.o(i.isrMessagePut)
    isr_mbx_receive                          0x08001a29   Thumb Code    86  rt_mailbox.o(i.isr_mbx_receive)
    isr_mbx_send                             0x08001a7f   Thumb Code    14  rt_mailbox.o(i.isr_mbx_send)
    main                                     0x08001a8d   Thumb Code    20  main.o(i.main)
    osDelay                                  0x08001aa1   Thumb Code    18  rt_cmsis.o(i.osDelay)
    osKernelInitialize                       0x08001ab9   Thumb Code    30  rt_cmsis.o(i.osKernelInitialize)
    osKernelStart                            0x08001add   Thumb Code    98  rt_cmsis.o(i.osKernelStart)
    osMessageGet                             0x08001b49   Thumb Code    18  rt_cmsis.o(i.osMessageGet)
    osThreadCreate                           0x08001b61   Thumb Code    36  rt_cmsis.o(i.osThreadCreate)
    osThreadExit                             0x08001b8d   Thumb Code    14  rt_cmsis.o(i.osThreadExit)
    osTimerCall                              0x08001ba5   Thumb Code     8  rt_cmsis.o(i.osTimerCall)
    osTimerThread                            0x08001bb1   Thumb Code    38  rt_cmsis.o(i.osTimerThread)
    os_error                                 0x08001bdd   Thumb Code    34  rtx_conf_cm.o(i.os_error)
    os_idle_demon                            0x08001bff   Thumb Code     4  rtx_conf_cm.o(i.os_idle_demon)
    os_tick_init                             0x08001c05   Thumb Code    32  rt_system.o(i.os_tick_init)
    os_tick_irqack                           0x08001c2d   Thumb Code     2  rt_system.o(i.os_tick_irqack)
    pass11                                   0x08001c31   Thumb Code  1070  app.o(i.pass11)
    rt_alloc_box                             0x0800205f   Thumb Code    26  rt_membox.o(i.rt_alloc_box)
    rt_alloc_mem                             0x08002079   Thumb Code    62  rt_memory.o(i.rt_alloc_mem)
    rt_block                                 0x080020b9   Thumb Code    48  rt_task.o(i.rt_block)
    rt_chk_robin                             0x080020f1   Thumb Code    60  rt_robin.o(i.rt_chk_robin)
    rt_dec_dly                               0x08002139   Thumb Code   102  rt_list.o(i.rt_dec_dly)
    rt_dispatch                              0x080021a9   Thumb Code    60  rt_task.o(i.rt_dispatch)
    rt_dly_wait                              0x080021ed   Thumb Code     6  rt_time.o(i.rt_dly_wait)
    rt_evt_psh                               0x080021f5   Thumb Code    76  rt_event.o(i.rt_evt_psh)
    rt_free_box                              0x08002245   Thumb Code    44  rt_membox.o(i.rt_free_box)
    rt_free_mem                              0x08002271   Thumb Code    40  rt_memory.o(i.rt_free_mem)
    rt_get_first                             0x08002299   Thumb Code    40  rt_list.o(i.rt_get_first)
    rt_init_mem                              0x08002311   Thumb Code    26  rt_memory.o(i.rt_init_mem)
    rt_init_robin                            0x0800232d   Thumb Code    14  rt_robin.o(i.rt_init_robin)
    rt_init_stack                            0x08002345   Thumb Code   118  hal_cm.o(i.rt_init_stack)
    rt_mbx_check                             0x080023c5   Thumb Code     8  rt_mailbox.o(i.rt_mbx_check)
    rt_mbx_init                              0x080023cd   Thumb Code    26  rt_mailbox.o(i.rt_mbx_init)
    rt_mbx_psh                               0x080023e9   Thumb Code   236  rt_mailbox.o(i.rt_mbx_psh)
    rt_mbx_wait                              0x080024d9   Thumb Code   174  rt_mailbox.o(i.rt_mbx_wait)
    rt_mut_release                           0x080025d1   Thumb Code   208  rt_mutex.o(i.rt_mut_release)
    rt_mut_wait                              0x080026a9   Thumb Code   114  rt_mutex.o(i.rt_mut_wait)
    rt_pop_req                               0x08002721   Thumb Code   112  rt_system.o(i.rt_pop_req)
    rt_psh_req                               0x0800279d   Thumb Code    22  rt_system.o(i.rt_psh_req)
    rt_psq_enq                               0x080027bd   Thumb Code    88  rt_list.o(i.rt_psq_enq)
    rt_put_dly                               0x08002819   Thumb Code    68  rt_list.o(i.rt_put_dly)
    rt_put_prio                              0x08002861   Thumb Code    54  rt_list.o(i.rt_put_prio)
    rt_put_rdy_first                         0x08002899   Thumb Code    14  rt_list.o(i.rt_put_rdy_first)
    rt_resort_prio                           0x080028ad   Thumb Code    46  rt_list.o(i.rt_resort_prio)
    rt_ret_val                               0x080028e1   Thumb Code     6  hal_cm.o(i.rt_ret_val)
    rt_ret_val2                              0x080028e7   Thumb Code     8  hal_cm.o(i.rt_ret_val2)
    rt_rmv_dly                               0x080028ef   Thumb Code    40  rt_list.o(i.rt_rmv_dly)
    rt_rmv_list                              0x08002919   Thumb Code    44  rt_list.o(i.rt_rmv_list)
    rt_sem_psh                               0x08002949   Thumb Code    48  rt_semaphore.o(i.rt_sem_psh)
    rt_stk_check                             0x0800297d   Thumb Code    28  rt_system.o(i.rt_stk_check)
    rt_switch_req                            0x080029a1   Thumb Code    30  rt_task.o(i.rt_switch_req)
    rt_sys_init                              0x080029c9   Thumb Code   138  rt_task.o(i.rt_sys_init)
    rt_sys_start                             0x08002a95   Thumb Code   110  rt_task.o(i.rt_sys_start)
    rt_systick                               0x08002b0d   Thumb Code    50  rt_system.o(i.rt_systick)
    rt_tsk_create                            0x08002b95   Thumb Code   118  rt_task.o(i.rt_tsk_create)
    rt_tsk_delete                            0x08002c1d   Thumb Code   352  rt_task.o(i.rt_tsk_delete)
    rt_tsk_prio                              0x08002d99   Thumb Code   108  rt_task.o(i.rt_tsk_prio)
    rt_tsk_self                              0x08002e15   Thumb Code    12  rt_task.o(i.rt_tsk_self)
    svcDelay                                 0x08002e25   Thumb Code    18  rt_cmsis.o(i.svcDelay)
    svcKernelInitialize                      0x08002e39   Thumb Code    80  rt_cmsis.o(i.svcKernelInitialize)
    svcKernelStart                           0x08002ea9   Thumb Code    62  rt_cmsis.o(i.svcKernelStart)
    svcMessageCreate                         0x08002ef1   Thumb Code    36  rt_cmsis.o(i.svcMessageCreate)
    svcMessageGet                            0x08002f15   Thumb Code    58  rt_cmsis.o(i.svcMessageGet)
    svcThreadCreate                          0x08002f51   Thumb Code    96  rt_cmsis.o(i.svcThreadCreate)
    svcThreadGetId                           0x08002fbd   Thumb Code    22  rt_cmsis.o(i.svcThreadGetId)
    svcThreadTerminate                       0x08002fd9   Thumb Code    50  rt_cmsis.o(i.svcThreadTerminate)
    svcTimerCall                             0x08003011   Thumb Code    24  rt_cmsis.o(i.svcTimerCall)
    sysTimerTick                             0x08003029   Thumb Code    84  rt_cmsis.o(i.sysTimerTick)
    Pin_USART_Tx                             0x08003084   Data          40  common.o(.constdata)
    Pin_USART_Rx                             0x080030ac   Data          40  common.o(.constdata)
    Pin_LED                                  0x080030d4   Data         128  led_nightmare.o(.constdata)
    Tab                                      0x08003154   Data          18  thread.o(.constdata)
    os_thread_def_Thread_start               0x08003168   Data          16  thread.o(.constdata)
    os_thread_def_Thread_task2               0x08003178   Data          16  thread.o(.constdata)
    os_thread_def_Thread_task3               0x08003188   Data          16  thread.o(.constdata)
    os_maxtaskrun                            0x08003198   Data           2  rtx_conf_cm.o(.constdata)
    os_stackinfo                             0x0800319c   Data           4  rtx_conf_cm.o(.constdata)
    os_rrobin                                0x080031a0   Data           4  rtx_conf_cm.o(.constdata)
    os_tickfreq                              0x080031a4   Data           4  rtx_conf_cm.o(.constdata)
    os_tickus_i                              0x080031a8   Data           2  rtx_conf_cm.o(.constdata)
    os_tickus_f                              0x080031aa   Data           2  rtx_conf_cm.o(.constdata)
    os_trv                                   0x080031ac   Data           4  rtx_conf_cm.o(.constdata)
    os_flags                                 0x080031b0   Data           1  rtx_conf_cm.o(.constdata)
    CMSIS_RTOS_API_Version                   0x080031b4   Data           4  rtx_conf_cm.o(.constdata)
    CMSIS_RTOS_RTX_Version                   0x080031b8   Data           4  rtx_conf_cm.o(.constdata)
    os_clockrate                             0x080031bc   Data           4  rtx_conf_cm.o(.constdata)
    os_timernum                              0x080031c0   Data           4  rtx_conf_cm.o(.constdata)
    mp_tcb_size                              0x080031c4   Data           2  rtx_conf_cm.o(.constdata)
    mp_stk_size                              0x080031c8   Data           4  rtx_conf_cm.o(.constdata)
    os_stack_sz                              0x080031cc   Data           4  rtx_conf_cm.o(.constdata)
    os_fifo_size                             0x080031d0   Data           1  rtx_conf_cm.o(.constdata)
    os_thread_def_osTimerThread              0x080031d4   Data          16  rtx_conf_cm.o(.constdata)
    os_messageQ_def_osTimerMessageQ          0x080031e4   Data           8  rtx_conf_cm.o(.constdata)
    mp_tmr_size                              0x080031ec   Data           2  rtx_conf_cm.o(.constdata)
    os_thread_def_main                       0x080031f0   Data          16  rtx_conf_cm.o(.constdata)
    Region$$Table$$Base                      0x08003200   Number         0  anon$$obj.o(Region$$Table)
    Region$$Table$$Limit                     0x08003220   Number         0  anon$$obj.o(Region$$Table)
    n                                        0x20000000   Data           1  app.o(.data)
    m                                        0x20000001   Data           1  app.o(.data)
    TxBuffer                                 0x20000002   Data         410  mp230_nightmare.o(.data)
    MusicOverBuffer                          0x2000019c   Data         410  mp230_nightmare.o(.data)
    TxCounter                                0x20000336   Data           1  mp230_nightmare.o(.data)
    TxxCounter                               0x20000337   Data           1  mp230_nightmare.o(.data)
    RxCounter                                0x20000338   Data           1  mp230_nightmare.o(.data)
    flag_button0                             0x2000033c   Data           1  buttons_nightmare.o(.data)
    flag_button8                             0x2000033d   Data           1  buttons_nightmare.o(.data)
    flag_button9                             0x2000033e   Data           1  buttons_nightmare.o(.data)
    flag_button7                             0x2000033f   Data           1  buttons_nightmare.o(.data)
    flag_button10                            0x20000340   Data           1  buttons_nightmare.o(.data)
    flag_button16                            0x20000341   Data           1  buttons_nightmare.o(.data)
    flag_button21                            0x20000342   Data           1  buttons_nightmare.o(.data)
    flag_button22                            0x20000343   Data           1  buttons_nightmare.o(.data)
    flag_button23                            0x20000344   Data           1  buttons_nightmare.o(.data)
    flag_button6                             0x20000345   Data           1  buttons_nightmare.o(.data)
    flag_button3                             0x20000346   Data           1  buttons_nightmare.o(.data)
    flag_button27                            0x20000347   Data           1  buttons_nightmare.o(.data)
    flag_button1                             0x20000348   Data           1  buttons_nightmare.o(.data)
    flag_button2                             0x20000349   Data           1  buttons_nightmare.o(.data)
    flag_button4                             0x2000034a   Data           1  buttons_nightmare.o(.data)
    flag_button26                            0x2000034b   Data           1  buttons_nightmare.o(.data)
    flag_button24                            0x2000034c   Data           1  buttons_nightmare.o(.data)
    flag_button20                            0x2000034d   Data           1  buttons_nightmare.o(.data)
    flag_button25                            0x2000034e   Data           1  buttons_nightmare.o(.data)
    flag_button28                            0x2000034f   Data           1  buttons_nightmare.o(.data)
    flag_button12                            0x20000350   Data           1  buttons_nightmare.o(.data)
    flag_button18                            0x20000351   Data           1  buttons_nightmare.o(.data)
    flag_button17                            0x20000352   Data           1  buttons_nightmare.o(.data)
    flag_button11                            0x20000353   Data           1  buttons_nightmare.o(.data)
    Button_MASK_main                         0x20000354   Data           4  buttons_nightmare.o(.data)
    Turntable_Button_MASK_main               0x20000358   Data           4  buttons_nightmare.o(.data)
    Temp_Button_MASK_main                    0x2000035c   Data           4  buttons_nightmare.o(.data)
    Password_Button_MASK_main                0x20000360   Data           4  buttons_nightmare.o(.data)
    tempPassword                             0x20000364   Data           4  buttons_nightmare.o(.data)
    passwordtext1                            0x20000368   Data          15  buttons_nightmare.o(.data)
    Pin_BUTTON0                              0x20000378   Data         128  buttons_nightmare.o(.data)
    Pin_BUTTON_pass                          0x200003f8   Data          80  buttons_nightmare.o(.data)
    Pin_BUTTON                               0x20000448   Data         256  buttons_nightmare.o(.data)
    Pin_BUTTON_pass2                         0x20000548   Data         160  buttons_nightmare.o(.data)
    timerID0                                 0x200005e8   Data           4  buttons_nightmare.o(.data)
    Password_Pin_BUTTON2                     0x200005ec   Data         128  buttons_nightmare.o(.data)
    INFO                                     0x2000066c   Data           2  thread.o(.data)
    osThreadId_osTimerThread                 0x20000670   Data           4  rtx_conf_cm.o(.data)
    osMessageQId_osTimerMessageQ             0x20000674   Data           4  rtx_conf_cm.o(.data)
    os_tmr                                   0x20000678   Data           4  rtx_conf_cm.o(.data)
    m_tmr                                    0x2000067c   Data           4  rtx_conf_cm.o(.data)
    os_initialized                           0x200006a8   Data           1  rt_cmsis.o(.data)
    os_running                               0x200006a9   Data           1  rt_cmsis.o(.data)
    os_timer_head                            0x200006ac   Data           4  rt_cmsis.o(.data)
    os_tsk                                   0x200006b0   Data           8  rt_task.o(.data)
    os_tick_irqn                             0x200006bc   Data           4  rt_system.o(.data)
    os_time                                  0x200006c0   Data           4  rt_time.o(.data)
    os_robin                                 0x200006c4   Data           8  rt_robin.o(.data)
    dbg_msg                                  0x200006cc   Data           1  hal_cm.o(.data)
    flag                                     0x200006d0   Data          20  app.o(.bss)
    mp_tcb                                   0x200006e8   Data         376  rtx_conf_cm.o(.bss)
    mp_stk                                   0x20000860   Data        1216  rtx_conf_cm.o(.bss)
    os_stack_mem                             0x20000d20   Data         432  rtx_conf_cm.o(.bss)
    os_fifo                                  0x20000ed0   Data         132  rtx_conf_cm.o(.bss)
    os_active_TCB                            0x20000f54   Data          28  rtx_conf_cm.o(.bss)
    os_messageQ_q_osTimerMessageQ            0x20000f70   Data          32  rtx_conf_cm.o(.bss)
    os_idle_TCB                              0x200012b0   Data          52  rt_task.o(.bss)
    os_rdy                                   0x200012e4   Data          24  rt_list.o(.bss)
    os_dly                                   0x200012fc   Data          24  rt_list.o(.bss)
    __libspace_start                         0x20001314   Data          96  libspace.o(.bss)
    __temporary_stack_top$libspace           0x20001374   Data           0  libspace.o(.bss)



==============================================================================

Memory Map of the image

  Image Entry point : 0x08000131

  Load Region LR_IROM1 (Base: 0x08000000, Size: 0x000038f0, Max: 0x00080000, ABSOLUTE, COMPRESSED[0x000034e0])

    Execution Region ER_IROM1 (Base: 0x08000000, Size: 0x00003220, Max: 0x00080000, ABSOLUTE)

    Base Addr    Size         Type   Attr      Idx    E Section Name        Object

    0x08000000   0x00000130   Data   RO         1004    RESET               startup_stm32f10x_hd.o
    0x08000130   0x00000008   Code   RO         3054  * !!!main             c_w.l(__main.o)
    0x08000138   0x00000034   Code   RO         3217    !!!scatter          c_w.l(__scatter.o)
    0x0800016c   0x0000005a   Code   RO         3215    !!dczerorl2         c_w.l(__dczerorl2.o)
    0x080001c6   0x00000002   PAD
    0x080001c8   0x0000001c   Code   RO         3219    !!handler_zi        c_w.l(__scatter_zi.o)
    0x080001e4   0x00000002   Code   RO         3101    .ARM.Collect$$libinit$$00000000  c_w.l(libinit.o)
    0x080001e6   0x00000000   Code   RO         3113    .ARM.Collect$$libinit$$00000002  c_w.l(libinit2.o)
    0x080001e6   0x00000000   Code   RO         3115    .ARM.Collect$$libinit$$00000004  c_w.l(libinit2.o)
    0x080001e6   0x00000000   Code   RO         3118    .ARM.Collect$$libinit$$0000000A  c_w.l(libinit2.o)
    0x080001e6   0x00000000   Code   RO         3120    .ARM.Collect$$libinit$$0000000C  c_w.l(libinit2.o)
    0x080001e6   0x00000000   Code   RO         3122    .ARM.Collect$$libinit$$0000000E  c_w.l(libinit2.o)
    0x080001e6   0x00000000   Code   RO         3125    .ARM.Collect$$libinit$$00000011  c_w.l(libinit2.o)
    0x080001e6   0x00000000   Code   RO         3127    .ARM.Collect$$libinit$$00000013  c_w.l(libinit2.o)
    0x080001e6   0x00000000   Code   RO         3129    .ARM.Collect$$libinit$$00000015  c_w.l(libinit2.o)
    0x080001e6   0x00000000   Code   RO         3131    .ARM.Collect$$libinit$$00000017  c_w.l(libinit2.o)
    0x080001e6   0x00000000   Code   RO         3133    .ARM.Collect$$libinit$$00000019  c_w.l(libinit2.o)
    0x080001e6   0x00000000   Code   RO         3135    .ARM.Collect$$libinit$$0000001B  c_w.l(libinit2.o)
    0x080001e6   0x00000000   Code   RO         3137    .ARM.Collect$$libinit$$0000001D  c_w.l(libinit2.o)
    0x080001e6   0x00000000   Code   RO         3139    .ARM.Collect$$libinit$$0000001F  c_w.l(libinit2.o)
    0x080001e6   0x00000000   Code   RO         3141    .ARM.Collect$$libinit$$00000021  c_w.l(libinit2.o)
    0x080001e6   0x00000000   Code   RO         3143    .ARM.Collect$$libinit$$00000023  c_w.l(libinit2.o)
    0x080001e6   0x00000000   Code   RO         3145    .ARM.Collect$$libinit$$00000025  c_w.l(libinit2.o)
    0x080001e6   0x00000000   Code   RO         3149    .ARM.Collect$$libinit$$0000002C  c_w.l(libinit2.o)
    0x080001e6   0x00000000   Code   RO         3151    .ARM.Collect$$libinit$$0000002E  c_w.l(libinit2.o)
    0x080001e6   0x00000000   Code   RO         3153    .ARM.Collect$$libinit$$00000030  c_w.l(libinit2.o)
    0x080001e6   0x00000000   Code   RO         3155    .ARM.Collect$$libinit$$00000032  c_w.l(libinit2.o)
    0x080001e6   0x00000002   Code   RO         3156    .ARM.Collect$$libinit$$00000033  c_w.l(libinit2.o)
    0x080001e8   0x00000002   Code   RO         3102    .ARM.Collect$$libshutdown$$00000000  c_w.l(libshutdown.o)
    0x080001ea   0x00000000   Code   RO         3158    .ARM.Collect$$libshutdown$$00000002  c_w.l(libshutdown2.o)
    0x080001ea   0x00000000   Code   RO         3160    .ARM.Collect$$libshutdown$$00000004  c_w.l(libshutdown2.o)
    0x080001ea   0x00000000   Code   RO         3163    .ARM.Collect$$libshutdown$$00000007  c_w.l(libshutdown2.o)
    0x080001ea   0x00000000   Code   RO         3166    .ARM.Collect$$libshutdown$$0000000A  c_w.l(libshutdown2.o)
    0x080001ea   0x00000000   Code   RO         3168    .ARM.Collect$$libshutdown$$0000000C  c_w.l(libshutdown2.o)
    0x080001ea   0x00000000   Code   RO         3171    .ARM.Collect$$libshutdown$$0000000F  c_w.l(libshutdown2.o)
    0x080001ea   0x00000002   Code   RO         3172    .ARM.Collect$$libshutdown$$00000010  c_w.l(libshutdown2.o)
    0x080001ec   0x00000000   Code   RO         3056    .ARM.Collect$$rtentry$$00000000  c_w.l(__rtentry.o)
    0x080001ec   0x00000000   Code   RO         3064    .ARM.Collect$$rtentry$$00000002  c_w.l(__rtentry2.o)
    0x080001ec   0x00000006   Code   RO         3076    .ARM.Collect$$rtentry$$00000004  c_w.l(__rtentry4.o)
    0x080001f2   0x00000000   Code   RO         3066    .ARM.Collect$$rtentry$$00000009  c_w.l(__rtentry2.o)
    0x080001f2   0x00000004   Code   RO         3067    .ARM.Collect$$rtentry$$0000000A  c_w.l(__rtentry2.o)
    0x080001f6   0x00000008   Code   RO         3068    .ARM.Collect$$rtentry$$0000000B  c_w.l(__rtentry2.o)
    0x080001fe   0x00000008   Code   RO         3070    .ARM.Collect$$rtentry$$0000000D  c_w.l(__rtentry2.o)
    0x08000206   0x00000002   Code   RO         3057    .ARM.Collect$$rtexit$$00000000  c_w.l(rtexit.o)
    0x08000208   0x00000000   Code   RO         3079    .ARM.Collect$$rtexit$$00000002  c_w.l(rtexit2.o)
    0x08000208   0x00000004   Code   RO         3080    .ARM.Collect$$rtexit$$00000003  c_w.l(rtexit2.o)
    0x0800020c   0x00000006   Code   RO         3081    .ARM.Collect$$rtexit$$00000004  c_w.l(rtexit2.o)
    0x08000212   0x00000002   PAD
    0x08000214   0x0000001c   Code   RO          713    .emb_text           rtx_conf_cm.o
    0x08000230   0x00000130   Code   RO         3026    .emb_text           RTX_CM3.lib(hal_cm3.o)
    0x08000360   0x00000040   Code   RO         1005    .text               startup_stm32f10x_hd.o
    0x080003a0   0x00000008   Code   RO         3041    .text               c_w.l(libspace.o)
    0x080003a8   0x00000012   Code   RO         3046    .text               c_w.l(exit.o)
    0x080003ba   0x00000006   Code   RO         3052    .text               c_w.l(heapauxi.o)
    0x080003c0   0x0000000c   Code   RO         3087    .text               c_w.l(sys_exit.o)
    0x080003cc   0x0000004a   Code   RO         3089    .text               c_w.l(sys_stackheap_outer.o)
    0x08000416   0x00000002   Code   RO         3103    .text               c_w.l(use_no_semi.o)
    0x08000418   0x00000000   Code   RO         3105    .text               c_w.l(indicate_semi.o)
    0x08000418   0x00000004   Code   RO         3036    SVC_TABLE           RTX_CM3.lib(svc_table.o)
    0x0800041c   0x000000ec   Code   RO          783    i.CAN1_RX1_IRQHandler  can_stm32f10x.o
    0x08000508   0x00000094   Code   RO          784    i.CAN1_SCE_IRQHandler  can_stm32f10x.o
    0x0800059c   0x00000098   Code   RO         1793    i.GPIO_GetPortClockState  gpio_stm32f10x.o
    0x08000634   0x00000116   Code   RO         1112    i.GPIO_Init         stm32f10x_gpio.o
    0x0800074a   0x00000078   Code   RO         1794    i.GPIO_PinConfigure  gpio_stm32f10x.o
    0x080007c2   0x00000002   PAD
    0x080007c4   0x0000013c   Code   RO         1795    i.GPIO_PortClock    gpio_stm32f10x.o
    0x08000900   0x00000004   Code   RO         1119    i.GPIO_ResetBits    stm32f10x_gpio.o
    0x08000904   0x00000004   Code   RO         1120    i.GPIO_SetBits      stm32f10x_gpio.o
    0x08000908   0x000000e8   Code   RO          446    i.GetState_Pin_BUTTON  buttons_nightmare.o
    0x080009f0   0x000000d0   Code   RO          447    i.GetState_Pin_BUTTON2  buttons_nightmare.o
    0x08000ac0   0x000000e8   Code   RO          448    i.GetState_Pin_BUTTON_pass  buttons_nightmare.o
    0x08000ba8   0x00000028   Code   RO            4    i.InitSTM32F103ZE   app.o
    0x08000bd0   0x0000003c   Code   RO          629    i.Init_Thread_start  thread.o
    0x08000c0c   0x00000074   Code   RO          450    i.Initialize_Pin_BUTTON  buttons_nightmare.o
    0x08000c80   0x00000040   Code   RO          201    i.JustSendOneInstruction  mp230_nightmare.o
    0x08000cc0   0x0000005c   Code   RO          324    i.LED_Initialize    led_nightmare.o
    0x08000d1c   0x00000048   Code   RO          326    i.LED_Off2          led_nightmare.o
    0x08000d64   0x00000030   Code   RO          327    i.LED_On            led_nightmare.o
    0x08000d94   0x000000e4   Code   RO            5    i.LogicSTM32F103ZE  app.o
    0x08000e78   0x0000000e   Code   RO          202    i.MP230_Initialize  mp230_nightmare.o
    0x08000e86   0x00000002   PAD
    0x08000e88   0x00000020   Code   RO         1234    i.RCC_APB1PeriphClockCmd  stm32f10x_rcc.o
    0x08000ea8   0x00000020   Code   RO         1236    i.RCC_APB2PeriphClockCmd  stm32f10x_rcc.o
    0x08000ec8   0x000000d4   Code   RO         1244    i.RCC_GetClocksFreq  stm32f10x_rcc.o
    0x08000f9c   0x00000018   Code   RO         1449    i.SPI_Cmd           stm32f10x_spi.o
    0x08000fb4   0x00000012   Code   RO         1457    i.SPI_I2S_GetFlagStatus  stm32f10x_spi.o
    0x08000fc6   0x00000006   Code   RO         1460    i.SPI_I2S_ReceiveData  stm32f10x_spi.o
    0x08000fcc   0x00000004   Code   RO         1461    i.SPI_I2S_SendData  stm32f10x_spi.o
    0x08000fd0   0x0000003c   Code   RO         1462    i.SPI_Init          stm32f10x_spi.o
    0x0800100c   0x00000098   Code   RO          680    i.SPIx_Init         spi.o
    0x080010a4   0x00000054   Code   RO          681    i.SPIx_ReadWriteByte  spi.o
    0x080010f8   0x0000005c   Code   RO          682    i.SPIx_SetSpeed     spi.o
    0x08001154   0x00000008   Code   RO         1012    i.SetSysClock       system_stm32f10x.o
    0x0800115c   0x000000e0   Code   RO         1013    i.SetSysClockTo72   system_stm32f10x.o
    0x0800123c   0x00000060   Code   RO         1015    i.SystemInit        system_stm32f10x.o
    0x0800129c   0x00000004   Code   RO          630    i.Thread_start      thread.o
    0x080012a0   0x000000e8   Code   RO          631    i.Thread_task2      thread.o
    0x08001388   0x00000024   Code   RO          632    i.Thread_task3      thread.o
    0x080013ac   0x00000018   Code   RO         1604    i.USART_Cmd         stm32f10x_usart.o
    0x080013c4   0x0000001a   Code   RO         1607    i.USART_GetFlagStatus  stm32f10x_usart.o
    0x080013de   0x00000002   PAD
    0x080013e0   0x000000d8   Code   RO         1611    i.USART_Init        stm32f10x_usart.o
    0x080014b8   0x00000008   Code   RO         1621    i.USART_SendData    stm32f10x_usart.o
    0x080014c0   0x000000b8   Code   RO          142    i.USARTx_Initialize  common.o
    0x08001578   0x00000118   Code   RO          805    i.USB_HP_CAN1_TX_IRQHandler  can_stm32f10x.o
    0x08001690   0x000000ec   Code   RO          806    i.USB_LP_CAN1_RX0_IRQHandler  can_stm32f10x.o
    0x0800177c   0x00000060   Code   RO          461    i.Wait_Pin_BUTTON_Done  buttons_nightmare.o
    0x080017dc   0x0000004c   Code   RO          463    i.Wait_Pin_BUTTON_Done3  buttons_nightmare.o
    0x08001828   0x0000006c   Code   RO          464    i.Wait_Pin_BUTTON_Done_pass  buttons_nightmare.o
    0x08001894   0x00000058   Code   RO          465    i.Wait_Pin_BUTTON_pass  buttons_nightmare.o
    0x080018ec   0x00000046   Code   RO         2925    i._init_box         RTX_CM3.lib(rt_membox.o)
    0x08001932   0x00000002   PAD
    0x08001934   0x00000020   Code   RO          715    i._mutex_acquire    rtx_conf_cm.o
    0x08001954   0x0000001c   Code   RO          717    i._mutex_release    rtx_conf_cm.o
    0x08001970   0x00000030   Code   RO         2978    i.dbg_init          RTX_CM3.lib(hal_cm.o)
    0x080019a0   0x00000020   Code   RO         2979    i.dbg_task_notify   RTX_CM3.lib(hal_cm.o)
    0x080019c0   0x00000010   Code   RO         2980    i.dbg_task_switch   RTX_CM3.lib(hal_cm.o)
    0x080019d0   0x0000002a   Code   RO         1834    i.isrMessageGet     RTX_CM3.lib(rt_cmsis.o)
    0x080019fa   0x0000002c   Code   RO         1835    i.isrMessagePut     RTX_CM3.lib(rt_cmsis.o)
    0x08001a26   0x00000002   PAD
    0x08001a28   0x00000056   Code   RO         2780    i.isr_mbx_receive   RTX_CM3.lib(rt_mailbox.o)
    0x08001a7e   0x0000000e   Code   RO         2781    i.isr_mbx_send      RTX_CM3.lib(rt_mailbox.o)
    0x08001a8c   0x00000014   Code   RO          410    i.main              main.o
    0x08001aa0   0x00000018   Code   RO         1838    i.osDelay           RTX_CM3.lib(rt_cmsis.o)
    0x08001ab8   0x00000024   Code   RO         1839    i.osKernelInitialize  RTX_CM3.lib(rt_cmsis.o)
    0x08001adc   0x0000006c   Code   RO         1841    i.osKernelStart     RTX_CM3.lib(rt_cmsis.o)
    0x08001b48   0x00000018   Code   RO         1850    i.osMessageGet      RTX_CM3.lib(rt_cmsis.o)
    0x08001b60   0x0000002c   Code   RO         1867    i.osThreadCreate    RTX_CM3.lib(rt_cmsis.o)
    0x08001b8c   0x00000018   Code   RO         1868    i.osThreadExit      RTX_CM3.lib(rt_cmsis.o)
    0x08001ba4   0x0000000c   Code   RO         1874    i.osTimerCall       RTX_CM3.lib(rt_cmsis.o)
    0x08001bb0   0x0000002c   Code   RO         1879    i.osTimerThread     RTX_CM3.lib(rt_cmsis.o)
    0x08001bdc   0x00000022   Code   RO          718    i.os_error          rtx_conf_cm.o
    0x08001bfe   0x00000004   Code   RO          719    i.os_idle_demon     rtx_conf_cm.o
    0x08001c02   0x00000002   PAD
    0x08001c04   0x00000028   Code   RO         2572    i.os_tick_init      RTX_CM3.lib(rt_system.o)
    0x08001c2c   0x00000002   Code   RO         2573    i.os_tick_irqack    RTX_CM3.lib(rt_system.o)
    0x08001c2e   0x00000002   PAD
    0x08001c30   0x0000042e   Code   RO            6    i.pass11            app.o
    0x0800205e   0x0000001a   Code   RO         2926    i.rt_alloc_box      RTX_CM3.lib(rt_membox.o)
    0x08002078   0x0000003e   Code   RO         2954    i.rt_alloc_mem      RTX_CM3.lib(rt_memory.o)
    0x080020b6   0x00000002   PAD
    0x080020b8   0x00000038   Code   RO         2453    i.rt_block          RTX_CM3.lib(rt_task.o)
    0x080020f0   0x00000048   Code   RO         2903    i.rt_chk_robin      RTX_CM3.lib(rt_robin.o)
    0x08002138   0x00000070   Code   RO         2704    i.rt_dec_dly        RTX_CM3.lib(rt_list.o)
    0x080021a8   0x00000044   Code   RO         2454    i.rt_dispatch       RTX_CM3.lib(rt_task.o)
    0x080021ec   0x00000006   Code   RO         2870    i.rt_dly_wait       RTX_CM3.lib(rt_time.o)
    0x080021f2   0x00000002   PAD
    0x080021f4   0x00000050   Code   RO         2665    i.rt_evt_psh        RTX_CM3.lib(rt_event.o)
    0x08002244   0x0000002c   Code   RO         2927    i.rt_free_box       RTX_CM3.lib(rt_membox.o)
    0x08002270   0x00000028   Code   RO         2955    i.rt_free_mem       RTX_CM3.lib(rt_memory.o)
    0x08002298   0x00000028   Code   RO         2705    i.rt_get_first      RTX_CM3.lib(rt_list.o)
    0x080022c0   0x00000008   Code   RO         1884    i.rt_id2obj         RTX_CM3.lib(rt_cmsis.o)
    0x080022c8   0x00000048   Code   RO         2455    i.rt_init_context   RTX_CM3.lib(rt_task.o)
    0x08002310   0x0000001a   Code   RO         2956    i.rt_init_mem       RTX_CM3.lib(rt_memory.o)
    0x0800232a   0x00000002   PAD
    0x0800232c   0x00000018   Code   RO         2904    i.rt_init_robin     RTX_CM3.lib(rt_robin.o)
    0x08002344   0x00000080   Code   RO         2981    i.rt_init_stack     RTX_CM3.lib(hal_cm.o)
    0x080023c4   0x00000008   Code   RO         2782    i.rt_mbx_check      RTX_CM3.lib(rt_mailbox.o)
    0x080023cc   0x0000001a   Code   RO         2783    i.rt_mbx_init       RTX_CM3.lib(rt_mailbox.o)
    0x080023e6   0x00000002   PAD
    0x080023e8   0x000000f0   Code   RO         2784    i.rt_mbx_psh        RTX_CM3.lib(rt_mailbox.o)
    0x080024d8   0x000000b4   Code   RO         2786    i.rt_mbx_wait       RTX_CM3.lib(rt_mailbox.o)
    0x0800258c   0x00000044   Code   RO         1885    i.rt_ms2tick        RTX_CM3.lib(rt_cmsis.o)
    0x080025d0   0x000000d8   Code   RO         2539    i.rt_mut_release    RTX_CM3.lib(rt_mutex.o)
    0x080026a8   0x00000078   Code   RO         2540    i.rt_mut_wait       RTX_CM3.lib(rt_mutex.o)
    0x08002720   0x0000007c   Code   RO         2576    i.rt_pop_req        RTX_CM3.lib(rt_system.o)
    0x0800279c   0x00000020   Code   RO         2577    i.rt_psh_req        RTX_CM3.lib(rt_system.o)
    0x080027bc   0x0000005c   Code   RO         2707    i.rt_psq_enq        RTX_CM3.lib(rt_list.o)
    0x08002818   0x00000048   Code   RO         2708    i.rt_put_dly        RTX_CM3.lib(rt_list.o)
    0x08002860   0x00000036   Code   RO         2709    i.rt_put_prio       RTX_CM3.lib(rt_list.o)
    0x08002896   0x00000002   PAD
    0x08002898   0x00000014   Code   RO         2710    i.rt_put_rdy_first  RTX_CM3.lib(rt_list.o)
    0x080028ac   0x00000034   Code   RO         2711    i.rt_resort_prio    RTX_CM3.lib(rt_list.o)
    0x080028e0   0x00000006   Code   RO         2982    i.rt_ret_val        RTX_CM3.lib(hal_cm.o)
    0x080028e6   0x00000008   Code   RO         2983    i.rt_ret_val2       RTX_CM3.lib(hal_cm.o)
    0x080028ee   0x00000028   Code   RO         2712    i.rt_rmv_dly        RTX_CM3.lib(rt_list.o)
    0x08002916   0x00000002   PAD
    0x08002918   0x00000030   Code   RO         2713    i.rt_rmv_list       RTX_CM3.lib(rt_list.o)
    0x08002948   0x00000034   Code   RO         2831    i.rt_sem_psh        RTX_CM3.lib(rt_semaphore.o)
    0x0800297c   0x00000024   Code   RO         2579    i.rt_stk_check      RTX_CM3.lib(rt_system.o)
    0x080029a0   0x00000028   Code   RO         2456    i.rt_switch_req     RTX_CM3.lib(rt_task.o)
    0x080029c8   0x000000cc   Code   RO         2457    i.rt_sys_init       RTX_CM3.lib(rt_task.o)
    0x08002a94   0x00000078   Code   RO         2458    i.rt_sys_start      RTX_CM3.lib(rt_task.o)
    0x08002b0c   0x00000040   Code   RO         2581    i.rt_systick        RTX_CM3.lib(rt_system.o)
    0x08002b4c   0x00000012   Code   RO         1886    i.rt_tid2ptcb       RTX_CM3.lib(rt_cmsis.o)
    0x08002b5e   0x00000002   PAD
    0x08002b60   0x00000034   Code   RO         1887    i.rt_timer_insert   RTX_CM3.lib(rt_cmsis.o)
    0x08002b94   0x00000088   Code   RO         2459    i.rt_tsk_create     RTX_CM3.lib(rt_task.o)
    0x08002c1c   0x0000017c   Code   RO         2460    i.rt_tsk_delete     RTX_CM3.lib(rt_task.o)
    0x08002d98   0x0000007c   Code   RO         2462    i.rt_tsk_prio       RTX_CM3.lib(rt_task.o)
    0x08002e14   0x00000010   Code   RO         2463    i.rt_tsk_self       RTX_CM3.lib(rt_task.o)
    0x08002e24   0x00000012   Code   RO         1889    i.svcDelay          RTX_CM3.lib(rt_cmsis.o)
    0x08002e36   0x00000002   PAD
    0x08002e38   0x00000070   Code   RO         1890    i.svcKernelInitialize  RTX_CM3.lib(rt_cmsis.o)
    0x08002ea8   0x00000048   Code   RO         1892    i.svcKernelStart    RTX_CM3.lib(rt_cmsis.o)
    0x08002ef0   0x00000024   Code   RO         1895    i.svcMessageCreate  RTX_CM3.lib(rt_cmsis.o)
    0x08002f14   0x0000003a   Code   RO         1896    i.svcMessageGet     RTX_CM3.lib(rt_cmsis.o)
    0x08002f4e   0x00000002   PAD
    0x08002f50   0x0000006c   Code   RO         1910    i.svcThreadCreate   RTX_CM3.lib(rt_cmsis.o)
    0x08002fbc   0x0000001c   Code   RO         1911    i.svcThreadGetId    RTX_CM3.lib(rt_cmsis.o)
    0x08002fd8   0x00000038   Code   RO         1914    i.svcThreadTerminate  RTX_CM3.lib(rt_cmsis.o)
    0x08003010   0x00000018   Code   RO         1916    i.svcTimerCall      RTX_CM3.lib(rt_cmsis.o)
    0x08003028   0x0000005c   Code   RO         1925    i.sysTimerTick      RTX_CM3.lib(rt_cmsis.o)
    0x08003084   0x00000050   Data   RO          143    .constdata          common.o
    0x080030d4   0x00000080   Data   RO          331    .constdata          led_nightmare.o
    0x08003154   0x00000044   Data   RO          633    .constdata          thread.o
    0x08003198   0x00000068   Data   RO          721    .constdata          rtx_conf_cm.o
    0x08003200   0x00000020   Data   RO         3213    Region$$Table       anon$$obj.o


    Execution Region RW_IRAM1 (Base: 0x20000000, Size: 0x00001978, Max: 0x00010000, ABSOLUTE, COMPRESSED[0x000002c0])

    Base Addr    Size         Type   Attr      Idx    E Section Name        Object

    0x20000000   0x00000002   Data   RW            9    .data               app.o
    0x20000002   0x00000337   Data   RW          208    .data               mp230_nightmare.o
    0x20000339   0x00000003   PAD
    0x2000033c   0x00000330   Data   RW          473    .data               buttons_nightmare.o
    0x2000066c   0x00000002   Data   RW          634    .data               thread.o
    0x2000066e   0x00000002   PAD
    0x20000670   0x00000014   Data   RW          722    .data               rtx_conf_cm.o
    0x20000684   0x00000010   Data   RW          811    .data               can_stm32f10x.o
    0x20000694   0x00000014   Data   RW         1264    .data               stm32f10x_rcc.o
    0x200006a8   0x00000008   Data   RW         1928    .data               RTX_CM3.lib(rt_cmsis.o)
    0x200006b0   0x00000008   Data   RW         2465    .data               RTX_CM3.lib(rt_task.o)
    0x200006b8   0x00000008   Data   RW         2584    .data               RTX_CM3.lib(rt_system.o)
    0x200006c0   0x00000004   Data   RW         2874    .data               RTX_CM3.lib(rt_time.o)
    0x200006c4   0x00000008   Data   RW         2905    .data               RTX_CM3.lib(rt_robin.o)
    0x200006cc   0x00000001   Data   RW         2984    .data               RTX_CM3.lib(hal_cm.o)
    0x200006cd   0x00000003   PAD
    0x200006d0   0x00000014   Zero   RW            8    .bss                app.o
    0x200006e4   0x00000004   PAD
    0x200006e8   0x00000bc8   Zero   RW          720    .bss                rtx_conf_cm.o
    0x200012b0   0x00000034   Zero   RW         2464    .bss                RTX_CM3.lib(rt_task.o)
    0x200012e4   0x00000030   Zero   RW         2714    .bss                RTX_CM3.lib(rt_list.o)
    0x20001314   0x00000060   Zero   RW         3042    .bss                c_w.l(libspace.o)
    0x20001374   0x00000004   PAD
    0x20001378   0x00000200   Zero   RW         1003    HEAP                startup_stm32f10x_hd.o
    0x20001578   0x00000400   Zero   RW         1002    STACK               startup_stm32f10x_hd.o


==============================================================================

Image component sizes


      Code (inc. data)   RO Data    RW Data    ZI Data      Debug   Object Name

      1338         40          0          2         20     249363   app.o
      1156         64          0        816          0      14011   buttons_nightmare.o
       900         60          0         16          0      10379   can_stm32f10x.o
       184         10         80          0          0       1464   common.o
       588         66          0          0          0       2630   gpio_stm32f10x.o
       212         14        128          0          0       6149   led_nightmare.o
        20          0          0          0          0       1143   main.o
        78          4          0        823          0       2152   mp230_nightmare.o
       126         26        104         20       3016       9151   rtx_conf_cm.o
       328         20          0          0          0       1725   spi.o
        64         26        304          0       1536        824   startup_stm32f10x_hd.o
       286          0          0          0          0       3216   stm32f10x_gpio.o
       276         32          0         20          0       4606   stm32f10x_rcc.o
       112          0          0          0          0       4086   stm32f10x_spi.o
       274          6          0          0          0       4232   stm32f10x_usart.o
       328         28          0          0          0       2005   system_stm32f10x.o
       332         44         68          2          0       3543   thread.o

    ----------------------------------------------------------------------
      6610        440        716       1704       4576     320679   Object Totals
         0          0         32          0          0          0   (incl. Generated)
         8          0          0          5          4          0   (incl. Padding)

    ----------------------------------------------------------------------

      Code (inc. data)   RO Data    RW Data    ZI Data      Debug   Library Member Name

       238         24          0          1          0       3312   hal_cm.o
       304         36          0          0          0        768   hal_cm3.o
      1152        144          0          8          0      32862   rt_cmsis.o
        80          4          0          0          0        661   rt_event.o
       530         34          0          0         48       8253   rt_list.o
       554         10          0          0          0       3949   rt_mailbox.o
       140          0          0          0          0       1925   rt_membox.o
       128          0          0          0          0       2307   rt_memory.o
       336         14          0          0          0       1643   rt_mutex.o
        96         22          0          8          0       1158   rt_robin.o
        52          4          0          0          0        573   rt_semaphore.o
       298         52          0          8          0       6223   rt_system.o
      1216        174          0          8         52       9649   rt_task.o
         6          0          0          4          0        652   rt_time.o
         4          4          0          0          0        208   svc_table.o
        90          0          0          0          0          0   __dczerorl2.o
         8          0          0          0          0         68   __main.o
         0          0          0          0          0          0   __rtentry.o
        20          0          0          0          0          0   __rtentry2.o
         6          0          0          0          0          0   __rtentry4.o
        52          8          0          0          0          0   __scatter.o
        28          0          0          0          0          0   __scatter_zi.o
        18          0          0          0          0         80   exit.o
         6          0          0          0          0        152   heapauxi.o
         0          0          0          0          0          0   indicate_semi.o
         2          0          0          0          0          0   libinit.o
         2          0          0          0          0          0   libinit2.o
         2          0          0          0          0          0   libshutdown.o
         2          0          0          0          0          0   libshutdown2.o
         8          4          0          0         96         68   libspace.o
         2          0          0          0          0          0   rtexit.o
        10          0          0          0          0          0   rtexit2.o
        12          4          0          0          0         68   sys_exit.o
        74          0          0          0          0         80   sys_stackheap_outer.o
         2          0          0          0          0         68   use_no_semi.o

    ----------------------------------------------------------------------
      5506        538          0         40        200      74727   Library Totals
        28          0          0          3          4          0   (incl. Padding)

    ----------------------------------------------------------------------

      Code (inc. data)   RO Data    RW Data    ZI Data      Debug   Library Name

      5134        522          0         37        100      74143   RTX_CM3.lib
       344         16          0          0         96        584   c_w.l

    ----------------------------------------------------------------------
      5506        538          0         40        200      74727   Library Totals

    ----------------------------------------------------------------------

==============================================================================


      Code (inc. data)   RO Data    RW Data    ZI Data      Debug   

     12116        978        716       1744       4776     388954   Grand Totals
     12116        978        716        704       4776     388954   ELF Image Totals (compressed)
     12116        978        716        704          0          0   ROM Totals

==============================================================================

    Total RO  Size (Code + RO Data)                12832 (  12.53kB)
    Total RW  Size (RW Data + ZI Data)              6520 (   6.37kB)
    Total ROM Size (Code + RO Data + RW Data)      13536 (  13.22kB)

==============================================================================

