Component: ARM Compiler 5.06 update 4 (build 422) Tool: armlink [4d35d2]

==============================================================================

Section Cross References

    can_config.o(i.CAN_Initialize) refers to can_stm32f10x.o(.constdata) for Driver_CAN1
    can_config.o(i.CAN_Initialize) refers to can_config.o(i.CAN_SignalObjectEvent) for CAN_SignalObjectEvent
    can_config.o(i.CAN_Initialize) refers to can_config.o(i.CAN_SignalUnitEvent) for CAN_SignalUnitEvent
    can_config.o(i.CAN_Initialize) refers to can_config.o(.data) for rx_obj_idx
    can_config.o(i.CAN_SignalObjectEvent) refers to can_config.o(.data) for rx_obj_idx
    can_config.o(i.CAN_SignalObjectEvent) refers to can_stm32f10x.o(.constdata) for Driver_CAN1
    can_config.o(i.CAN_Thread) refers to aeabi_memset.o(.text) for __aeabi_memset
    can_config.o(i.CAN_Thread) refers to rt_cmsis.o(i.osDelay) for osDelay
    can_config.o(i.CAN_Thread) refers to can_config.o(.data) for tx_msg_info
    can_config.o(i.CAN_Thread) refers to can_stm32f10x.o(.constdata) for Driver_CAN1
    can_config.o(i.Init_Thread_CAN) refers to can_config.o(i.CAN_Initialize) for CAN_Initialize
    can_config.o(i.Init_Thread_CAN) refers to can_config.o(i.Error_Handler) for Error_Handler
    can_config.o(i.Init_Thread_CAN) refers to rt_cmsis.o(i.osThreadCreate) for osThreadCreate
    can_config.o(i.Init_Thread_CAN) refers to can_config.o(.constdata) for os_thread_def_CAN_Thread
    can_config.o(i.Init_Thread_CAN) refers to can_config.o(.data) for can_thread_id
    can_config.o(.constdata) refers to can_config.o(i.CAN_Thread) for CAN_Thread
    app.o(i.BackgroundMusic_Room1_Done) refers to mp230_nightmare.o(i.SendOneInstructionB2) for SendOneInstructionB2
    app.o(i.InitSTM32F103ZE) refers to rdm6300_nightmare.o(i.RDM6300_Initialize) for RDM6300_Initialize
    app.o(i.InitSTM32F103ZE) refers to buttons_nightmare.o(i.Initialize_Pin_BUTTON) for Initialize_Pin_BUTTON
    app.o(i.InitSTM32F103ZE) refers to led_nightmare.o(i.LED_Initialize) for LED_Initialize
    app.o(i.InitSTM32F103ZE) refers to buttons_nightmare.o(i.Turntable_Buttons_Initialize_high2low) for Turntable_Buttons_Initialize_high2low
    app.o(i.InitSTM32F103ZE) refers to mp230_nightmare.o(i.MP230_Initialize) for MP230_Initialize
    app.o(i.InitSTM32F103ZE) refers to db2204ma.o(i.DB2204MA_Initialize) for DB2204MA_Initialize
    app.o(i.LED_DEL) refers to led_nightmare.o(i.LED_On2) for LED_On2
    app.o(i.LED_DEL) refers to rt_cmsis.o(i.osDelay) for osDelay
    app.o(i.LED_DEL) refers to led_nightmare.o(i.LED_Off) for LED_Off
    app.o(i.LED_DEL) refers to led_nightmare.o(i.LED_Flash2) for LED_Flash2
    app.o(i.LED_DEL2) refers to led_nightmare.o(i.LED_On) for LED_On
    app.o(i.LED_DEL2) refers to rt_cmsis.o(i.osDelay) for osDelay
    app.o(i.LED_DEL2) refers to led_nightmare.o(i.LED_Off) for LED_Off
    app.o(i.LED_DEL2) refers to led_nightmare.o(i.LED_Flash) for LED_Flash
    app.o(i.LogicSTM32F103ZE) refers to app.o(i.RoomALogic1) for RoomALogic1
    app.o(i.Radio_Room1_Done) refers to mp230_nightmare.o(i.SendOneInstructionB2) for SendOneInstructionB2
    app.o(i.RoomALogic1) refers to led_nightmare.o(i.LED_Flash2) for LED_Flash2
    app.o(i.Turntable) refers to led_nightmare.o(i.LED_Flash2) for LED_Flash2
    app.o(i.Turntable) refers to buttons_nightmare.o(i.Turntable_WaitButtonDone_high2low) for Turntable_WaitButtonDone_high2low
    app.o(i.Turntable) refers to led_nightmare.o(i.LED_On) for LED_On
    app.o(i.Turntable) refers to buttons_nightmare.o(i.Turntable_WaitButton_high2low) for Turntable_WaitButton_high2low
    app.o(i.Turntable) refers to led_nightmare.o(i.LED_Off2) for LED_Off2
    app.o(i.Turntable) refers to rt_cmsis.o(i.osDelay) for osDelay
    app.o(i.Turntable) refers to app.o(.data) for n
    app.o(i.Turntable) refers to buttons_nightmare.o(.data) for Turntable_Button_MASK_main
    app.o(i.Turntable2) refers to led_nightmare.o(i.LED_Flash2) for LED_Flash2
    app.o(i.Turntable2) refers to buttons_nightmare.o(i.Turntable_WaitButtonDone_high2low) for Turntable_WaitButtonDone_high2low
    app.o(i.Turntable2) refers to led_nightmare.o(i.LED_On) for LED_On
    app.o(i.Turntable2) refers to buttons_nightmare.o(i.Turntable_WaitButton_high2low) for Turntable_WaitButton_high2low
    app.o(i.Turntable2) refers to led_nightmare.o(i.LED_Off2) for LED_Off2
    app.o(i.Turntable2) refers to rt_cmsis.o(i.osDelay) for osDelay
    app.o(i.Turntable2) refers to app.o(.data) for m
    app.o(i.Turntable2) refers to buttons_nightmare.o(.data) for Turntable_Button_MASK_main
    app.o(i.func10) refers to led_nightmare.o(i.LED_On) for LED_On
    app.o(i.func10) refers to led_nightmare.o(i.LED_Off) for LED_Off
    app.o(i.func10) refers to rt_cmsis.o(i.osDelay) for osDelay
    app.o(i.func10) refers to buttons_nightmare.o(.data) for flag_button4
    app.o(i.func11) refers to led_nightmare.o(i.LED_On) for LED_On
[...]
    ..\rt_List.c                             0x00000000   Number         0  rt_list.o ABSOLUTE
    ..\rt_Mailbox.c                          0x00000000   Number         0  rt_mailbox.o ABSOLUTE
    ..\rt_MemBox.c                           0x00000000   Number         0  rt_membox.o ABSOLUTE
    ..\rt_Memory.c                           0x00000000   Number         0  rt_memory.o ABSOLUTE
    ..\rt_Mutex.c                            0x00000000   Number         0  rt_mutex.o ABSOLUTE
    ..\rt_Robin.c                            0x00000000   Number         0  rt_robin.o ABSOLUTE
    ..\rt_Semaphore.c                        0x00000000   Number         0  rt_semaphore.o ABSOLUTE
    ..\rt_System.c                           0x00000000   Number         0  rt_system.o ABSOLUTE
    ..\rt_Task.c                             0x00000000   Number         0  rt_task.o ABSOLUTE
    ..\rt_Time.c                             0x00000000   Number         0  rt_time.o ABSOLUTE
    HAL_CM3.c                                0x00000000   Number         0  hal_cm3.o ABSOLUTE
    HAL_CM3.c                                0x00000000   Number         0  hal_cm3.o ABSOLUTE
    RTE\CMSIS\RTX_Conf_CM.c                  0x00000000   Number         0  rtx_conf_cm.o ABSOLUTE
    RTE\Device\STM32F103ZE\startup_stm32f10x_hd.s 0x00000000   Number         0  startup_stm32f10x_hd.o ABSOLUTE
    RTE\Device\STM32F103ZE\system_stm32f10x.c 0x00000000   Number         0  system_stm32f10x.o ABSOLUTE
    RTE\\CMSIS\\RTX_Conf_CM.c                0x00000000   Number         0  rtx_conf_cm.o ABSOLUTE
    RTE\\Device\\STM32F103ZE\\system_stm32f10x.c 0x00000000   Number         0  system_stm32f10x.o ABSOLUTE
    SVC_Table.s                              0x00000000   Number         0  svc_table.o ABSOLUTE
    common\CAN_Config.c                      0x00000000   Number         0  can_config.o ABSOLUTE
    common\\CAN_Config.c                     0x00000000   Number         0  can_config.o ABSOLUTE
    common\\app.c                            0x00000000   Number         0  app.o ABSOLUTE
    common\app.c                             0x00000000   Number         0  app.o ABSOLUTE
    common\buttonsConfig.c                   0x00000000   Number         0  buttonsconfig.o ABSOLUTE
    common\card_Config.c                     0x00000000   Number         0  card_config.o ABSOLUTE
    common\ledConfig.c                       0x00000000   Number         0  ledconfig.o ABSOLUTE
    d:\Keil_v5\ARM\PACK\Keil\STM32F1xx_DFP\2.1.0\Device\StdPeriph_Driver\src\misc.c 0x00000000   Number         0  misc.o ABSOLUTE
    d:\Keil_v5\ARM\PACK\Keil\STM32F1xx_DFP\2.1.0\Device\StdPeriph_Driver\src\stm32f10x_gpio.c 0x00000000   Number         0  stm32f10x_gpio.o ABSOLUTE
    d:\Keil_v5\ARM\PACK\Keil\STM32F1xx_DFP\2.1.0\Device\StdPeriph_Driver\src\stm32f10x_rcc.c 0x00000000   Number         0  stm32f10x_rcc.o ABSOLUTE
    d:\Keil_v5\ARM\PACK\Keil\STM32F1xx_DFP\2.1.0\Device\StdPeriph_Driver\src\stm32f10x_tim.c 0x00000000   Number         0  stm32f10x_tim.o ABSOLUTE
    d:\Keil_v5\ARM\PACK\Keil\STM32F1xx_DFP\2.1.0\Device\StdPeriph_Driver\src\stm32f10x_usart.c 0x00000000   Number         0  stm32f10x_usart.o ABSOLUTE
    d:\Keil_v5\ARM\PACK\Keil\STM32F1xx_DFP\2.1.0\RTE_Driver\CAN_STM32F10x.c 0x00000000   Number         0  can_stm32f10x.o ABSOLUTE
    d:\Keil_v5\ARM\PACK\Keil\STM32F1xx_DFP\2.1.0\RTE_Driver\GPIO_STM32F10x.c 0x00000000   Number         0  gpio_stm32f10x.o ABSOLUTE
    d:\\Keil_v5\\ARM\\PACK\\Keil\\STM32F1xx_DFP\\2.1.0\\Device\\StdPeriph_Driver\\src\\misc.c 0x00000000   Number         0  misc.o ABSOLUTE
    d:\\Keil_v5\\ARM\\PACK\\Keil\\STM32F1xx_DFP\\2.1.0\\Device\\StdPeriph_Driver\\src\\stm32f10x_gpio.c 0x00000000   Number         0  stm32f10x_gpio.o ABSOLUTE
    d:\\Keil_v5\\ARM\\PACK\\Keil\\STM32F1xx_DFP\\2.1.0\\Device\\StdPeriph_Driver\\src\\stm32f10x_rcc.c 0x00000000   Number         0  stm32f10x_rcc.o ABSOLUTE
    d:\\Keil_v5\\ARM\\PACK\\Keil\\STM32F1xx_DFP\\2.1.0\\Device\\StdPeriph_Driver\\src\\stm32f10x_tim.c 0x00000000   Number         0  stm32f10x_tim.o ABSOLUTE
    d:\\Keil_v5\\ARM\\PACK\\Keil\\STM32F1xx_DFP\\2.1.0\\Device\\StdPeriph_Driver\\src\\stm32f10x_usart.c 0x00000000   Number         0  stm32f10x_usart.o ABSOLUTE
    d:\\Keil_v5\\ARM\\PACK\\Keil\\STM32F1xx_DFP\\2.1.0\\RTE_Driver\\CAN_STM32F10x.c 0x00000000   Number         0  can_stm32f10x.o ABSOLUTE
    d:\\Keil_v5\\ARM\\PACK\\Keil\\STM32F1xx_DFP\\2.1.0\\RTE_Driver\\GPIO_STM32F10x.c 0x00000000   Number         0  gpio_stm32f10x.o ABSOLUTE
    dc.s                                     0x00000000   Number         0  dc.o ABSOLUTE
    RESET                                    0x08000000   Section      304  startup_stm32f10x_hd.o(RESET)
    !!!main                                  0x08000130   Section        8  __main.o(!!!main)
    !!!scatter                               0x08000138   Section       52  __scatter.o(!!!scatter)
    !!handler_copy                           0x0800016c   Section       26  __scatter_copy.o(!!handler_copy)
    !!handler_zi                             0x08000188   Section       28  __scatter_zi.o(!!handler_zi)
    .ARM.Collect$$libinit$$00000000          0x080001a4   Section        2  libinit.o(.ARM.Collect$$libinit$$00000000)
    .ARM.Collect$$libinit$$00000002          0x080001a6   Section        0  libinit2.o(.ARM.Collect$$libinit$$00000002)
    .ARM.Collect$$libinit$$00000004          0x080001a6   Section        0  libinit2.o(.ARM.Collect$$libinit$$00000004)
    .ARM.Collect$$libinit$$0000000A          0x080001a6   Section        0  libinit2.o(.ARM.Collect$$libinit$$0000000A)
    .ARM.Collect$$libinit$$0000000C          0x080001a6   Section        0  libinit2.o(.ARM.Collect$$libinit$$0000000C)
    .ARM.Collect$$libinit$$0000000E          0x080001a6   Section        0  libinit2.o(.ARM.Collect$$libinit$$0000000E)
    .ARM.Collect$$libinit$$00000011          0x080001a6   Section        0  libinit2.o(.ARM.Collect$$libinit$$00000011)
    .ARM.Collect$$libinit$$00000013          0x080001a6   Section        0  libinit2.o(.ARM.Collect$$libinit$$00000013)
    .ARM.Collect$$libinit$$00000015          0x080001a6   Section        0  libinit2.o(.ARM.Collect$$libinit$$00000015)
    .ARM.Collect$$libinit$$00000017          0x080001a6   Section        0  libinit2.o(.ARM.Collect$$libinit$$00000017)
    .ARM.Collect$$libinit$$00000019          0x080001a6   Section        0  libinit2.o(.ARM.Collect$$libinit$$00000019)
    .ARM.Collect$$libinit$$0000001B          0x080001a6   Section        0  libinit2.o(.ARM.Collect$$libinit$$0000001B)
    .ARM.Collect$$libinit$$0000001D          0x080001a6   Section        0  libinit2.o(.ARM.Collect$$libinit$$0000001D)
    .ARM.Collect$$libinit$$0000001F          0x080001a6   Section        0  libinit2.o(.ARM.Collect$$libinit$$0000001F)
    .ARM.Collect$$libinit$$00000021          0x080001a6   Section        0  libinit2.o(.ARM.Collect$$libinit$$00000021)
    .ARM.Collect$$libinit$$00000023          0x080001a6   Section        0  libinit2.o(.ARM.Collect$$libinit$$00000023)
    .ARM.Collect$$libinit$$00000025          0x080001a6   Section        0  libinit2.o(.ARM.Collect$$libinit$$00000025)
    .ARM.Collect$$libinit$$0000002C          0x080001a6   Section        0  libinit2.o(.ARM.Collect$$libinit$$0000002C)
    .ARM.Collect$$libinit$$0000002E          0x080001a6   Section        0  libinit2.o(.ARM.Collect$$libinit$$0000002E)
    .ARM.Collect$$libinit$$00000030          0x080001a6   Section        0  libinit2.o(.ARM.Collect$$libinit$$00000030)
    .ARM.Collect$$libinit$$00000032          0x080001a6   Section        0  libinit2.o(.ARM.Collect$$libinit$$00000032)
    .ARM.Collect$$libinit$$00000033          0x080001a6   Section        2  libinit2.o(.ARM.Collect$$libinit$$00000033)
    .ARM.Collect$$libshutdown$$00000000      0x080001a8   Section        2  libshutdown.o(.ARM.Collect$$libshutdown$$00000000)
    .ARM.Collect$$libshutdown$$00000002      0x080001aa   Section        0  libshutdown2.o(.ARM.Collect$$libshutdown$$00000002)
    .ARM.Collect$$libshutdown$$00000004      0x080001aa   Section        0  libshutdown2.o(.ARM.Collect$$libshutdown$$00000004)
    .ARM.Collect$$libshutdown$$00000007      0x080001aa   Section        0  libshutdown2.o(.ARM.Collect$$libshutdown$$00000007)
    .ARM.Collect$$libshutdown$$0000000A      0x080001aa   Section        0  libshutdown2.o(.ARM.Collect$$libshutdown$$0000000A)
    .ARM.Collect$$libshutdown$$0000000C      0x080001aa   Section        0  libshutdown2.o(.ARM.Collect$$libshutdown$$0000000C)
    .ARM.Collect$$libshutdown$$0000000F      0x080001aa   Section        0  libshutdown2.o(.ARM.Collect$$libshutdown$$0000000F)
    .ARM.Collect$$libshutdown$$00000010      0x080001aa   Section        2  libshutdown2.o(.ARM.Collect$$libshutdown$$00000010)
    .ARM.Collect$$rtentry$$00000000          0x080001ac   Section        0  __rtentry.o(.ARM.Collect$$rtentry$$00000000)
    .ARM.Collect$$rtentry$$00000002          0x080001ac   Section        0  __rtentry2.o(.ARM.Collect$$rtentry$$00000002)
    .ARM.Collect$$rtentry$$00000004          0x080001ac   Section        6  __rtentry4.o(.ARM.Collect$$rtentry$$00000004)
    .ARM.Collect$$rtentry$$00000009          0x080001b2   Section        0  __rtentry2.o(.ARM.Collect$$rtentry$$00000009)
    .ARM.Collect$$rtentry$$0000000A          0x080001b2   Section        4  __rtentry2.o(.ARM.Collect$$rtentry$$0000000A)
    .ARM.Collect$$rtentry$$0000000B          0x080001b6   Section        8  __rtentry2.o(.ARM.Collect$$rtentry$$0000000B)
    .ARM.Collect$$rtentry$$0000000D          0x080001be   Section        8  __rtentry2.o(.ARM.Collect$$rtentry$$0000000D)
    .ARM.Collect$$rtexit$$00000000           0x080001c6   Section        2  rtexit.o(.ARM.Collect$$rtexit$$00000000)
    .ARM.Collect$$rtexit$$00000002           0x080001c8   Section        0  rtexit2.o(.ARM.Collect$$rtexit$$00000002)
    .ARM.Collect$$rtexit$$00000003           0x080001c8   Section        4  rtexit2.o(.ARM.Collect$$rtexit$$00000003)
    .ARM.Collect$$rtexit$$00000004           0x080001cc   Section        6  rtexit2.o(.ARM.Collect$$rtexit$$00000004)
    .emb_text                                0x080001d4   Section       28  rtx_conf_cm.o(.emb_text)
    .emb_text                                0x080001f0   Section      304  hal_cm3.o(.emb_text)
    .text                                    0x08000320   Section       64  startup_stm32f10x_hd.o(.text)
    .text                                    0x08000360   Section        8  libspace.o(.text)
    .text                                    0x08000368   Section        0  exit.o(.text)
    .text                                    0x0800037a   Section        0  heapauxi.o(.text)
    .text                                    0x08000380   Section        0  sys_exit.o(.text)
    .text                                    0x0800038c   Section       74  sys_stackheap_outer.o(.text)
    .text                                    0x080003d6   Section        2  use_no_semi.o(.text)
    .text                                    0x080003d8   Section        0  indicate_semi.o(.text)
    SVC_TABLE                                0x080003d8   Section        4  svc_table.o(SVC_TABLE)
    i.CAN1_RX1_IRQHandler                    0x080003dc   Section        0  can_stm32f10x.o(i.CAN1_RX1_IRQHandler)
    i.CAN1_SCE_IRQHandler                    0x080004c8   Section        0  can_stm32f10x.o(i.CAN1_SCE_IRQHandler)
    i.DB2204MA_Forward                       0x0800055c   Section        0  db2204ma.o(i.DB2204MA_Forward)
    i.DB2204MA_InitDirection                 0x08000580   Section        0  db2204ma.o(i.DB2204MA_InitDirection)
    i.DB2204MA_Initialize                    0x080005b8   Section        0  db2204ma.o(i.DB2204MA_Initialize)
    i.GPIO_GetPortClockState                 0x08000620   Section        0  gpio_stm32f10x.o(i.GPIO_GetPortClockState)
    i.GPIO_PinConfigure                      0x080006b8   Section        0  gpio_stm32f10x.o(i.GPIO_PinConfigure)
    i.GPIO_PinRemapConfig                    0x08000730   Section        0  stm32f10x_gpio.o(i.GPIO_PinRemapConfig)
    i.GPIO_PortClock                         0x080007c0   Section        0  gpio_stm32f10x.o(i.GPIO_PortClock)
    i.GetState_Pin_BUTTON                    0x080008fc   Section        0  buttons_nightmare.o(i.GetState_Pin_BUTTON)
    i.InitPWM                                0x080009dc   Section        0  db2204ma.o(i.InitPWM)
    i.InitSTM32F103ZE                        0x08000a54   Section        0  app.o(i.InitSTM32F103ZE)
    i.Initialize_Pin_BUTTON                  0x08000ac0   Section        0  buttons_nightmare.o(i.Initialize_Pin_BUTTON)
    i.LED_Flash2                             0x08000b2c   Section        0  led_nightmare.o(i.LED_Flash2)
    i.LED_Initialize                         0x08000b94   Section        0  led_nightmare.o(i.LED_Initialize)
    i.LogicSTM32F103ZE                       0x08000bf0   Section        0  app.o(i.LogicSTM32F103ZE)
    i.MP230_Initialize                       0x08000c0c   Section        0  mp230_nightmare.o(i.MP230_Initialize)
    i.RCC_APB1PeriphClockCmd                 0x08000c1c   Section        0  stm32f10x_rcc.o(i.RCC_APB1PeriphClockCmd)
    i.RCC_APB2PeriphClockCmd                 0x08000c3c   Section        0  stm32f10x_rcc.o(i.RCC_APB2PeriphClockCmd)
    i.RCC_GetClocksFreq                      0x08000c5c   Section        0  stm32f10x_rcc.o(i.RCC_GetClocksFreq)
    i.RDM6300_Initialize                     0x08000d30   Section        0  rdm6300_nightmare.o(i.RDM6300_Initialize)
    i.RoomALogic1                            0x08000d3e   Section        0  app.o(i.RoomALogic1)
    i.SetSysClock                            0x08000d52   Section        0  system_stm32f10x.o(i.SetSysClock)
    SetSysClock                              0x08000d53   Thumb Code     8  system_stm32f10x.o(i.SetSysClock)
    i.SetSysClockTo72                        0x08000d5c   Section        0  system_stm32f10x.o(i.SetSysClockTo72)
    SetSysClockTo72                          0x08000d5d   Thumb Code   214  system_stm32f10x.o(i.SetSysClockTo72)
    i.SystemInit                             0x08000e3c   Section        0  system_stm32f10x.o(i.SystemInit)
    i.TIM_ARRPreloadConfig                   0x08000e9c   Section        0  stm32f10x_tim.o(i.TIM_ARRPreloadConfig)
    i.TIM_OC1Init                            0x08000eb4   Section        0  stm32f10x_tim.o(i.TIM_OC1Init)
    i.TIM_OC1PreloadConfig                   0x08000f4c   Section        0  stm32f10x_tim.o(i.TIM_OC1PreloadConfig)
    i.TIM_TimeBaseInit                       0x08000f60   Section        0  stm32f10x_tim.o(i.TIM_TimeBaseInit)
    i.Thread_Button                          0x08001004   Section        0  buttons_nightmare.o(i.Thread_Button)
    i.Turntable_Buttons_Initialize_high2low  0x080011c0   Section        0  buttons_nightmare.o(i.Turntable_Buttons_Initialize_high2low)
    i.USART_Cmd                              0x080011f8   Section        0  stm32f10x_usart.o(i.USART_Cmd)
    i.USART_Init                             0x08001210   Section        0  stm32f10x_usart.o(i.USART_Init)
    i.USARTx_Initialize                      0x080012e8   Section        0  common.o(i.USARTx_Initialize)
    i.USB_HP_CAN1_TX_IRQHandler              0x080013a0   Section        0  can_stm32f10x.o(i.USB_HP_CAN1_TX_IRQHandler)
    i.USB_LP_CAN1_RX0_IRQHandler             0x080014b8   Section        0  can_stm32f10x.o(i.USB_LP_CAN1_RX0_IRQHandler)
    i.Wait_Pin_BUTTON                        0x080015a4   Section        0  buttons_nightmare.o(i.Wait_Pin_BUTTON)
    i._init_box                              0x080015dc   Section        0  rt_membox.o(i._init_box)
    i._mutex_acquire                         0x08001624   Section        0  rtx_conf_cm.o(i._mutex_acquire)
    __tagsym$$used                           0x08001625   Number         0  rtx_conf_cm.o(i._mutex_acquire)
    i._mutex_release                         0x08001644   Section        0  rtx_conf_cm.o(i._mutex_release)
    __tagsym$$used                           0x08001645   Number         0  rtx_conf_cm.o(i._mutex_release)
    i.dbg_init                               0x08001660   Section        0  hal_cm.o(i.dbg_init)
    i.dbg_task_notify                        0x08001690   Section        0  hal_cm.o(i.dbg_task_notify)
    i.dbg_task_switch                        0x080016b0   Section        0  hal_cm.o(i.dbg_task_switch)
    i.isrMessageGet                          0x080016c0   Section        0  rt_cmsis.o(i.isrMessageGet)
    i.isrMessagePut                          0x080016ea   Section        0  rt_cmsis.o(i.isrMessagePut)
    i.isr_mbx_receive                        0x08001718   Section        0  rt_mailbox.o(i.isr_mbx_receive)
    i.isr_mbx_send                           0x0800176e   Section        0  rt_mailbox.o(i.isr_mbx_send)
    i.main                                   0x0800177c   Section        0  main.o(i.main)
    i.osDelay                                0x08001790   Section        0  rt_cmsis.o(i.osDelay)
    i.osKernelInitialize                     0x080017a8   Section        0  rt_cmsis.o(i.osKernelInitialize)
    i.osKernelStart                          0x080017cc   Section        0  rt_cmsis.o(i.osKernelStart)
    i.osMessageGet                           0x08001838   Section        0  rt_cmsis.o(i.osMessageGet)
    i.osThreadCreate                         0x08001850   Section        0  rt_cmsis.o(i.osThreadCreate)
    i.osThreadExit                           0x0800187c   Section        0  rt_cmsis.o(i.osThreadExit)
    i.osTimerCall                            0x08001894   Section        0  rt_cmsis.o(i.osTimerCall)
    i.osTimerThread                          0x080018a0   Section        0  rt_cmsis.o(i.osTimerThread)
    i.os_error                               0x080018cc   Section        0  rtx_conf_cm.o(i.os_error)
    i.os_idle_demon                          0x080018ee   Section        0  rtx_conf_cm.o(i.os_idle_demon)
    i.os_tick_init                           0x080018f4   Section        0  rt_system.o(i.os_tick_init)
    i.os_tick_irqack                         0x0800191c   Section        0  rt_system.o(i.os_tick_irqack)
    i.rt_alloc_box                           0x0800191e   Section        0  rt_membox.o(i.rt_alloc_box)
    i.rt_alloc_mem                           0x08001938   Section        0  rt_memory.o(i.rt_alloc_mem)
    i.rt_block                               0x08001978   Section        0  rt_task.o(i.rt_block)
    i.rt_chk_robin                           0x080019b0   Section        0  rt_robin.o(i.rt_chk_robin)
    i.rt_dec_dly                             0x080019f8   Section        0  rt_list.o(i.rt_dec_dly)
    i.rt_dispatch                            0x08001a68   Section        0  rt_task.o(i.rt_dispatch)
    i.rt_dly_wait                            0x08001aac   Section        0  rt_time.o(i.rt_dly_wait)
    i.rt_evt_psh                             0x08001ab4   Section        0  rt_event.o(i.rt_evt_psh)
    i.rt_free_box                            0x08001b04   Section        0  rt_membox.o(i.rt_free_box)
    i.rt_free_mem                            0x08001b30   Section        0  rt_memory.o(i.rt_free_mem)
    i.rt_get_first                           0x08001b58   Section        0  rt_list.o(i.rt_get_first)
    i.rt_id2obj                              0x08001b80   Section        0  rt_cmsis.o(i.rt_id2obj)
    rt_id2obj                                0x08001b81   Thumb Code     8  rt_cmsis.o(i.rt_id2obj)
    i.rt_init_context                        0x08001b88   Section        0  rt_task.o(i.rt_init_context)
    rt_init_context                          0x08001b89   Thumb Code    66  rt_task.o(i.rt_init_context)
    i.rt_init_mem                            0x08001bd0   Section        0  rt_memory.o(i.rt_init_mem)
    i.rt_init_robin                          0x08001bec   Section        0  rt_robin.o(i.rt_init_robin)
    i.rt_init_stack                          0x08001c04   Section        0  hal_cm.o(i.rt_init_stack)
    i.rt_mbx_check                           0x08001c84   Section        0  rt_mailbox.o(i.rt_mbx_check)
    i.rt_mbx_init                            0x08001c8c   Section        0  rt_mailbox.o(i.rt_mbx_init)
    i.rt_mbx_psh                             0x08001ca8   Section        0  rt_mailbox.o(i.rt_mbx_psh)
    i.rt_mbx_wait                            0x08001d98   Section        0  rt_mailbox.o(i.rt_mbx_wait)
    i.rt_ms2tick                             0x08001e4c   Section        0  rt_cmsis.o(i.rt_ms2tick)
    rt_ms2tick                               0x08001e4d   Thumb Code    58  rt_cmsis.o(i.rt_ms2tick)
    i.rt_mut_release                         0x08001e90   Section        0  rt_mutex.o(i.rt_mut_release)
    i.rt_mut_wait                            0x08001f68   Section        0  rt_mutex.o(i.rt_mut_wait)
    i.rt_pop_req                             0x08001fe0   Section        0  rt_system.o(i.rt_pop_req)
    i.rt_psh_req                             0x0800205c   Section        0  rt_system.o(i.rt_psh_req)
    i.rt_psq_enq                             0x0800207c   Section        0  rt_list.o(i.rt_psq_enq)
    i.rt_put_dly                             0x080020d8   Section        0  rt_list.o(i.rt_put_dly)
    i.rt_put_prio                            0x08002120   Section        0  rt_list.o(i.rt_put_prio)
    i.rt_put_rdy_first                       0x08002158   Section        0  rt_list.o(i.rt_put_rdy_first)
    i.rt_resort_prio                         0x0800216c   Section        0  rt_list.o(i.rt_resort_prio)
    i.rt_ret_val                             0x080021a0   Section        0  hal_cm.o(i.rt_ret_val)
    i.rt_ret_val2                            0x080021a6   Section        0  hal_cm.o(i.rt_ret_val2)
    i.rt_rmv_dly                             0x080021ae   Section        0  rt_list.o(i.rt_rmv_dly)
    i.rt_rmv_list                            0x080021d8   Section        0  rt_list.o(i.rt_rmv_list)
    i.rt_sem_psh                             0x08002208   Section        0  rt_semaphore.o(i.rt_sem_psh)
    i.rt_stk_check                           0x0800223c   Section        0  rt_system.o(i.rt_stk_check)
    i.rt_switch_req                          0x08002260   Section        0  rt_task.o(i.rt_switch_req)
    i.rt_sys_init                            0x08002288   Section        0  rt_task.o(i.rt_sys_init)
    i.rt_sys_start                           0x08002354   Section        0  rt_task.o(i.rt_sys_start)
    i.rt_systick                             0x080023cc   Section        0  rt_system.o(i.rt_systick)
    i.rt_tid2ptcb                            0x0800240c   Section        0  rt_cmsis.o(i.rt_tid2ptcb)
    rt_tid2ptcb                              0x0800240d   Thumb Code    18  rt_cmsis.o(i.rt_tid2ptcb)
    i.rt_timer_insert                        0x08002420   Section        0  rt_cmsis.o(i.rt_timer_insert)
    rt_timer_insert                          0x08002421   Thumb Code    48  rt_cmsis.o(i.rt_timer_insert)
    i.rt_tsk_create                          0x08002454   Section        0  rt_task.o(i.rt_tsk_create)
    i.rt_tsk_delete                          0x080024dc   Section        0  rt_task.o(i.rt_tsk_delete)
    i.rt_tsk_prio                            0x08002658   Section        0  rt_task.o(i.rt_tsk_prio)
    i.rt_tsk_self                            0x080026d4   Section        0  rt_task.o(i.rt_tsk_self)
    i.svcDelay                               0x080026e4   Section        0  rt_cmsis.o(i.svcDelay)
    i.svcKernelInitialize                    0x080026f8   Section        0  rt_cmsis.o(i.svcKernelInitialize)
    i.svcKernelStart                         0x08002768   Section        0  rt_cmsis.o(i.svcKernelStart)
    i.svcMessageCreate                       0x080027b0   Section        0  rt_cmsis.o(i.svcMessageCreate)
    i.svcMessageGet                          0x080027d4   Section        0  rt_cmsis.o(i.svcMessageGet)
    i.svcThreadCreate                        0x08002810   Section        0  rt_cmsis.o(i.svcThreadCreate)
    i.svcThreadGetId                         0x0800287c   Section        0  rt_cmsis.o(i.svcThreadGetId)
    i.svcThreadTerminate                     0x08002898   Section        0  rt_cmsis.o(i.svcThreadTerminate)
    i.svcTimerCall                           0x080028d0   Section        0  rt_cmsis.o(i.svcTimerCall)
    i.sysTimerTick                           0x080028e8   Section        0  rt_cmsis.o(i.sysTimerTick)
    .constdata                               0x08002944   Section      176  buttons_nightmare.o(.constdata)
    .constdata                               0x080029f4   Section       80  common.o(.constdata)
    .constdata                               0x08002a44   Section       48  led_nightmare.o(.constdata)
    .constdata                               0x08002a74   Section      104  rtx_conf_cm.o(.constdata)
    __tagsym$$used                           0x08002a90   Number         0  rtx_conf_cm.o(.constdata)
    __tagsym$$used                           0x08002a94   Number         0  rtx_conf_cm.o(.constdata)
    __tagsym$$used                           0x08002a98   Number         0  rtx_conf_cm.o(.constdata)
    __tagsym$$used                           0x08002a9c   Number         0  rtx_conf_cm.o(.constdata)
    .data                                    0x20000000   Section      128  buttons_nightmare.o(.data)
    .data                                    0x20000080   Section        1  led_nightmare.o(.data)
    .data                                    0x20000084   Section       20  rtx_conf_cm.o(.data)
    nr_mutex                                 0x20000094   Data           4  rtx_conf_cm.o(.data)
    .data                                    0x20000098   Section       16  can_stm32f10x.o(.data)
    can_driver_powered                       0x20000098   Data           1  can_stm32f10x.o(.data)
    can_driver_initialized                   0x20000099   Data           1  can_stm32f10x.o(.data)
    can_obj_cfg                              0x2000009a   Data           5  can_stm32f10x.o(.data)
    CAN_SignalUnitEvent                      0x200000a0   Data           4  can_stm32f10x.o(.data)
    CAN_SignalObjectEvent                    0x200000a4   Data           4  can_stm32f10x.o(.data)
    .data                                    0x200000a8   Section       20  system_stm32f10x.o(.data)
    .data                                    0x200000bc   Section       20  stm32f10x_rcc.o(.data)
    APBAHBPrescTable                         0x200000bc   Data          16  stm32f10x_rcc.o(.data)
    ADCPrescTable                            0x200000cc   Data           4  stm32f10x_rcc.o(.data)
    .data                                    0x200000d0   Section        8  rt_cmsis.o(.data)
    .data                                    0x200000d8   Section        8  rt_task.o(.data)
    .data                                    0x200000e0   Section        8  rt_system.o(.data)
    os_lock                                  0x200000e0   Data           1  rt_system.o(.data)
    os_psh_flag                              0x200000e1   Data           1  rt_system.o(.data)
    pend_flags                               0x200000e2   Data           1  rt_system.o(.data)
    .data                                    0x200000e8   Section        4  rt_time.o(.data)
    .data                                    0x200000ec   Section        8  rt_robin.o(.data)
    .data                                    0x200000f4   Section        1  hal_cm.o(.data)
    .bss                                     0x200000f8   Section     3016  rtx_conf_cm.o(.bss)
    std_libspace                             0x200009a0   Data         672  rtx_conf_cm.o(.bss)
    std_libmutex                             0x20000c40   Data         128  rtx_conf_cm.o(.bss)
    .bss                                     0x20000cc0   Section       52  rt_task.o(.bss)
    .bss                                     0x20000cf4   Section       48  rt_list.o(.bss)
    .bss                                     0x20000d24   Section       96  libspace.o(.bss)
    HEAP                                     0x20000d88   Section      512  startup_stm32f10x_hd.o(HEAP)
    Heap_Mem                                 0x20000d88   Data         512  startup_stm32f10x_hd.o(HEAP)
    STACK                                    0x20000f88   Section     1024  startup_stm32f10x_hd.o(STACK)
    Stack_Mem                                0x20000f88   Data        1024  startup_stm32f10x_hd.o(STACK)
    __initial_sp                             0x20001388   Data           0  startup_stm32f10x_hd.o(STACK)

    Global Symbols

    Symbol Name                              Value     Ov Type        Size  Object(Section)

    BuildAttributes$$THM_ISAv4$P$D$K$B$S$PE$A:L22UL41UL21$X:L11$S22US41US21$IEEE1$IW$USESV6$~STKCKD$USESV7$~SHL$OSPACE$ROPI$EBA8$UX$STANDARDLIB$REQ8$PRES8$EABIv2 0x00000000   Number         0  anon$$obj.o ABSOLUTE
    __ARM_use_no_argv                        0x00000000   Number         0  main.o ABSOLUTE
    __ARM_exceptions_init                     - Undefined Weak Reference
    __alloca_initialize                       - Undefined Weak Reference
    __arm_preinit_                            - Undefined Weak Reference
    __cpp_initialize__aeabi_                  - Undefined Weak Reference
    __cxa_finalize                            - Undefined Weak Reference
    __rt_locale                               - Undefined Weak Reference
    __sigvec_lookup                           - Undefined Weak Reference
    _atexit_init                              - Undefined Weak Reference
    _call_atexit_fns                          - Undefined Weak Reference
    _clock_init                               - Undefined Weak Reference
    _fp_trap_init                             - Undefined Weak Reference
    _fp_trap_shutdown                         - Undefined Weak Reference
    _get_lc_collate                           - Undefined Weak Reference
    _get_lc_ctype                             - Undefined Weak Reference
    _get_lc_monetary                          - Undefined Weak Reference
    _get_lc_numeric                           - Undefined Weak Reference
    _get_lc_time                              - Undefined Weak Reference
    _getenv_init                              - Undefined Weak Reference
    _handle_redirection                       - Undefined Weak Reference
    _init_alloc                               - Undefined Weak Reference
    _init_user_alloc                          - Undefined Weak Reference
    _initio                                   - Undefined Weak Reference
    _rand_init                                - Undefined Weak Reference
    _signal_finish                            - Undefined Weak Reference
    _signal_init                              - Undefined Weak Reference
    _terminate_alloc                          - Undefined Weak Reference
    _terminate_user_alloc                     - Undefined Weak Reference
    _terminateio                              - Undefined Weak Reference
    __Vectors_Size                           0x00000130   Number         0  startup_stm32f10x_hd.o ABSOLUTE
    __RL_RTX_VER                             0x00000482   Number         0  rt_system.o ABSOLUTE
    __Vectors                                0x08000000   Data           4  startup_stm32f10x_hd.o(RESET)
    __Vectors_End                            0x08000130   Data           0  startup_stm32f10x_hd.o(RESET)
    __main                                   0x08000131   Thumb Code     8  __main.o(!!!main)
    __scatterload                            0x08000139   Thumb Code     0  __scatter.o(!!!scatter)
    __scatterload_rt2                        0x08000139   Thumb Code    44  __scatter.o(!!!scatter)
    __scatterload_rt2_thumb_only             0x08000139   Thumb Code     0  __scatter.o(!!!scatter)
    __scatterload_null                       0x08000147   Thumb Code     0  __scatter.o(!!!scatter)
    __scatterload_copy                       0x0800016d   Thumb Code    26  __scatter_copy.o(!!handler_copy)
    __scatterload_zeroinit                   0x08000189   Thumb Code    28  __scatter_zi.o(!!handler_zi)
    __rt_lib_init                            0x080001a5   Thumb Code     0  libinit.o(.ARM.Collect$$libinit$$00000000)
    __rt_lib_init_alloca_1                   0x080001a7   Thumb Code     0  libinit2.o(.ARM.Collect$$libinit$$0000002E)
    __rt_lib_init_argv_1                     0x080001a7   Thumb Code     0  libinit2.o(.ARM.Collect$$libinit$$0000002C)
    __rt_lib_init_atexit_1                   0x080001a7   Thumb Code     0  libinit2.o(.ARM.Collect$$libinit$$0000001B)
    __rt_lib_init_clock_1                    0x080001a7   Thumb Code     0  libinit2.o(.ARM.Collect$$libinit$$00000021)
    __rt_lib_init_cpp_1                      0x080001a7   Thumb Code     0  libinit2.o(.ARM.Collect$$libinit$$00000032)
    __rt_lib_init_exceptions_1               0x080001a7   Thumb Code     0  libinit2.o(.ARM.Collect$$libinit$$00000030)
    __rt_lib_init_fp_1                       0x080001a7   Thumb Code     0  libinit2.o(.ARM.Collect$$libinit$$00000002)
    __rt_lib_init_fp_trap_1                  0x080001a7   Thumb Code     0  libinit2.o(.ARM.Collect$$libinit$$0000001F)
    __rt_lib_init_getenv_1                   0x080001a7   Thumb Code     0  libinit2.o(.ARM.Collect$$libinit$$00000023)
    __rt_lib_init_heap_1                     0x080001a7   Thumb Code     0  libinit2.o(.ARM.Collect$$libinit$$0000000A)
    __rt_lib_init_lc_collate_1               0x080001a7   Thumb Code     0  libinit2.o(.ARM.Collect$$libinit$$00000011)
    __rt_lib_init_lc_ctype_1                 0x080001a7   Thumb Code     0  libinit2.o(.ARM.Collect$$libinit$$00000013)
    __rt_lib_init_lc_monetary_1              0x080001a7   Thumb Code     0  libinit2.o(.ARM.Collect$$libinit$$00000015)
    __rt_lib_init_lc_numeric_1               0x080001a7   Thumb Code     0  libinit2.o(.ARM.Collect$$libinit$$00000017)
    __rt_lib_init_lc_time_1                  0x080001a7   Thumb Code     0  libinit2.o(.ARM.Collect$$libinit$$00000019)
    __rt_lib_init_preinit_1                  0x080001a7   Thumb Code     0  libinit2.o(.ARM.Collect$$libinit$$00000004)
    __rt_lib_init_rand_1                     0x080001a7   Thumb Code     0  libinit2.o(.ARM.Collect$$libinit$$0000000E)
    __rt_lib_init_return                     0x080001a7   Thumb Code     0  libinit2.o(.ARM.Collect$$libinit$$00000033)
    __rt_lib_init_signal_1                   0x080001a7   Thumb Code     0  libinit2.o(.ARM.Collect$$libinit$$0000001D)
    __rt_lib_init_stdio_1                    0x080001a7   Thumb Code     0  libinit2.o(.ARM.Collect$$libinit$$00000025)
    __rt_lib_init_user_alloc_1               0x080001a7   Thumb Code     0  libinit2.o(.ARM.Collect$$libinit$$0000000C)
    __rt_lib_shutdown                        0x080001a9   Thumb Code     0  libshutdown.o(.ARM.Collect$$libshutdown$$00000000)
    __rt_lib_shutdown_cpp_1                  0x080001ab   Thumb Code     0  libshutdown2.o(.ARM.Collect$$libshutdown$$00000002)
    __rt_lib_shutdown_fp_trap_1              0x080001ab   Thumb Code     0  libshutdown2.o(.ARM.Collect$$libshutdown$$00000007)
    __rt_lib_shutdown_heap_1                 0x080001ab   Thumb Code     0  libshutdown2.o(.ARM.Collect$$libshutdown$$0000000F)
    __rt_lib_shutdown_return                 0x080001ab   Thumb Code     0  libshutdown2.o(.ARM.Collect$$libshutdown$$00000010)
    __rt_lib_shutdown_signal_1               0x080001ab   Thumb Code     0  libshutdown2.o(.ARM.Collect$$libshutdown$$0000000A)
    __rt_lib_shutdown_stdio_1                0x080001ab   Thumb Code     0  libshutdown2.o(.ARM.Collect$$libshutdown$$00000004)
    __rt_lib_shutdown_user_alloc_1           0x080001ab   Thumb Code     0  libshutdown2.o(.ARM.Collect$$libshutdown$$0000000C)
    __rt_entry                               0x080001ad   Thumb Code     0  __rtentry.o(.ARM.Collect$$rtentry$$00000000)
    __rt_entry_presh_1                       0x080001ad   Thumb Code     0  __rtentry2.o(.ARM.Collect$$rtentry$$00000002)
    __rt_entry_sh                            0x080001ad   Thumb Code     0  __rtentry4.o(.ARM.Collect$$rtentry$$00000004)
    __rt_entry_li                            0x080001b3   Thumb Code     0  __rtentry2.o(.ARM.Collect$$rtentry$$0000000A)
    __rt_entry_postsh_1                      0x080001b3   Thumb Code     0  __rtentry2.o(.ARM.Collect$$rtentry$$00000009)
    __rt_entry_postli_1                      0x080001b7   Thumb Code     0  __rtentry2.o(.ARM.Collect$$rtentry$$0000000B)
    __rt_entry_main                          0x080001bf   Thumb Code     0  __rtentry2.o(.ARM.Collect$$rtentry$$0000000D)
    __rt_exit                                0x080001c7   Thumb Code     0  rtexit.o(.ARM.Collect$$rtexit$$00000000)
    __rt_exit_ls                             0x080001c9   Thumb Code     0  rtexit2.o(.ARM.Collect$$rtexit$$00000003)
    __rt_exit_prels_1                        0x080001c9   Thumb Code     0  rtexit2.o(.ARM.Collect$$rtexit$$00000002)
    __rt_exit_exit                           0x080001cd   Thumb Code     0  rtexit2.o(.ARM.Collect$$rtexit$$00000004)
    _platform_post_lib_init                  0x080001d5   Thumb Code    24  rtx_conf_cm.o(.emb_text)
    rt_set_PSP                               0x080001f1   Thumb Code     6  hal_cm3.o(.emb_text)
    rt_get_PSP                               0x080001f7   Thumb Code     6  hal_cm3.o(.emb_text)
    os_set_env                               0x080001fd   Thumb Code    24  hal_cm3.o(.emb_text)
    _alloc_box                               0x08000219   Thumb Code    28  hal_cm3.o(.emb_text)
    _free_box                                0x08000239   Thumb Code    28  hal_cm3.o(.emb_text)
    SVC_Handler                              0x08000259   Thumb Code   108  hal_cm3.o(.emb_text)
    PendSV_Handler                           0x080002d1   Thumb Code    56  hal_cm3.o(.emb_text)
    SysTick_Handler                          0x0800030d   Thumb Code     8  hal_cm3.o(.emb_text)
    OS_Tick_Handler                          0x08000315   Thumb Code    12  hal_cm3.o(.emb_text)
    Reset_Handler                            0x08000321   Thumb Code     8  startup_stm32f10x_hd.o(.text)
    NMI_Handler                              0x08000329   Thumb Code     2  startup_stm32f10x_hd.o(.text)
    HardFault_Handler                        0x0800032b   Thumb Code     2  startup_stm32f10x_hd.o(.text)
    MemManage_Handler                        0x0800032d   Thumb Code     2  startup_stm32f10x_hd.o(.text)
    BusFault_Handler                         0x0800032f   Thumb Code     2  startup_stm32f10x_hd.o(.text)
    UsageFault_Handler                       0x08000331   Thumb Code     2  startup_stm32f10x_hd.o(.text)
    DebugMon_Handler                         0x08000335   Thumb Code     2  startup_stm32f10x_hd.o(.text)
    ADC1_2_IRQHandler                        0x0800033b   Thumb Code     0  startup_stm32f10x_hd.o(.text)
    ADC3_IRQHandler                          0x0800033b   Thumb Code     0  startup_stm32f10x_hd.o(.text)
    DMA1_Channel1_IRQHandler                 0x0800033b   Thumb Code     0  startup_stm32f10x_hd.o(.text)
    DMA1_Channel2_IRQHandler                 0x0800033b   Thumb Code     0  startup_stm32f10x_hd.o(.text)
    DMA1_Channel3_IRQHandler                 0x0800033b   Thumb Code     0  startup_stm32f10x_hd.o(.text)
    DMA1_Channel4_IRQHandler                 0x0800033b   Thumb Code     0  startup_stm32f10x_hd.o(.text)
    DMA1_Channel5_IRQHandler                 0x0800033b   Thumb Code     0  startup_stm32f10x_hd.o(.text)
    DMA1_Channel6_IRQHandler                 0x0800033b   Thumb Code     0  startup_stm32f10x_hd.o(.text)
    DMA1_Channel7_IRQHandler                 0x0800033b   Thumb Code     0  startup_stm32f10x_hd.o(.text)
    DMA2_Channel1_IRQHandler                 0x0800033b   Thumb Code     0  startup_stm32f10x_hd.o(.text)
    DMA2_Channel2_IRQHandler                 0x0800033b   Thumb Code     0  startup_stm32f10x_hd.o(.text)
    DMA2_Channel3_IRQHandler                 0x0800033b   Thumb Code     0  startup_stm32f10x_hd.o(.text)
    DMA2_Channel4_5_IRQHandler               0x0800033b   Thumb Code     0  startup_stm32f10x_hd.o(.text)
    EXTI0_IRQHandler                         0x0800033b   Thumb Code     0  startup_stm32f10x_hd.o(.text)
    EXTI15_10_IRQHandler                     0x0800033b   Thumb Code     0  startup_stm32f10x_hd.o(.text)
    EXTI1_IRQHandler                         0x0800033b   Thumb Code     0  startup_stm32f10x_hd.o(.text)
    EXTI2_IRQHandler                         0x0800033b   Thumb Code     0  startup_stm32f10x_hd.o(.text)
    EXTI3_IRQHandler                         0x0800033b   Thumb Code     0  startup_stm32f10x_hd.o(.text)
    EXTI4_IRQHandler                         0x0800033b   Thumb Code     0  startup_stm32f10x_hd.o(.text)
    EXTI9_5_IRQHandler                       0x0800033b   Thumb Code     0  startup_stm32f10x_hd.o(.text)
    FLASH_IRQHandler                         0x0800033b   Thumb Code     0  startup_stm32f10x_hd.o(.text)
    FSMC_IRQHandler                          0x0800033b   Thumb Code     0  startup_stm32f10x_hd.o(.text)
    I2C1_ER_IRQHandler                       0x0800033b   Thumb Code     0  startup_stm32f10x_hd.o(.text)
    I2C1_EV_IRQHandler                       0x0800033b   Thumb Code     0  startup_stm32f10x_hd.o(.text)
    I2C2_ER_IRQHandler                       0x0800033b   Thumb Code     0  startup_stm32f10x_hd.o(.text)
    I2C2_EV_IRQHandler                       0x0800033b   Thumb Code     0  startup_stm32f10x_hd.o(.text)
    PVD_IRQHandler                           0x0800033b   Thumb Code     0  startup_stm32f10x_hd.o(.text)
    RCC_IRQHandler                           0x0800033b   Thumb Code     0  startup_stm32f10x_hd.o(.text)
    RTCAlarm_IRQHandler                      0x0800033b   Thumb Code     0  startup_stm32f10x_hd.o(.text)
    RTC_IRQHandler                           0x0800033b   Thumb Code     0  startup_stm32f10x_hd.o(.text)
    SDIO_IRQHandler                          0x0800033b   Thumb Code     0  startup_stm32f10x_hd.o(.text)
    SPI1_IRQHandler                          0x0800033b   Thumb Code     0  startup_stm32f10x_hd.o(.text)
    SPI2_IRQHandler                          0x0800033b   Thumb Code     0  startup_stm32f10x_hd.o(.text)
    SPI3_IRQHandler                          0x0800033b   Thumb Code     0  startup_stm32f10x_hd.o(.text)
    TAMPER_IRQHandler                        0x0800033b   Thumb Code     0  startup_stm32f10x_hd.o(.text)
    TIM1_BRK_IRQHandler                      0x0800033b   Thumb Code     0  startup_stm32f10x_hd.o(.text)
    TIM1_CC_IRQHandler                       0x0800033b   Thumb Code     0  startup_stm32f10x_hd.o(.text)
    TIM1_TRG_COM_IRQHandler                  0x0800033b   Thumb Code     0  startup_stm32f10x_hd.o(.text)
    TIM1_UP_IRQHandler                       0x0800033b   Thumb Code     0  startup_stm32f10x_hd.o(.text)
    TIM2_IRQHandler                          0x0800033b   Thumb Code     0  startup_stm32f10x_hd.o(.text)
    TIM3_IRQHandler                          0x0800033b   Thumb Code     0  startup_stm32f10x_hd.o(.text)
    TIM4_IRQHandler                          0x0800033b   Thumb Code     0  startup_stm32f10x_hd.o(.text)
    TIM5_IRQHandler                          0x0800033b   Thumb Code     0  startup_stm32f10x_hd.o(.text)
    TIM6_IRQHandler                          0x0800033b   Thumb Code     0  startup_stm32f10x_hd.o(.text)
    TIM7_IRQHandler                          0x0800033b   Thumb Code     0  startup_stm32f10x_hd.o(.text)
    TIM8_BRK_IRQHandler                      0x0800033b   Thumb Code     0  startup_stm32f10x_hd.o(.text)
    TIM8_CC_IRQHandler                       0x0800033b   Thumb Code     0  startup_stm32f10x_hd.o(.text)
    TIM8_TRG_COM_IRQHandler                  0x0800033b   Thumb Code     0  startup_stm32f10x_hd.o(.text)
    TIM8_UP_IRQHandler                       0x0800033b   Thumb Code     0  startup_stm32f10x_hd.o(.text)
    UART4_IRQHandler                         0x0800033b   Thumb Code     0  startup_stm32f10x_hd.o(.text)
    UART5_IRQHandler                         0x0800033b   Thumb Code     0  startup_stm32f10x_hd.o(.text)
    USART1_IRQHandler                        0x0800033b   Thumb Code     0  startup_stm32f10x_hd.o(.text)
    USART2_IRQHandler                        0x0800033b   Thumb Code     0  startup_stm32f10x_hd.o(.text)
    USART3_IRQHandler                        0x0800033b   Thumb Code     0  startup_stm32f10x_hd.o(.text)
    USBWakeUp_IRQHandler                     0x0800033b   Thumb Code     0  startup_stm32f10x_hd.o(.text)
    WWDG_IRQHandler                          0x0800033b   Thumb Code     0  startup_stm32f10x_hd.o(.text)
    __user_initial_stackheap                 0x0800033d   Thumb Code     0  startup_stm32f10x_hd.o(.text)
    __user_libspace                          0x08000361   Thumb Code     8  libspace.o(.text)
    __user_perproc_libspace                  0x08000361   Thumb Code     0  libspace.o(.text)
    exit                                     0x08000369   Thumb Code    18  exit.o(.text)
    __use_two_region_memory                  0x0800037b   Thumb Code     2  heapauxi.o(.text)
    __rt_heap_escrow$2region                 0x0800037d   Thumb Code     2  heapauxi.o(.text)
    __rt_heap_expand$2region                 0x0800037f   Thumb Code     2  heapauxi.o(.text)
    _sys_exit                                0x08000381   Thumb Code     8  sys_exit.o(.text)
    __user_setup_stackheap                   0x0800038d   Thumb Code    74  sys_stackheap_outer.o(.text)
    __I$use$semihosting                      0x080003d7   Thumb Code     0  use_no_semi.o(.text)
    __use_no_semihosting_swi                 0x080003d7   Thumb Code     2  use_no_semi.o(.text)
    SVC_Count                                0x080003d8   Data           4  svc_table.o(SVC_TABLE)
    __semihosting_library_function           0x080003d9   Thumb Code     0  indicate_semi.o(.text)
    CAN1_RX1_IRQHandler                      0x080003dd   Thumb Code   218  can_stm32f10x.o(i.CAN1_RX1_IRQHandler)
    SVC_Table                                0x080003dc   Data           0  svc_table.o(SVC_TABLE)
    CAN1_SCE_IRQHandler                      0x080004c9   Thumb Code   140  can_stm32f10x.o(i.CAN1_SCE_IRQHandler)
    DB2204MA_Forward                         0x0800055d   Thumb Code    36  db2204ma.o(i.DB2204MA_Forward)
    DB2204MA_InitDirection                   0x08000581   Thumb Code    54  db2204ma.o(i.DB2204MA_InitDirection)
    DB2204MA_Initialize                      0x080005b9   Thumb Code    90  db2204ma.o(i.DB2204MA_Initialize)
    GPIO_GetPortClockState                   0x08000621   Thumb Code   118  gpio_stm32f10x.o(i.GPIO_GetPortClockState)
    GPIO_PinConfigure                        0x080006b9   Thumb Code   120  gpio_stm32f10x.o(i.GPIO_PinConfigure)
    GPIO_PinRemapConfig                      0x08000731   Thumb Code   138  stm32f10x_gpio.o(i.GPIO_PinRemapConfig)
    GPIO_PortClock                           0x080007c1   Thumb Code   284  gpio_stm32f10x.o(i.GPIO_PortClock)
    GetState_Pin_BUTTON                      0x080008fd   Thumb Code   218  buttons_nightmare.o(i.GetState_Pin_BUTTON)
    InitPWM                                  0x080009dd   Thumb Code   116  db2204ma.o(i.InitPWM)
    InitSTM32F103ZE                          0x08000a55   Thumb Code    78  app.o(i.InitSTM32F103ZE)
    Initialize_Pin_BUTTON                    0x08000ac1   Thumb Code   102  buttons_nightmare.o(i.Initialize_Pin_BUTTON)
    LED_Flash2                               0x08000b2d   Thumb Code    96  led_nightmare.o(i.LED_Flash2)
    LED_Initialize                           0x08000b95   Thumb Code    86  led_nightmare.o(i.LED_Initialize)
    LogicSTM32F103ZE                         0x08000bf1   Thumb Code    12  app.o(i.LogicSTM32F103ZE)
    MP230_Initialize                         0x08000c0d   Thumb Code    14  mp230_nightmare.o(i.MP230_Initialize)
    RCC_APB1PeriphClockCmd                   0x08000c1d   Thumb Code    26  stm32f10x_rcc.o(i.RCC_APB1PeriphClockCmd)
    RCC_APB2PeriphClockCmd                   0x08000c3d   Thumb Code    26  stm32f10x_rcc.o(i.RCC_APB2PeriphClockCmd)
    RCC_GetClocksFreq                        0x08000c5d   Thumb Code   192  stm32f10x_rcc.o(i.RCC_GetClocksFreq)
    RDM6300_Initialize                       0x08000d31   Thumb Code    14  rdm6300_nightmare.o(i.RDM6300_Initialize)
    RoomALogic1                              0x08000d3f   Thumb Code    20  app.o(i.RoomALogic1)
    SystemInit                               0x08000e3d   Thumb Code    78  system_stm32f10x.o(i.SystemInit)
    TIM_ARRPreloadConfig                     0x08000e9d   Thumb Code    24  stm32f10x_tim.o(i.TIM_ARRPreloadConfig)
    TIM_OC1Init                              0x08000eb5   Thumb Code   132  stm32f10x_tim.o(i.TIM_OC1Init)
    TIM_OC1PreloadConfig                     0x08000f4d   Thumb Code    18  stm32f10x_tim.o(i.TIM_OC1PreloadConfig)
    TIM_TimeBaseInit                         0x08000f61   Thumb Code   122  stm32f10x_tim.o(i.TIM_TimeBaseInit)
    Thread_Button                            0x08001005   Thumb Code   356  buttons_nightmare.o(i.Thread_Button)
    Turntable_Buttons_Initialize_high2low    0x080011c1   Thumb Code    50  buttons_nightmare.o(i.Turntable_Buttons_Initialize_high2low)
    USART_Cmd                                0x080011f9   Thumb Code    24  stm32f10x_usart.o(i.USART_Cmd)
    USART_Init                               0x08001211   Thumb Code   210  stm32f10x_usart.o(i.USART_Init)
    USARTx_Initialize                        0x080012e9   Thumb Code   174  common.o(i.USARTx_Initialize)
    USB_HP_CAN1_TX_IRQHandler                0x080013a1   Thumb Code   264  can_stm32f10x.o(i.USB_HP_CAN1_TX_IRQHandler)
    USB_LP_CAN1_RX0_IRQHandler               0x080014b9   Thumb Code   218  can_stm32f10x.o(i.USB_LP_CAN1_RX0_IRQHandler)
    Wait_Pin_BUTTON                          0x080015a5   Thumb Code    50  buttons_nightmare.o(i.Wait_Pin_BUTTON)
    _init_box                                0x080015dd   Thumb Code    70  rt_membox.o(i._init_box)
    _mutex_acquire                           0x08001625   Thumb Code    22  rtx_conf_cm.o(i._mutex_acquire)
    _mutex_release                           0x08001645   Thumb Code    18  rtx_conf_cm.o(i._mutex_release)
    dbg_init                                 0x08001661   Thumb Code    34  hal_cm.o(i.dbg_init)
    dbg_task_notify                          0x08001691   Thumb Code    32  hal_cm.o(i.dbg_task_notify)
    dbg_task_switch                          0x080016b1   Thumb Code    16  hal_cm.o(i.dbg_task_switch)
    isrMessageGet                            0x080016c1   Thumb Code    42  rt_cmsis.o(i.isrMessageGet)
    isrMessagePut                            0x080016eb   Thumb Code    44  rt_cmsis.o(i.isrMessagePut)
    isr_mbx_receive                          0x08001719   Thumb Code    86  rt_mailbox.o(i.isr_mbx_receive)
    isr_mbx_send                             0x0800176f   Thumb Code    14  rt_mailbox.o(i.isr_mbx_send)
    main                                     0x0800177d   Thumb Code    20  main.o(i.main)
    osDelay                                  0x08001791   Thumb Code    18  rt_cmsis.o(i.osDelay)
    osKernelInitialize                       0x080017a9   Thumb Code    30  rt_cmsis.o(i.osKernelInitialize)
    osKernelStart                            0x080017cd   Thumb Code    98  rt_cmsis.o(i.osKernelStart)
    osMessageGet                             0x08001839   Thumb Code    18  rt_cmsis.o(i.osMessageGet)
    osThreadCreate                           0x08001851   Thumb Code    36  rt_cmsis.o(i.osThreadCreate)
    osThreadExit                             0x0800187d   Thumb Code    14  rt_cmsis.o(i.osThreadExit)
    osTimerCall                              0x08001895   Thumb Code     8  rt_cmsis.o(i.osTimerCall)
    osTimerThread                            0x080018a1   Thumb Code    38  rt_cmsis.o(i.osTimerThread)
    os_error                                 0x080018cd   Thumb Code    34  rtx_conf_cm.o(i.os_error)
    os_idle_demon                            0x080018ef   Thumb Code     4  rtx_conf_cm.o(i.os_idle_demon)
    os_tick_init                             0x080018f5   Thumb Code    32  rt_system.o(i.os_tick_init)
    os_tick_irqack                           0x0800191d   Thumb Code     2  rt_system.o(i.os_tick_irqack)
    rt_alloc_box                             0x0800191f   Thumb Code    26  rt_membox.o(i.rt_alloc_box)
    rt_alloc_mem                             0x08001939   Thumb Code    62  rt_memory.o(i.rt_alloc_mem)
    rt_block                                 0x08001979   Thumb Code    48  rt_task.o(i.rt_block)
    rt_chk_robin                             0x080019b1   Thumb Code    60  rt_robin.o(i.rt_chk_robin)
    rt_dec_dly                               0x080019f9   Thumb Code   102  rt_list.o(i.rt_dec_dly)
    rt_dispatch                              0x08001a69   Thumb Code    60  rt_task.o(i.rt_dispatch)
    rt_dly_wait                              0x08001aad   Thumb Code     6  rt_time.o(i.rt_dly_wait)
    rt_evt_psh                               0x08001ab5   Thumb Code    76  rt_event.o(i.rt_evt_psh)
    rt_free_box                              0x08001b05   Thumb Code    44  rt_membox.o(i.rt_free_box)
    rt_free_mem                              0x08001b31   Thumb Code    40  rt_memory.o(i.rt_free_mem)
    rt_get_first                             0x08001b59   Thumb Code    40  rt_list.o(i.rt_get_first)
    rt_init_mem                              0x08001bd1   Thumb Code    26  rt_memory.o(i.rt_init_mem)
    rt_init_robin                            0x08001bed   Thumb Code    14  rt_robin.o(i.rt_init_robin)
    rt_init_stack                            0x08001c05   Thumb Code   118  hal_cm.o(i.rt_init_stack)
    rt_mbx_check                             0x08001c85   Thumb Code     8  rt_mailbox.o(i.rt_mbx_check)
    rt_mbx_init                              0x08001c8d   Thumb Code    26  rt_mailbox.o(i.rt_mbx_init)
    rt_mbx_psh                               0x08001ca9   Thumb Code   236  rt_mailbox.o(i.rt_mbx_psh)
    rt_mbx_wait                              0x08001d99   Thumb Code   174  rt_mailbox.o(i.rt_mbx_wait)
    rt_mut_release                           0x08001e91   Thumb Code   208  rt_mutex.o(i.rt_mut_release)
    rt_mut_wait                              0x08001f69   Thumb Code   114  rt_mutex.o(i.rt_mut_wait)
    rt_pop_req                               0x08001fe1   Thumb Code   112  rt_system.o(i.rt_pop_req)
    rt_psh_req                               0x0800205d   Thumb Code    22  rt_system.o(i.rt_psh_req)
    rt_psq_enq                               0x0800207d   Thumb Code    88  rt_list.o(i.rt_psq_enq)
    rt_put_dly                               0x080020d9   Thumb Code    68  rt_list.o(i.rt_put_dly)
    rt_put_prio                              0x08002121   Thumb Code    54  rt_list.o(i.rt_put_prio)
    rt_put_rdy_first                         0x08002159   Thumb Code    14  rt_list.o(i.rt_put_rdy_first)
    rt_resort_prio                           0x0800216d   Thumb Code    46  rt_list.o(i.rt_resort_prio)
    rt_ret_val                               0x080021a1   Thumb Code     6  hal_cm.o(i.rt_ret_val)
    rt_ret_val2                              0x080021a7   Thumb Code     8  hal_cm.o(i.rt_ret_val2)
    rt_rmv_dly                               0x080021af   Thumb Code    40  rt_list.o(i.rt_rmv_dly)
    rt_rmv_list                              0x080021d9   Thumb Code    44  rt_list.o(i.rt_rmv_list)
    rt_sem_psh                               0x08002209   Thumb Code    48  rt_semaphore.o(i.rt_sem_psh)
    rt_stk_check                             0x0800223d   Thumb Code    28  rt_system.o(i.rt_stk_check)
    rt_switch_req                            0x08002261   Thumb Code    30  rt_task.o(i.rt_switch_req)
    rt_sys_init                              0x08002289   Thumb Code   138  rt_task.o(i.rt_sys_init)
    rt_sys_start                             0x08002355   Thumb Code   110  rt_task.o(i.rt_sys_start)
    rt_systick                               0x080023cd   Thumb Code    50  rt_system.o(i.rt_systick)
    rt_tsk_create                            0x08002455   Thumb Code   118  rt_task.o(i.rt_tsk_create)
    rt_tsk_delete                            0x080024dd   Thumb Code   352  rt_task.o(i.rt_tsk_delete)
    rt_tsk_prio                              0x08002659   Thumb Code   108  rt_task.o(i.rt_tsk_prio)
    rt_tsk_self                              0x080026d5   Thumb Code    12  rt_task.o(i.rt_tsk_self)
    svcDelay                                 0x080026e5   Thumb Code    18  rt_cmsis.o(i.svcDelay)
    svcKernelInitialize                      0x080026f9   Thumb Code    80  rt_cmsis.o(i.svcKernelInitialize)
    svcKernelStart                           0x08002769   Thumb Code    62  rt_cmsis.o(i.svcKernelStart)
    svcMessageCreate                         0x080027b1   Thumb Code    36  rt_cmsis.o(i.svcMessageCreate)
    svcMessageGet                            0x080027d5   Thumb Code    58  rt_cmsis.o(i.svcMessageGet)
    svcThreadCreate                          0x08002811   Thumb Code    96  rt_cmsis.o(i.svcThreadCreate)
    svcThreadGetId                           0x0800287d   Thumb Code    22  rt_cmsis.o(i.svcThreadGetId)
    svcThreadTerminate                       0x08002899   Thumb Code    50  rt_cmsis.o(i.svcThreadTerminate)
    svcTimerCall                             0x080028d1   Thumb Code    24  rt_cmsis.o(i.svcTimerCall)
    sysTimerTick                             0x080028e9   Thumb Code    84  rt_cmsis.o(i.sysTimerTick)
    Turntable_Pin_BUTTON_high2low            0x08002944   Data          32  buttons_nightmare.o(.constdata)
    Password_Pin_BUTTON_high2low             0x08002964   Data          64  buttons_nightmare.o(.constdata)
    Password_Pin_BUTTON                      0x080029a4   Data          64  buttons_nightmare.o(.constdata)
    os_thread_def_Thread_Button              0x080029e4   Data          16  buttons_nightmare.o(.constdata)
    Pin_USART_Tx                             0x080029f4   Data          40  common.o(.constdata)
    Pin_USART_Rx                             0x08002a1c   Data          40  common.o(.constdata)
    Pin_LED                                  0x08002a44   Data          48  led_nightmare.o(.constdata)
    os_maxtaskrun                            0x08002a74   Data           2  rtx_conf_cm.o(.constdata)
    os_stackinfo                             0x08002a78   Data           4  rtx_conf_cm.o(.constdata)
    os_rrobin                                0x08002a7c   Data           4  rtx_conf_cm.o(.constdata)
    os_tickfreq                              0x08002a80   Data           4  rtx_conf_cm.o(.constdata)
    os_tickus_i                              0x08002a84   Data           2  rtx_conf_cm.o(.constdata)
    os_tickus_f                              0x08002a86   Data           2  rtx_conf_cm.o(.constdata)
    os_trv                                   0x08002a88   Data           4  rtx_conf_cm.o(.constdata)
    os_flags                                 0x08002a8c   Data           1  rtx_conf_cm.o(.constdata)
    CMSIS_RTOS_API_Version                   0x08002a90   Data           4  rtx_conf_cm.o(.constdata)
    CMSIS_RTOS_RTX_Version                   0x08002a94   Data           4  rtx_conf_cm.o(.constdata)
    os_clockrate                             0x08002a98   Data           4  rtx_conf_cm.o(.constdata)
    os_timernum                              0x08002a9c   Data           4  rtx_conf_cm.o(.constdata)
    mp_tcb_size                              0x08002aa0   Data           2  rtx_conf_cm.o(.constdata)
    mp_stk_size                              0x08002aa4   Data           4  rtx_conf_cm.o(.constdata)
    os_stack_sz                              0x08002aa8   Data           4  rtx_conf_cm.o(.constdata)
    os_fifo_size                             0x08002aac   Data           1  rtx_conf_cm.o(.constdata)
    os_thread_def_osTimerThread              0x08002ab0   Data          16  rtx_conf_cm.o(.constdata)
    os_messageQ_def_osTimerMessageQ          0x08002ac0   Data           8  rtx_conf_cm.o(.constdata)
    mp_tmr_size                              0x08002ac8   Data           2  rtx_conf_cm.o(.constdata)
    os_thread_def_main                       0x08002acc   Data          16  rtx_conf_cm.o(.constdata)
    Region$$Table$$Base                      0x08002adc   Number         0  anon$$obj.o(Region$$Table)
    Region$$Table$$Limit                     0x08002afc   Number         0  anon$$obj.o(Region$$Table)
    flag_button0                             0x20000000   Data           1  buttons_nightmare.o(.data)
    flag_button8                             0x20000001   Data           1  buttons_nightmare.o(.data)
    flag_button9                             0x20000002   Data           1  buttons_nightmare.o(.data)
    flag_button7                             0x20000003   Data           1  buttons_nightmare.o(.data)
    flag_button10                            0x20000004   Data           1  buttons_nightmare.o(.data)
    flag_button16                            0x20000005   Data           1  buttons_nightmare.o(.data)
    flag_button21                            0x20000006   Data           1  buttons_nightmare.o(.data)
    flag_button22                            0x20000007   Data           1  buttons_nightmare.o(.data)
    flag_button23                            0x20000008   Data           1  buttons_nightmare.o(.data)
    flag_button6                             0x20000009   Data           1  buttons_nightmare.o(.data)
    flag_button3                             0x2000000a   Data           1  buttons_nightmare.o(.data)
    flag_button27                            0x2000000b   Data           1  buttons_nightmare.o(.data)
    flag_button1                             0x2000000c   Data           1  buttons_nightmare.o(.data)
    flag_button2                             0x2000000d   Data           1  buttons_nightmare.o(.data)
    flag_button4                             0x2000000e   Data           1  buttons_nightmare.o(.data)
    flag_button26                            0x2000000f   Data           1  buttons_nightmare.o(.data)
    flag_button24                            0x20000010   Data           1  buttons_nightmare.o(.data)
    flag_button20                            0x20000011   Data           1  buttons_nightmare.o(.data)
    flag_button25                            0x20000012   Data           1  buttons_nightmare.o(.data)
    flag_button28                            0x20000013   Data           1  buttons_nightmare.o(.data)
    flag_button12                            0x20000014   Data           1  buttons_nightmare.o(.data)
    flag_button18                            0x20000015   Data           1  buttons_nightmare.o(.data)
    flag_button17                            0x20000016   Data           1  buttons_nightmare.o(.data)
    flag_button11                            0x20000017   Data           1  buttons_nightmare.o(.data)
    Button_MASK_main                         0x20000018   Data           4  buttons_nightmare.o(.data)
    Turntable_Button_MASK_main               0x2000001c   Data           4  buttons_nightmare.o(.data)
    Temp_Button_MASK_main                    0x20000020   Data           4  buttons_nightmare.o(.data)
    Password_Button_MASK_main                0x20000024   Data           4  buttons_nightmare.o(.data)
    tempPassword                             0x20000028   Data           4  buttons_nightmare.o(.data)
    Pin_BUTTON                               0x2000002c   Data          16  buttons_nightmare.o(.data)
    Password_Pin_BUTTON2                     0x2000003c   Data          64  buttons_nightmare.o(.data)
    tid_Thread_Button                        0x2000007c   Data           4  buttons_nightmare.o(.data)
    LED_FLASH                                0x20000080   Data           1  led_nightmare.o(.data)
    osThreadId_osTimerThread                 0x20000084   Data           4  rtx_conf_cm.o(.data)
    osMessageQId_osTimerMessageQ             0x20000088   Data           4  rtx_conf_cm.o(.data)
    os_tmr                                   0x2000008c   Data           4  rtx_conf_cm.o(.data)
    m_tmr                                    0x20000090   Data           4  rtx_conf_cm.o(.data)
    SystemCoreClock                          0x200000a8   Data           4  system_stm32f10x.o(.data)
    AHBPrescTable                            0x200000ac   Data          16  system_stm32f10x.o(.data)
    os_initialized                           0x200000d0   Data           1  rt_cmsis.o(.data)
    os_running                               0x200000d1   Data           1  rt_cmsis.o(.data)
    os_timer_head                            0x200000d4   Data           4  rt_cmsis.o(.data)
    os_tsk                                   0x200000d8   Data           8  rt_task.o(.data)
    os_tick_irqn                             0x200000e4   Data           4  rt_system.o(.data)
    os_time                                  0x200000e8   Data           4  rt_time.o(.data)
    os_robin                                 0x200000ec   Data           8  rt_robin.o(.data)
    dbg_msg                                  0x200000f4   Data           1  hal_cm.o(.data)
    mp_tcb                                   0x200000f8   Data         376  rtx_conf_cm.o(.bss)
    mp_stk                                   0x20000270   Data        1216  rtx_conf_cm.o(.bss)
    os_stack_mem                             0x20000730   Data         432  rtx_conf_cm.o(.bss)
    os_fifo                                  0x200008e0   Data         132  rtx_conf_cm.o(.bss)
    os_active_TCB                            0x20000964   Data          28  rtx_conf_cm.o(.bss)
    os_messageQ_q_osTimerMessageQ            0x20000980   Data          32  rtx_conf_cm.o(.bss)
    os_idle_TCB                              0x20000cc0   Data          52  rt_task.o(.bss)
    os_rdy                                   0x20000cf4   Data          24  rt_list.o(.bss)
    os_dly                                   0x20000d0c   Data          24  rt_list.o(.bss)
    __libspace_start                         0x20000d24   Data          96  libspace.o(.bss)
    __temporary_stack_top$libspace           0x20000d84   Data           0  libspace.o(.bss)



==============================================================================

Memory Map of the image

  Image Entry point : 0x08000131

  Load Region LR_IROM1 (Base: 0x08000000, Size: 0x00002bf4, Max: 0x00080000, ABSOLUTE)

    Execution Region ER_IROM1 (Base: 0x08000000, Size: 0x00002afc, Max: 0x00080000, ABSOLUTE)

    Base Addr    Size         Type   Attr      Idx    E Section Name        Object

    0x08000000   0x00000130   Data   RO         1227    RESET               startup_stm32f10x_hd.o
    0x08000130   0x00000008   Code   RO         3681  * !!!main             c_w.l(__main.o)
    0x08000138   0x00000034   Code   RO         3848    !!!scatter          c_w.l(__scatter.o)
    0x0800016c   0x0000001a   Code   RO         3850    !!handler_copy      c_w.l(__scatter_copy.o)
    0x08000186   0x00000002   PAD
    0x08000188   0x0000001c   Code   RO         3852    !!handler_zi        c_w.l(__scatter_zi.o)
    0x080001a4   0x00000002   Code   RO         3734    .ARM.Collect$$libinit$$00000000  c_w.l(libinit.o)
    0x080001a6   0x00000000   Code   RO         3746    .ARM.Collect$$libinit$$00000002  c_w.l(libinit2.o)
    0x080001a6   0x00000000   Code   RO         3748    .ARM.Collect$$libinit$$00000004  c_w.l(libinit2.o)
    0x080001a6   0x00000000   Code   RO         3751    .ARM.Collect$$libinit$$0000000A  c_w.l(libinit2.o)
    0x080001a6   0x00000000   Code   RO         3753    .ARM.Collect$$libinit$$0000000C  c_w.l(libinit2.o)
    0x080001a6   0x00000000   Code   RO         3755    .ARM.Collect$$libinit$$0000000E  c_w.l(libinit2.o)
    0x080001a6   0x00000000   Code   RO         3758    .ARM.Collect$$libinit$$00000011  c_w.l(libinit2.o)
    0x080001a6   0x00000000   Code   RO         3760    .ARM.Collect$$libinit$$00000013  c_w.l(libinit2.o)
    0x080001a6   0x00000000   Code   RO         3762    .ARM.Collect$$libinit$$00000015  c_w.l(libinit2.o)
    0x080001a6   0x00000000   Code   RO         3764    .ARM.Collect$$libinit$$00000017  c_w.l(libinit2.o)
    0x080001a6   0x00000000   Code   RO         3766    .ARM.Collect$$libinit$$00000019  c_w.l(libinit2.o)
    0x080001a6   0x00000000   Code   RO         3768    .ARM.Collect$$libinit$$0000001B  c_w.l(libinit2.o)
    0x080001a6   0x00000000   Code   RO         3770    .ARM.Collect$$libinit$$0000001D  c_w.l(libinit2.o)
    0x080001a6   0x00000000   Code   RO         3772    .ARM.Collect$$libinit$$0000001F  c_w.l(libinit2.o)
    0x080001a6   0x00000000   Code   RO         3774    .ARM.Collect$$libinit$$00000021  c_w.l(libinit2.o)
    0x080001a6   0x00000000   Code   RO         3776    .ARM.Collect$$libinit$$00000023  c_w.l(libinit2.o)
    0x080001a6   0x00000000   Code   RO         3778    .ARM.Collect$$libinit$$00000025  c_w.l(libinit2.o)
    0x080001a6   0x00000000   Code   RO         3782    .ARM.Collect$$libinit$$0000002C  c_w.l(libinit2.o)
    0x080001a6   0x00000000   Code   RO         3784    .ARM.Collect$$libinit$$0000002E  c_w.l(libinit2.o)
    0x080001a6   0x00000000   Code   RO         3786    .ARM.Collect$$libinit$$00000030  c_w.l(libinit2.o)
    0x080001a6   0x00000000   Code   RO         3788    .ARM.Collect$$libinit$$00000032  c_w.l(libinit2.o)
    0x080001a6   0x00000002   Code   RO         3789    .ARM.Collect$$libinit$$00000033  c_w.l(libinit2.o)
    0x080001a8   0x00000002   Code   RO         3735    .ARM.Collect$$libshutdown$$00000000  c_w.l(libshutdown.o)
    0x080001aa   0x00000000   Code   RO         3791    .ARM.Collect$$libshutdown$$00000002  c_w.l(libshutdown2.o)
    0x080001aa   0x00000000   Code   RO         3793    .ARM.Collect$$libshutdown$$00000004  c_w.l(libshutdown2.o)
    0x080001aa   0x00000000   Code   RO         3796    .ARM.Collect$$libshutdown$$00000007  c_w.l(libshutdown2.o)
    0x080001aa   0x00000000   Code   RO         3799    .ARM.Collect$$libshutdown$$0000000A  c_w.l(libshutdown2.o)
    0x080001aa   0x00000000   Code   RO         3801    .ARM.Collect$$libshutdown$$0000000C  c_w.l(libshutdown2.o)
    0x080001aa   0x00000000   Code   RO         3804    .ARM.Collect$$libshutdown$$0000000F  c_w.l(libshutdown2.o)
    0x080001aa   0x00000002   Code   RO         3805    .ARM.Collect$$libshutdown$$00000010  c_w.l(libshutdown2.o)
    0x080001ac   0x00000000   Code   RO         3683    .ARM.Collect$$rtentry$$00000000  c_w.l(__rtentry.o)
    0x080001ac   0x00000000   Code   RO         3695    .ARM.Collect$$rtentry$$00000002  c_w.l(__rtentry2.o)
    0x080001ac   0x00000006   Code   RO         3707    .ARM.Collect$$rtentry$$00000004  c_w.l(__rtentry4.o)
    0x080001b2   0x00000000   Code   RO         3697    .ARM.Collect$$rtentry$$00000009  c_w.l(__rtentry2.o)
    0x080001b2   0x00000004   Code   RO         3698    .ARM.Collect$$rtentry$$0000000A  c_w.l(__rtentry2.o)
    0x080001b6   0x00000008   Code   RO         3699    .ARM.Collect$$rtentry$$0000000B  c_w.l(__rtentry2.o)
    0x080001be   0x00000008   Code   RO         3701    .ARM.Collect$$rtentry$$0000000D  c_w.l(__rtentry2.o)
    0x080001c6   0x00000002   Code   RO         3684    .ARM.Collect$$rtexit$$00000000  c_w.l(rtexit.o)
    0x080001c8   0x00000000   Code   RO         3710    .ARM.Collect$$rtexit$$00000002  c_w.l(rtexit2.o)
    0x080001c8   0x00000004   Code   RO         3711    .ARM.Collect$$rtexit$$00000003  c_w.l(rtexit2.o)
    0x080001cc   0x00000006   Code   RO         3712    .ARM.Collect$$rtexit$$00000004  c_w.l(rtexit2.o)
    0x080001d2   0x00000002   PAD
    0x080001d4   0x0000001c   Code   RO          942    .emb_text           rtx_conf_cm.o
    0x080001f0   0x00000130   Code   RO         3653    .emb_text           RTX_CM3.lib(hal_cm3.o)
    0x08000320   0x00000040   Code   RO         1228    .text               startup_stm32f10x_hd.o
    0x08000360   0x00000008   Code   RO         3668    .text               c_w.l(libspace.o)
    0x08000368   0x00000012   Code   RO         3673    .text               c_w.l(exit.o)
    0x0800037a   0x00000006   Code   RO         3679    .text               c_w.l(heapauxi.o)
    0x08000380   0x0000000c   Code   RO         3720    .text               c_w.l(sys_exit.o)
    0x0800038c   0x0000004a   Code   RO         3722    .text               c_w.l(sys_stackheap_outer.o)
    0x080003d6   0x00000002   Code   RO         3736    .text               c_w.l(use_no_semi.o)
    0x080003d8   0x00000000   Code   RO         3738    .text               c_w.l(indicate_semi.o)
    0x080003d8   0x00000004   Code   RO         3663    SVC_TABLE           RTX_CM3.lib(svc_table.o)
    0x080003dc   0x000000ec   Code   RO         1012    i.CAN1_RX1_IRQHandler  can_stm32f10x.o
    0x080004c8   0x00000094   Code   RO         1013    i.CAN1_SCE_IRQHandler  can_stm32f10x.o
    0x0800055c   0x00000024   Code   RO          566    i.DB2204MA_Forward  db2204ma.o
    0x08000580   0x00000036   Code   RO          567    i.DB2204MA_InitDirection  db2204ma.o
    0x080005b6   0x00000002   PAD
    0x080005b8   0x00000068   Code   RO          568    i.DB2204MA_Initialize  db2204ma.o
    0x08000620   0x00000098   Code   RO         2420    i.GPIO_GetPortClockState  gpio_stm32f10x.o
    0x080006b8   0x00000078   Code   RO         2421    i.GPIO_PinConfigure  gpio_stm32f10x.o
    0x08000730   0x00000090   Code   RO         1337    i.GPIO_PinRemapConfig  stm32f10x_gpio.o
    0x080007c0   0x0000013c   Code   RO         2422    i.GPIO_PortClock    gpio_stm32f10x.o
    0x080008fc   0x000000e0   Code   RO          402    i.GetState_Pin_BUTTON  buttons_nightmare.o
    0x080009dc   0x00000078   Code   RO          572    i.InitPWM           db2204ma.o
    0x08000a54   0x0000006c   Code   RO          138    i.InitSTM32F103ZE   app.o
    0x08000ac0   0x0000006c   Code   RO          404    i.Initialize_Pin_BUTTON  buttons_nightmare.o
    0x08000b2c   0x00000068   Code   RO          654    i.LED_Flash2        led_nightmare.o
    0x08000b94   0x0000005c   Code   RO          656    i.LED_Initialize    led_nightmare.o
    0x08000bf0   0x0000001c   Code   RO          141    i.LogicSTM32F103ZE  app.o
    0x08000c0c   0x0000000e   Code   RO          828    i.MP230_Initialize  mp230_nightmare.o
    0x08000c1a   0x00000002   PAD
    0x08000c1c   0x00000020   Code   RO         1457    i.RCC_APB1PeriphClockCmd  stm32f10x_rcc.o
    0x08000c3c   0x00000020   Code   RO         1459    i.RCC_APB2PeriphClockCmd  stm32f10x_rcc.o
    0x08000c5c   0x000000d4   Code   RO         1467    i.RCC_GetClocksFreq  stm32f10x_rcc.o
    0x08000d30   0x0000000e   Code   RO          888    i.RDM6300_Initialize  rdm6300_nightmare.o
    0x08000d3e   0x00000014   Code   RO          143    i.RoomALogic1       app.o
    0x08000d52   0x00000008   Code   RO         1235    i.SetSysClock       system_stm32f10x.o
    0x08000d5a   0x00000002   PAD
    0x08000d5c   0x000000e0   Code   RO         1236    i.SetSysClockTo72   system_stm32f10x.o
    0x08000e3c   0x00000060   Code   RO         1238    i.SystemInit        system_stm32f10x.o
    0x08000e9c   0x00000018   Code   RO         1671    i.TIM_ARRPreloadConfig  stm32f10x_tim.o
    0x08000eb4   0x00000098   Code   RO         1712    i.TIM_OC1Init       stm32f10x_tim.o
    0x08000f4c   0x00000012   Code   RO         1715    i.TIM_OC1PreloadConfig  stm32f10x_tim.o
    0x08000f5e   0x00000002   PAD
    0x08000f60   0x000000a4   Code   RO         1754    i.TIM_TimeBaseInit  stm32f10x_tim.o
    0x08001004   0x000001bc   Code   RO          410    i.Thread_Button     buttons_nightmare.o
    0x080011c0   0x00000038   Code   RO          412    i.Turntable_Buttons_Initialize_high2low  buttons_nightmare.o
    0x080011f8   0x00000018   Code   RO         2231    i.USART_Cmd         stm32f10x_usart.o
    0x08001210   0x000000d8   Code   RO         2238    i.USART_Init        stm32f10x_usart.o
    0x080012e8   0x000000b8   Code   RO          531    i.USARTx_Initialize  common.o
    0x080013a0   0x00000118   Code   RO         1034    i.USB_HP_CAN1_TX_IRQHandler  can_stm32f10x.o
    0x080014b8   0x000000ec   Code   RO         1035    i.USB_LP_CAN1_RX0_IRQHandler  can_stm32f10x.o
    0x080015a4   0x00000038   Code   RO          415    i.Wait_Pin_BUTTON   buttons_nightmare.o
    0x080015dc   0x00000046   Code   RO         3552    i._init_box         RTX_CM3.lib(rt_membox.o)
    0x08001622   0x00000002   PAD
    0x08001624   0x00000020   Code   RO          944    i._mutex_acquire    rtx_conf_cm.o
    0x08001644   0x0000001c   Code   RO          946    i._mutex_release    rtx_conf_cm.o
    0x08001660   0x00000030   Code   RO         3605    i.dbg_init          RTX_CM3.lib(hal_cm.o)
    0x08001690   0x00000020   Code   RO         3606    i.dbg_task_notify   RTX_CM3.lib(hal_cm.o)
    0x080016b0   0x00000010   Code   RO         3607    i.dbg_task_switch   RTX_CM3.lib(hal_cm.o)
    0x080016c0   0x0000002a   Code   RO         2461    i.isrMessageGet     RTX_CM3.lib(rt_cmsis.o)
    0x080016ea   0x0000002c   Code   RO         2462    i.isrMessagePut     RTX_CM3.lib(rt_cmsis.o)
    0x08001716   0x00000002   PAD
    0x08001718   0x00000056   Code   RO         3407    i.isr_mbx_receive   RTX_CM3.lib(rt_mailbox.o)
    0x0800176e   0x0000000e   Code   RO         3408    i.isr_mbx_send      RTX_CM3.lib(rt_mailbox.o)
    0x0800177c   0x00000014   Code   RO          797    i.main              main.o
    0x08001790   0x00000018   Code   RO         2465    i.osDelay           RTX_CM3.lib(rt_cmsis.o)
    0x080017a8   0x00000024   Code   RO         2466    i.osKernelInitialize  RTX_CM3.lib(rt_cmsis.o)
    0x080017cc   0x0000006c   Code   RO         2468    i.osKernelStart     RTX_CM3.lib(rt_cmsis.o)
    0x08001838   0x00000018   Code   RO         2477    i.osMessageGet      RTX_CM3.lib(rt_cmsis.o)
    0x08001850   0x0000002c   Code   RO         2494    i.osThreadCreate    RTX_CM3.lib(rt_cmsis.o)
    0x0800187c   0x00000018   Code   RO         2495    i.osThreadExit      RTX_CM3.lib(rt_cmsis.o)
    0x08001894   0x0000000c   Code   RO         2501    i.osTimerCall       RTX_CM3.lib(rt_cmsis.o)
    0x080018a0   0x0000002c   Code   RO         2506    i.osTimerThread     RTX_CM3.lib(rt_cmsis.o)
    0x080018cc   0x00000022   Code   RO          947    i.os_error          rtx_conf_cm.o
    0x080018ee   0x00000004   Code   RO          948    i.os_idle_demon     rtx_conf_cm.o
    0x080018f2   0x00000002   PAD
    0x080018f4   0x00000028   Code   RO         3199    i.os_tick_init      RTX_CM3.lib(rt_system.o)
    0x0800191c   0x00000002   Code   RO         3200    i.os_tick_irqack    RTX_CM3.lib(rt_system.o)
    0x0800191e   0x0000001a   Code   RO         3553    i.rt_alloc_box      RTX_CM3.lib(rt_membox.o)
    0x08001938   0x0000003e   Code   RO         3581    i.rt_alloc_mem      RTX_CM3.lib(rt_memory.o)
    0x08001976   0x00000002   PAD
    0x08001978   0x00000038   Code   RO         3080    i.rt_block          RTX_CM3.lib(rt_task.o)
    0x080019b0   0x00000048   Code   RO         3530    i.rt_chk_robin      RTX_CM3.lib(rt_robin.o)
    0x080019f8   0x00000070   Code   RO         3331    i.rt_dec_dly        RTX_CM3.lib(rt_list.o)
    0x08001a68   0x00000044   Code   RO         3081    i.rt_dispatch       RTX_CM3.lib(rt_task.o)
    0x08001aac   0x00000006   Code   RO         3497    i.rt_dly_wait       RTX_CM3.lib(rt_time.o)
    0x08001ab2   0x00000002   PAD
    0x08001ab4   0x00000050   Code   RO         3292    i.rt_evt_psh        RTX_CM3.lib(rt_event.o)
    0x08001b04   0x0000002c   Code   RO         3554    i.rt_free_box       RTX_CM3.lib(rt_membox.o)
    0x08001b30   0x00000028   Code   RO         3582    i.rt_free_mem       RTX_CM3.lib(rt_memory.o)
    0x08001b58   0x00000028   Code   RO         3332    i.rt_get_first      RTX_CM3.lib(rt_list.o)
    0x08001b80   0x00000008   Code   RO         2511    i.rt_id2obj         RTX_CM3.lib(rt_cmsis.o)
    0x08001b88   0x00000048   Code   RO         3082    i.rt_init_context   RTX_CM3.lib(rt_task.o)
    0x08001bd0   0x0000001a   Code   RO         3583    i.rt_init_mem       RTX_CM3.lib(rt_memory.o)
    0x08001bea   0x00000002   PAD
    0x08001bec   0x00000018   Code   RO         3531    i.rt_init_robin     RTX_CM3.lib(rt_robin.o)
    0x08001c04   0x00000080   Code   RO         3608    i.rt_init_stack     RTX_CM3.lib(hal_cm.o)
    0x08001c84   0x00000008   Code   RO         3409    i.rt_mbx_check      RTX_CM3.lib(rt_mailbox.o)
    0x08001c8c   0x0000001a   Code   RO         3410    i.rt_mbx_init       RTX_CM3.lib(rt_mailbox.o)
    0x08001ca6   0x00000002   PAD
    0x08001ca8   0x000000f0   Code   RO         3411    i.rt_mbx_psh        RTX_CM3.lib(rt_mailbox.o)
    0x08001d98   0x000000b4   Code   RO         3413    i.rt_mbx_wait       RTX_CM3.lib(rt_mailbox.o)
    0x08001e4c   0x00000044   Code   RO         2512    i.rt_ms2tick        RTX_CM3.lib(rt_cmsis.o)
    0x08001e90   0x000000d8   Code   RO         3166    i.rt_mut_release    RTX_CM3.lib(rt_mutex.o)
    0x08001f68   0x00000078   Code   RO         3167    i.rt_mut_wait       RTX_CM3.lib(rt_mutex.o)
    0x08001fe0   0x0000007c   Code   RO         3203    i.rt_pop_req        RTX_CM3.lib(rt_system.o)
    0x0800205c   0x00000020   Code   RO         3204    i.rt_psh_req        RTX_CM3.lib(rt_system.o)
    0x0800207c   0x0000005c   Code   RO         3334    i.rt_psq_enq        RTX_CM3.lib(rt_list.o)
    0x080020d8   0x00000048   Code   RO         3335    i.rt_put_dly        RTX_CM3.lib(rt_list.o)
    0x08002120   0x00000036   Code   RO         3336    i.rt_put_prio       RTX_CM3.lib(rt_list.o)
    0x08002156   0x00000002   PAD
    0x08002158   0x00000014   Code   RO         3337    i.rt_put_rdy_first  RTX_CM3.lib(rt_list.o)
    0x0800216c   0x00000034   Code   RO         3338    i.rt_resort_prio    RTX_CM3.lib(rt_list.o)
    0x080021a0   0x00000006   Code   RO         3609    i.rt_ret_val        RTX_CM3.lib(hal_cm.o)
    0x080021a6   0x00000008   Code   RO         3610    i.rt_ret_val2       RTX_CM3.lib(hal_cm.o)
    0x080021ae   0x00000028   Code   RO         3339    i.rt_rmv_dly        RTX_CM3.lib(rt_list.o)
    0x080021d6   0x00000002   PAD
    0x080021d8   0x00000030   Code   RO         3340    i.rt_rmv_list       RTX_CM3.lib(rt_list.o)
    0x08002208   0x00000034   Code   RO         3458    i.rt_sem_psh        RTX_CM3.lib(rt_semaphore.o)
    0x0800223c   0x00000024   Code   RO         3206    i.rt_stk_check      RTX_CM3.lib(rt_system.o)
    0x08002260   0x00000028   Code   RO         3083    i.rt_switch_req     RTX_CM3.lib(rt_task.o)
    0x08002288   0x000000cc   Code   RO         3084    i.rt_sys_init       RTX_CM3.lib(rt_task.o)
    0x08002354   0x00000078   Code   RO         3085    i.rt_sys_start      RTX_CM3.lib(rt_task.o)
    0x080023cc   0x00000040   Code   RO         3208    i.rt_systick        RTX_CM3.lib(rt_system.o)
    0x0800240c   0x00000012   Code   RO         2513    i.rt_tid2ptcb       RTX_CM3.lib(rt_cmsis.o)
    0x0800241e   0x00000002   PAD
    0x08002420   0x00000034   Code   RO         2514    i.rt_timer_insert   RTX_CM3.lib(rt_cmsis.o)
    0x08002454   0x00000088   Code   RO         3086    i.rt_tsk_create     RTX_CM3.lib(rt_task.o)
    0x080024dc   0x0000017c   Code   RO         3087    i.rt_tsk_delete     RTX_CM3.lib(rt_task.o)
    0x08002658   0x0000007c   Code   RO         3089    i.rt_tsk_prio       RTX_CM3.lib(rt_task.o)
    0x080026d4   0x00000010   Code   RO         3090    i.rt_tsk_self       RTX_CM3.lib(rt_task.o)
    0x080026e4   0x00000012   Code   RO         2516    i.svcDelay          RTX_CM3.lib(rt_cmsis.o)
    0x080026f6   0x00000002   PAD
    0x080026f8   0x00000070   Code   RO         2517    i.svcKernelInitialize  RTX_CM3.lib(rt_cmsis.o)
    0x08002768   0x00000048   Code   RO         2519    i.svcKernelStart    RTX_CM3.lib(rt_cmsis.o)
    0x080027b0   0x00000024   Code   RO         2522    i.svcMessageCreate  RTX_CM3.lib(rt_cmsis.o)
    0x080027d4   0x0000003a   Code   RO         2523    i.svcMessageGet     RTX_CM3.lib(rt_cmsis.o)
    0x0800280e   0x00000002   PAD
    0x08002810   0x0000006c   Code   RO         2537    i.svcThreadCreate   RTX_CM3.lib(rt_cmsis.o)
    0x0800287c   0x0000001c   Code   RO         2538    i.svcThreadGetId    RTX_CM3.lib(rt_cmsis.o)
    0x08002898   0x00000038   Code   RO         2541    i.svcThreadTerminate  RTX_CM3.lib(rt_cmsis.o)
    0x080028d0   0x00000018   Code   RO         2543    i.svcTimerCall      RTX_CM3.lib(rt_cmsis.o)
    0x080028e8   0x0000005c   Code   RO         2552    i.sysTimerTick      RTX_CM3.lib(rt_cmsis.o)
    0x08002944   0x000000b0   Data   RO          419    .constdata          buttons_nightmare.o
    0x080029f4   0x00000050   Data   RO          532    .constdata          common.o
    0x08002a44   0x00000030   Data   RO          663    .constdata          led_nightmare.o
    0x08002a74   0x00000068   Data   RO          950    .constdata          rtx_conf_cm.o
    0x08002adc   0x00000020   Data   RO         3846    Region$$Table       anon$$obj.o


    Execution Region RW_IRAM1 (Base: 0x20000000, Size: 0x00001388, Max: 0x00010000, ABSOLUTE)

    Base Addr    Size         Type   Attr      Idx    E Section Name        Object

    0x20000000   0x00000080   Data   RW          420    .data               buttons_nightmare.o
    0x20000080   0x00000001   Data   RW          664    .data               led_nightmare.o
    0x20000081   0x00000003   PAD
    0x20000084   0x00000014   Data   RW          951    .data               rtx_conf_cm.o
    0x20000098   0x00000010   Data   RW         1040    .data               can_stm32f10x.o
    0x200000a8   0x00000014   Data   RW         1239    .data               system_stm32f10x.o
    0x200000bc   0x00000014   Data   RW         1487    .data               stm32f10x_rcc.o
    0x200000d0   0x00000008   Data   RW         2555    .data               RTX_CM3.lib(rt_cmsis.o)
    0x200000d8   0x00000008   Data   RW         3092    .data               RTX_CM3.lib(rt_task.o)
    0x200000e0   0x00000008   Data   RW         3211    .data               RTX_CM3.lib(rt_system.o)
    0x200000e8   0x00000004   Data   RW         3501    .data               RTX_CM3.lib(rt_time.o)
    0x200000ec   0x00000008   Data   RW         3532    .data               RTX_CM3.lib(rt_robin.o)
    0x200000f4   0x00000001   Data   RW         3611    .data               RTX_CM3.lib(hal_cm.o)
    0x200000f5   0x00000003   PAD
    0x200000f8   0x00000bc8   Zero   RW          949    .bss                rtx_conf_cm.o
    0x20000cc0   0x00000034   Zero   RW         3091    .bss                RTX_CM3.lib(rt_task.o)
    0x20000cf4   0x00000030   Zero   RW         3341    .bss                RTX_CM3.lib(rt_list.o)
    0x20000d24   0x00000060   Zero   RW         3669    .bss                c_w.l(libspace.o)
    0x20000d84   0x00000004   PAD
    0x20000d88   0x00000200   Zero   RW         1226    HEAP                startup_stm32f10x_hd.o
    0x20000f88   0x00000400   Zero   RW         1225    STACK               startup_stm32f10x_hd.o


==============================================================================

Image component sizes


      Code (inc. data)   RO Data    RW Data    ZI Data      Debug   Object Name

       156         46          0          0          0       6761   app.o
       888        112        176        128          0       9359   buttons_nightmare.o
         0          0          0          0          0       1444   buttonsconfig.o
         0          0          0          0          0     251814   can_config.o
       900         60          0         16          0       4495   can_stm32f10x.o
       184         10         80          0          0       1452   common.o
       314         18          0          0          0       6188   db2204ma.o
       588         66          0          0          0       2630   gpio_stm32f10x.o
       196         14         48          1          0       2574   led_nightmare.o
        20          0          0          0          0        443   main.o
        14          0          0          0          0       1016   mp230_nightmare.o
        14          0          0          0          0       1093   rdm6300_nightmare.o
       126         26        104         20       3016       9123   rtx_conf_cm.o
        64         26        304          0       1536        816   startup_stm32f10x_hd.o
       144          6          0          0          0        870   stm32f10x_gpio.o
       276         32          0         20          0       4606   stm32f10x_rcc.o
       358         62          0          0          0       3311   stm32f10x_tim.o
       240          6          0          0          0       2993   stm32f10x_usart.o
       328         28          0         20          0       2273   system_stm32f10x.o

    ----------------------------------------------------------------------
      4820        512        744        208       4552     313261   Object Totals
         0          0         32          0          0          0   (incl. Generated)
        10          0          0          3          0          0   (incl. Padding)

    ----------------------------------------------------------------------

      Code (inc. data)   RO Data    RW Data    ZI Data      Debug   Library Member Name

       238         24          0          1          0       3312   hal_cm.o
       304         36          0          0          0        768   hal_cm3.o
      1152        144          0          8          0      32862   rt_cmsis.o
        80          4          0          0          0        661   rt_event.o
       530         34          0          0         48       8253   rt_list.o
       554         10          0          0          0       3949   rt_mailbox.o
       140          0          0          0          0       1925   rt_membox.o
       128          0          0          0          0       2307   rt_memory.o
       336         14          0          0          0       1643   rt_mutex.o
        96         22          0          8          0       1158   rt_robin.o
        52          4          0          0          0        573   rt_semaphore.o
       298         52          0          8          0       6223   rt_system.o
      1216        174          0          8         52       9649   rt_task.o
         6          0          0          4          0        652   rt_time.o
         4          4          0          0          0        208   svc_table.o
         8          0          0          0          0         68   __main.o
         0          0          0          0          0          0   __rtentry.o
        20          0          0          0          0          0   __rtentry2.o
         6          0          0          0          0          0   __rtentry4.o
        52          8          0          0          0          0   __scatter.o
        26          0          0          0          0          0   __scatter_copy.o
        28          0          0          0          0          0   __scatter_zi.o
        18          0          0          0          0         80   exit.o
         6          0          0          0          0        152   heapauxi.o
         0          0          0          0          0          0   indicate_semi.o
         2          0          0          0          0          0   libinit.o
         2          0          0          0          0          0   libinit2.o
         2          0          0          0          0          0   libshutdown.o
         2          0          0          0          0          0   libshutdown2.o
         8          4          0          0         96         68   libspace.o
         2          0          0          0          0          0   rtexit.o
        10          0          0          0          0          0   rtexit2.o
        12          4          0          0          0         68   sys_exit.o
        74          0          0          0          0         80   sys_stackheap_outer.o
         2          0          0          0          0         68   use_no_semi.o

    ----------------------------------------------------------------------
      5440        538          0         40        200      74727   Library Totals
        26          0          0          3          4          0   (incl. Padding)

    ----------------------------------------------------------------------

      Code (inc. data)   RO Data    RW Data    ZI Data      Debug   Library Name

      5134        522          0         37        100      74143   RTX_CM3.lib
       280         16          0          0         96        584   c_w.l

    ----------------------------------------------------------------------
      5440        538          0         40        200      74727   Library Totals

    ----------------------------------------------------------------------

==============================================================================


      Code (inc. data)   RO Data    RW Data    ZI Data      Debug   

     10260       1050        744        248       4752     382108   Grand Totals
     10260       1050        744        248       4752     382108   ELF Image Totals
     10260       1050        744        248          0          0   ROM Totals

==============================================================================

    Total RO  Size (Code + RO Data)                11004 (  10.75kB)
    Total RW  Size (RW Data + ZI Data)              5000 (   4.88kB)
    Total ROM Size (Code + RO Data + RW Data)      11252 (  10.99kB)

==============================================================================

