Component: ARM Compiler 5.06 update 4 (build 422) Tool: armlink [4d35d2]

==============================================================================

Section Cross References

    app.o(i.GPIO_Configuration) refers to stm32f10x_gpio.o(i.GPIO_Init) for GPIO_Init
    app.o(i.InitSTM32F103ZE) refers to led_nightmare.o(i.LED_Initialize) for LED_Initialize
    app.o(i.InitSTM32F103ZE) refers to buttons_nightmare.o(i.Initialize_Pin_BUTTON) for Initialize_Pin_BUTTON
    app.o(i.InitSTM32F103ZE) refers to me007y50h.o(i.MP230_Initialize) for MP230_Initialize
    app.o(i.InitSTM32F103ZE) refers to app.o(i.Init_Thread) for Init_Thread
    app.o(i.InitSTM32F103ZE) refers to app.o(i.Init_Thread1) for Init_Thread1
    app.o(i.InitSTM32F103ZE) refers to app.o(i.Init_Thread2) for Init_Thread2
    app.o(i.InitSTM32F103ZE) refers to app.o(i.Init_Timers) for Init_Timers
    app.o(i.InitSTM32F103ZE) refers to app.o(i.RCC_Configuration) for RCC_Configuration
    app.o(i.InitSTM32F103ZE) refers to app.o(i.GPIO_Configuration) for GPIO_Configuration
    app.o(i.InitSTM32F103ZE) refers to stm32f10x_dma.o(i.DMA_DeInit) for DMA_DeInit
    app.o(i.InitSTM32F103ZE) refers to stm32f10x_dma.o(i.DMA_Init) for DMA_Init
    app.o(i.InitSTM32F103ZE) refers to stm32f10x_dma.o(i.DMA_Cmd) for DMA_Cmd
    app.o(i.InitSTM32F103ZE) refers to stm32f10x_adc.o(i.ADC_Init) for ADC_Init
    app.o(i.InitSTM32F103ZE) refers to stm32f10x_adc.o(i.ADC_RegularChannelConfig) for ADC_RegularChannelConfig
    app.o(i.InitSTM32F103ZE) refers to stm32f10x_adc.o(i.ADC_DMACmd) for ADC_DMACmd
    app.o(i.InitSTM32F103ZE) refers to stm32f10x_adc.o(i.ADC_Cmd) for ADC_Cmd
    app.o(i.InitSTM32F103ZE) refers to stm32f10x_adc.o(i.ADC_ResetCalibration) for ADC_ResetCalibration
    app.o(i.InitSTM32F103ZE) refers to stm32f10x_adc.o(i.ADC_GetResetCalibrationStatus) for ADC_GetResetCalibrationStatus
    app.o(i.InitSTM32F103ZE) refers to stm32f10x_adc.o(i.ADC_StartCalibration) for ADC_StartCalibration
    app.o(i.InitSTM32F103ZE) refers to stm32f10x_adc.o(i.ADC_GetCalibrationStatus) for ADC_GetCalibrationStatus
    app.o(i.InitSTM32F103ZE) refers to stm32f10x_adc.o(i.ADC_SoftwareStartConvCmd) for ADC_SoftwareStartConvCmd
    app.o(i.InitSTM32F103ZE) refers to app.o(.bss) for DMA_InitStructure
    app.o(i.InitSTM32F103ZE) refers to app.o(.data) for ADCConvertedValue
    app.o(i.Init_Thread) refers to rt_cmsis.o(i.osThreadCreate) for osThreadCreate
    app.o(i.Init_Thread) refers to app.o(.constdata) for os_thread_def_Thread
    app.o(i.Init_Thread) refers to app.o(.data) for tid_Thread
    app.o(i.Init_Thread1) refers to rt_cmsis.o(i.osThreadCreate) for osThreadCreate
    app.o(i.Init_Thread1) refers to app.o(.constdata) for os_thread_def_Thread1
    app.o(i.Init_Thread1) refers to app.o(.data) for tid_Thread1
    app.o(i.Init_Thread2) refers to rt_cmsis.o(i.osThreadCreate) for osThreadCreate
    app.o(i.Init_Thread2) refers to app.o(.constdata) for os_thread_def_Thread2
    app.o(i.Init_Thread2) refers to app.o(.data) for tid_Thread2
    app.o(i.Init_Timers) refers to rt_cmsis.o(i.osTimerCreate) for osTimerCreate
    app.o(i.Init_Timers) refers to rt_cmsis.o(i.osTimerStart) for osTimerStart
    app.o(i.Init_Timers) refers to app.o(.data) for exec2
    app.o(i.Init_Timers) refers to app.o(.constdata) for os_timer_def_Timer2
    app.o(i.LED4_Display) refers to app.o(i.LED_OUT) for LED_OUT
    app.o(i.LED4_Display) refers to stm32f10x_gpio.o(i.GPIO_ResetBits) for GPIO_ResetBits
    app.o(i.LED4_Display) refers to stm32f10x_gpio.o(i.GPIO_SetBits) for GPIO_SetBits
    app.o(i.LED4_Display) refers to app.o(.data) for LED
    app.o(i.LED4_Display1) refers to app.o(i.LED_OUT1) for LED_OUT1
    app.o(i.LED4_Display1) refers to stm32f10x_gpio.o(i.GPIO_ResetBits) for GPIO_ResetBits
    app.o(i.LED4_Display1) refers to stm32f10x_gpio.o(i.GPIO_SetBits) for GPIO_SetBits
    app.o(i.LED4_Display1) refers to app.o(.data) for LED1
    app.o(i.LED4_Display2) refers to app.o(i.LED_OUT2) for LED_OUT2
    app.o(i.LED4_Display2) refers to stm32f10x_gpio.o(i.GPIO_ResetBits) for GPIO_ResetBits
    app.o(i.LED4_Display2) refers to stm32f10x_gpio.o(i.GPIO_SetBits) for GPIO_SetBits
    app.o(i.LED4_Display2) refers to app.o(.data) for LED2
    app.o(i.LED_OUT) refers to stm32f10x_gpio.o(i.GPIO_SetBits) for GPIO_SetBits
    app.o(i.LED_OUT) refers to stm32f10x_gpio.o(i.GPIO_ResetBits) for GPIO_ResetBits
    app.o(i.LED_OUT1) refers to stm32f10x_gpio.o(i.GPIO_SetBits) for GPIO_SetBits
    app.o(i.LED_OUT1) refers to stm32f10x_gpio.o(i.GPIO_ResetBits) for GPIO_ResetBits
    app.o(i.LED_OUT2) refers to stm32f10x_gpio.o(i.GPIO_SetBits) for GPIO_SetBits
    app.o(i.LED_OUT2) refers to stm32f10x_gpio.o(i.GPIO_ResetBits) for GPIO_ResetBits
    app.o(i.LogicSTM32F103ZE) refers to buttons_nightmare.o(i.GetState_Pin_BUTTON2) for GetState_Pin_BUTTON2
    app.o(i.LogicSTM32F103ZE) refers to rt_cmsis.o(i.osThreadYield) for osThreadYield
[...]
    i.ADC_DMACmd                             0x08000522   Section        0  stm32f10x_adc.o(i.ADC_DMACmd)
    i.ADC_GetCalibrationStatus               0x08000538   Section        0  stm32f10x_adc.o(i.ADC_GetCalibrationStatus)
    i.ADC_GetResetCalibrationStatus          0x0800054c   Section        0  stm32f10x_adc.o(i.ADC_GetResetCalibrationStatus)
    i.ADC_Init                               0x08000560   Section        0  stm32f10x_adc.o(i.ADC_Init)
    i.ADC_RegularChannelConfig               0x080005b0   Section        0  stm32f10x_adc.o(i.ADC_RegularChannelConfig)
    i.ADC_ResetCalibration                   0x08000668   Section        0  stm32f10x_adc.o(i.ADC_ResetCalibration)
    i.ADC_SoftwareStartConvCmd               0x08000672   Section        0  stm32f10x_adc.o(i.ADC_SoftwareStartConvCmd)
    i.ADC_StartCalibration                   0x08000688   Section        0  stm32f10x_adc.o(i.ADC_StartCalibration)
    i.DMA_Cmd                                0x08000692   Section        0  stm32f10x_dma.o(i.DMA_Cmd)
    i.DMA_DeInit                             0x080006ac   Section        0  stm32f10x_dma.o(i.DMA_DeInit)
    i.DMA_Init                               0x080007f8   Section        0  stm32f10x_dma.o(i.DMA_Init)
    i.GPIO_Configuration                     0x08000834   Section        0  app.o(i.GPIO_Configuration)
    i.GPIO_GetPortClockState                 0x08000850   Section        0  gpio_stm32f10x.o(i.GPIO_GetPortClockState)
    i.GPIO_Init                              0x080008e8   Section        0  stm32f10x_gpio.o(i.GPIO_Init)
    i.GPIO_PinConfigure                      0x080009fe   Section        0  gpio_stm32f10x.o(i.GPIO_PinConfigure)
    i.GPIO_PortClock                         0x08000a78   Section        0  gpio_stm32f10x.o(i.GPIO_PortClock)
    i.GPIO_ResetBits                         0x08000bb4   Section        0  stm32f10x_gpio.o(i.GPIO_ResetBits)
    i.GPIO_SetBits                           0x08000bb8   Section        0  stm32f10x_gpio.o(i.GPIO_SetBits)
    i.GetState_Pin_BUTTON2                   0x08000bbc   Section        0  buttons_nightmare.o(i.GetState_Pin_BUTTON2)
    i.InitSTM32F103ZE                        0x08000c8c   Section        0  app.o(i.InitSTM32F103ZE)
    i.Init_Thread                            0x08000dc4   Section        0  app.o(i.Init_Thread)
    i.Init_Thread1                           0x08000dec   Section        0  app.o(i.Init_Thread1)
    i.Init_Thread2                           0x08000e14   Section        0  app.o(i.Init_Thread2)
    i.Init_Timers                            0x08000e3c   Section        0  app.o(i.Init_Timers)
    i.Initialize_Pin_BUTTON                  0x08000e78   Section        0  buttons_nightmare.o(i.Initialize_Pin_BUTTON)
    i.LED4_Display                           0x08000eec   Section        0  app.o(i.LED4_Display)
    i.LED4_Display1                          0x08000fb0   Section        0  app.o(i.LED4_Display1)
    i.LED_Initialize                         0x08001088   Section        0  led_nightmare.o(i.LED_Initialize)
    i.LED_OUT                                0x080010e4   Section        0  app.o(i.LED_OUT)
    i.LED_OUT1                               0x08001128   Section        0  app.o(i.LED_OUT1)
    i.LED_On2                                0x08001174   Section        0  led_nightmare.o(i.LED_On2)
    i.LogicSTM32F103ZE                       0x080011bc   Section        0  app.o(i.LogicSTM32F103ZE)
    i.MP230_Initialize                       0x080012e4   Section        0  me007y50h.o(i.MP230_Initialize)
    i.RCC_ADCCLKConfig                       0x080012f4   Section        0  stm32f10x_rcc.o(i.RCC_ADCCLKConfig)
    i.RCC_AHBPeriphClockCmd                  0x0800130c   Section        0  stm32f10x_rcc.o(i.RCC_AHBPeriphClockCmd)
    i.RCC_APB1PeriphClockCmd                 0x0800132c   Section        0  stm32f10x_rcc.o(i.RCC_APB1PeriphClockCmd)
    i.RCC_APB2PeriphClockCmd                 0x0800134c   Section        0  stm32f10x_rcc.o(i.RCC_APB2PeriphClockCmd)
    i.RCC_Configuration                      0x0800136c   Section        0  app.o(i.RCC_Configuration)
    i.RCC_GetClocksFreq                      0x0800138c   Section        0  stm32f10x_rcc.o(i.RCC_GetClocksFreq)
    i.SendInstruction                        0x08001460   Section        0  me007y50h.o(i.SendInstruction)
    i.SendOneInstructionB_music              0x080014dc   Section        0  me007y50h.o(i.SendOneInstructionB_music)
    i.SetSysClock                            0x0800155c   Section        0  system_stm32f10x.o(i.SetSysClock)
    SetSysClock                              0x0800155d   Thumb Code     8  system_stm32f10x.o(i.SetSysClock)
    i.SetSysClockTo72                        0x08001564   Section        0  system_stm32f10x.o(i.SetSysClockTo72)
    SetSysClockTo72                          0x08001565   Thumb Code   214  system_stm32f10x.o(i.SetSysClockTo72)
    i.SystemInit                             0x08001644   Section        0  system_stm32f10x.o(i.SystemInit)
    i.Thread                                 0x080016a4   Section        0  app.o(i.Thread)
    i.Thread1                                0x080016ac   Section        0  app.o(i.Thread1)
    i.Thread2                                0x080016b4   Section        0  app.o(i.Thread2)
    i.Timer2_Callback                        0x08001870   Section        0  app.o(i.Timer2_Callback)
    Timer2_Callback                          0x08001871   Thumb Code   504  app.o(i.Timer2_Callback)
    i.USART_Cmd                              0x08001a8c   Section        0  stm32f10x_usart.o(i.USART_Cmd)
    i.USART_GetFlagStatus                    0x08001aa4   Section        0  stm32f10x_usart.o(i.USART_GetFlagStatus)
    i.USART_Init                             0x08001ac0   Section        0  stm32f10x_usart.o(i.USART_Init)
    i.USART_ReceiveData                      0x08001b98   Section        0  stm32f10x_usart.o(i.USART_ReceiveData)
    i.USART_SendData                         0x08001ba2   Section        0  stm32f10x_usart.o(i.USART_SendData)
    i.USARTx_Initialize                      0x08001bac   Section        0  common.o(i.USARTx_Initialize)
    i._init_box                              0x08001c64   Section        0  rt_membox.o(i._init_box)
    i._mutex_acquire                         0x08001cac   Section        0  rtx_conf_cm.o(i._mutex_acquire)
    __tagsym$$used                           0x08001cad   Number         0  rtx_conf_cm.o(i._mutex_acquire)
    i._mutex_release                         0x08001ccc   Section        0  rtx_conf_cm.o(i._mutex_release)
    __tagsym$$used                           0x08001ccd   Number         0  rtx_conf_cm.o(i._mutex_release)
    i.dbg_init                               0x08001ce8   Section        0  hal_cm.o(i.dbg_init)
    i.dbg_task_notify                        0x08001d18   Section        0  hal_cm.o(i.dbg_task_notify)
    i.dbg_task_switch                        0x08001d38   Section        0  hal_cm.o(i.dbg_task_switch)
    i.isrMessageGet                          0x08001d48   Section        0  rt_cmsis.o(i.isrMessageGet)
    i.isrMessagePut                          0x08001d72   Section        0  rt_cmsis.o(i.isrMessagePut)
    i.isr_mbx_receive                        0x08001da0   Section        0  rt_mailbox.o(i.isr_mbx_receive)
    i.isr_mbx_send                           0x08001df6   Section        0  rt_mailbox.o(i.isr_mbx_send)
    i.main                                   0x08001e04   Section        0  main.o(i.main)
    i.osKernelInitialize                     0x08001e18   Section        0  rt_cmsis.o(i.osKernelInitialize)
    i.osKernelStart                          0x08001e3c   Section        0  rt_cmsis.o(i.osKernelStart)
    i.osMessageGet                           0x08001ea8   Section        0  rt_cmsis.o(i.osMessageGet)
    i.osThreadCreate                         0x08001ec0   Section        0  rt_cmsis.o(i.osThreadCreate)
    i.osThreadExit                           0x08001eec   Section        0  rt_cmsis.o(i.osThreadExit)
    i.osThreadYield                          0x08001f04   Section        0  rt_cmsis.o(i.osThreadYield)
    i.osTimerCall                            0x08001f1c   Section        0  rt_cmsis.o(i.osTimerCall)
    i.osTimerCreate                          0x08001f28   Section        0  rt_cmsis.o(i.osTimerCreate)
    i.osTimerStart                           0x08001f54   Section        0  rt_cmsis.o(i.osTimerStart)
    i.osTimerThread                          0x08001f6c   Section        0  rt_cmsis.o(i.osTimerThread)
    i.os_error                               0x08001f98   Section        0  rtx_conf_cm.o(i.os_error)
    i.os_idle_demon                          0x08001fba   Section        0  rtx_conf_cm.o(i.os_idle_demon)
    i.os_tick_init                           0x08001fc0   Section        0  rt_system.o(i.os_tick_init)
    i.os_tick_irqack                         0x08001fe8   Section        0  rt_system.o(i.os_tick_irqack)
    i.rt_alloc_box                           0x08001fea   Section        0  rt_membox.o(i.rt_alloc_box)
    i.rt_alloc_mem                           0x08002004   Section        0  rt_memory.o(i.rt_alloc_mem)
    i.rt_block                               0x08002044   Section        0  rt_task.o(i.rt_block)
    i.rt_chk_robin                           0x0800207c   Section        0  rt_robin.o(i.rt_chk_robin)
    i.rt_dec_dly                             0x080020c4   Section        0  rt_list.o(i.rt_dec_dly)
    i.rt_dispatch                            0x08002134   Section        0  rt_task.o(i.rt_dispatch)
    i.rt_evt_psh                             0x08002178   Section        0  rt_event.o(i.rt_evt_psh)
    i.rt_free_box                            0x080021c8   Section        0  rt_membox.o(i.rt_free_box)
    i.rt_free_mem                            0x080021f4   Section        0  rt_memory.o(i.rt_free_mem)
    i.rt_get_first                           0x0800221c   Section        0  rt_list.o(i.rt_get_first)
    i.rt_get_same_rdy_prio                   0x08002244   Section        0  rt_list.o(i.rt_get_same_rdy_prio)
    i.rt_id2obj                              0x08002268   Section        0  rt_cmsis.o(i.rt_id2obj)
    rt_id2obj                                0x08002269   Thumb Code     8  rt_cmsis.o(i.rt_id2obj)
    i.rt_init_context                        0x08002270   Section        0  rt_task.o(i.rt_init_context)
    rt_init_context                          0x08002271   Thumb Code    66  rt_task.o(i.rt_init_context)
    i.rt_init_mem                            0x080022b8   Section        0  rt_memory.o(i.rt_init_mem)
    i.rt_init_robin                          0x080022d4   Section        0  rt_robin.o(i.rt_init_robin)
    i.rt_init_stack                          0x080022ec   Section        0  hal_cm.o(i.rt_init_stack)
    i.rt_mbx_check                           0x0800236c   Section        0  rt_mailbox.o(i.rt_mbx_check)
    i.rt_mbx_init                            0x08002374   Section        0  rt_mailbox.o(i.rt_mbx_init)
    i.rt_mbx_psh                             0x08002390   Section        0  rt_mailbox.o(i.rt_mbx_psh)
    i.rt_mbx_wait                            0x08002480   Section        0  rt_mailbox.o(i.rt_mbx_wait)
    i.rt_ms2tick                             0x08002534   Section        0  rt_cmsis.o(i.rt_ms2tick)
    rt_ms2tick                               0x08002535   Thumb Code    58  rt_cmsis.o(i.rt_ms2tick)
    i.rt_mut_release                         0x08002578   Section        0  rt_mutex.o(i.rt_mut_release)
    i.rt_mut_wait                            0x08002650   Section        0  rt_mutex.o(i.rt_mut_wait)
    i.rt_pop_req                             0x080026c8   Section        0  rt_system.o(i.rt_pop_req)
    i.rt_psh_req                             0x08002744   Section        0  rt_system.o(i.rt_psh_req)
    i.rt_psq_enq                             0x08002764   Section        0  rt_list.o(i.rt_psq_enq)
    i.rt_put_dly                             0x080027c0   Section        0  rt_list.o(i.rt_put_dly)
    i.rt_put_prio                            0x08002808   Section        0  rt_list.o(i.rt_put_prio)
    i.rt_put_rdy_first                       0x08002840   Section        0  rt_list.o(i.rt_put_rdy_first)
    i.rt_resort_prio                         0x08002854   Section        0  rt_list.o(i.rt_resort_prio)
    i.rt_ret_val                             0x08002888   Section        0  hal_cm.o(i.rt_ret_val)
    i.rt_ret_val2                            0x0800288e   Section        0  hal_cm.o(i.rt_ret_val2)
    i.rt_rmv_dly                             0x08002896   Section        0  rt_list.o(i.rt_rmv_dly)
    i.rt_rmv_list                            0x080028c0   Section        0  rt_list.o(i.rt_rmv_list)
    i.rt_sem_psh                             0x080028f0   Section        0  rt_semaphore.o(i.rt_sem_psh)
    i.rt_stk_check                           0x08002924   Section        0  rt_system.o(i.rt_stk_check)
    i.rt_switch_req                          0x08002948   Section        0  rt_task.o(i.rt_switch_req)
    i.rt_sys_init                            0x08002970   Section        0  rt_task.o(i.rt_sys_init)
    i.rt_sys_start                           0x08002a3c   Section        0  rt_task.o(i.rt_sys_start)
    i.rt_systick                             0x08002ab4   Section        0  rt_system.o(i.rt_systick)
    i.rt_tid2ptcb                            0x08002af4   Section        0  rt_cmsis.o(i.rt_tid2ptcb)
    rt_tid2ptcb                              0x08002af5   Thumb Code    18  rt_cmsis.o(i.rt_tid2ptcb)
    i.rt_timer_insert                        0x08002b08   Section        0  rt_cmsis.o(i.rt_timer_insert)
    rt_timer_insert                          0x08002b09   Thumb Code    48  rt_cmsis.o(i.rt_timer_insert)
    i.rt_timer_remove                        0x08002b3c   Section        0  rt_cmsis.o(i.rt_timer_remove)
    rt_timer_remove                          0x08002b3d   Thumb Code    56  rt_cmsis.o(i.rt_timer_remove)
    i.rt_tsk_create                          0x08002b78   Section        0  rt_task.o(i.rt_tsk_create)
    i.rt_tsk_delete                          0x08002c00   Section        0  rt_task.o(i.rt_tsk_delete)
    i.rt_tsk_pass                            0x08002d7c   Section        0  rt_task.o(i.rt_tsk_pass)
    i.rt_tsk_prio                            0x08002dac   Section        0  rt_task.o(i.rt_tsk_prio)
    i.rt_tsk_self                            0x08002e28   Section        0  rt_task.o(i.rt_tsk_self)
    i.shengao                                0x08002e38   Section        0  app.o(i.shengao)
    i.svcKernelInitialize                    0x08002f4c   Section        0  rt_cmsis.o(i.svcKernelInitialize)
    i.svcKernelStart                         0x08002fbc   Section        0  rt_cmsis.o(i.svcKernelStart)
    i.svcMessageCreate                       0x08003004   Section        0  rt_cmsis.o(i.svcMessageCreate)
    i.svcMessageGet                          0x08003028   Section        0  rt_cmsis.o(i.svcMessageGet)
    i.svcThreadCreate                        0x08003064   Section        0  rt_cmsis.o(i.svcThreadCreate)
    i.svcThreadGetId                         0x080030d0   Section        0  rt_cmsis.o(i.svcThreadGetId)
    i.svcThreadTerminate                     0x080030ec   Section        0  rt_cmsis.o(i.svcThreadTerminate)
    i.svcThreadYield                         0x08003124   Section        0  rt_cmsis.o(i.svcThreadYield)
    i.svcTimerCall                           0x0800312e   Section        0  rt_cmsis.o(i.svcTimerCall)
    i.svcTimerCreate                         0x08003148   Section        0  rt_cmsis.o(i.svcTimerCreate)
    i.svcTimerStart                          0x08003180   Section        0  rt_cmsis.o(i.svcTimerStart)
    i.sysTimerTick                           0x080031e4   Section        0  rt_cmsis.o(i.sysTimerTick)
    i.tizhong                                0x08003240   Section        0  app.o(i.tizhong)
    .constdata                               0x080032fc   Section       56  app.o(.constdata)
    .constdata                               0x08003334   Section      312  led_nightmare.o(.constdata)
    .constdata                               0x0800346c   Section       80  common.o(.constdata)
    .constdata                               0x080034bc   Section      104  rtx_conf_cm.o(.constdata)
    __tagsym$$used                           0x080034d8   Number         0  rtx_conf_cm.o(.constdata)
    __tagsym$$used                           0x080034dc   Number         0  rtx_conf_cm.o(.constdata)
    __tagsym$$used                           0x080034e0   Number         0  rtx_conf_cm.o(.constdata)
    __tagsym$$used                           0x080034e4   Number         0  rtx_conf_cm.o(.constdata)
    .data                                    0x20000000   Section      110  app.o(.data)
    id2                                      0x20000064   Data           4  app.o(.data)
    exec2                                    0x20000068   Data           4  app.o(.data)
    .data                                    0x2000006e   Section      839  me007y50h.o(.data)
    .data                                    0x200003b8   Section      816  buttons_nightmare.o(.data)
    .data                                    0x200006e8   Section       20  rtx_conf_cm.o(.data)
    nr_mutex                                 0x200006f8   Data           4  rtx_conf_cm.o(.data)
    .data                                    0x200006fc   Section       20  stm32f10x_rcc.o(.data)
    APBAHBPrescTable                         0x200006fc   Data          16  stm32f10x_rcc.o(.data)
    ADCPrescTable                            0x2000070c   Data           4  stm32f10x_rcc.o(.data)
    .data                                    0x20000710   Section        8  rt_cmsis.o(.data)
    .data                                    0x20000718   Section        8  rt_task.o(.data)
    .data                                    0x20000720   Section        8  rt_system.o(.data)
    os_lock                                  0x20000720   Data           1  rt_system.o(.data)
    os_psh_flag                              0x20000721   Data           1  rt_system.o(.data)
    pend_flags                               0x20000722   Data           1  rt_system.o(.data)
    .data                                    0x20000728   Section        4  rt_time.o(.data)
    .data                                    0x2000072c   Section        8  rt_robin.o(.data)
    .data                                    0x20000734   Section        1  hal_cm.o(.data)
    .bss                                     0x20000738   Section      144  app.o(.bss)
    os_timer_cb_Timer2                       0x20000770   Data          24  app.o(.bss)
    .bss                                     0x200007c8   Section       10  me007y50h.o(.bss)
    .bss                                     0x200007d8   Section     5232  rtx_conf_cm.o(.bss)
    std_libspace                             0x20001928   Data         672  rtx_conf_cm.o(.bss)
    std_libmutex                             0x20001bc8   Data         128  rtx_conf_cm.o(.bss)
    .bss                                     0x20001c48   Section       52  rt_task.o(.bss)
    .bss                                     0x20001c7c   Section       48  rt_list.o(.bss)
    .bss                                     0x20001cac   Section       96  libspace.o(.bss)
    HEAP                                     0x20001d10   Section      512  startup_stm32f10x_hd.o(HEAP)
    Heap_Mem                                 0x20001d10   Data         512  startup_stm32f10x_hd.o(HEAP)
    STACK                                    0x20001f10   Section     1024  startup_stm32f10x_hd.o(STACK)
    Stack_Mem                                0x20001f10   Data        1024  startup_stm32f10x_hd.o(STACK)
    __initial_sp                             0x20002310   Data           0  startup_stm32f10x_hd.o(STACK)

    Global Symbols

    Symbol Name                              Value     Ov Type        Size  Object(Section)

    BuildAttributes$$THM_ISAv4$P$D$K$B$S$PE$A:L22UL41UL21$X:L11$S22US41US21$IEEE1$IW$USESV6$~STKCKD$USESV7$~SHL$OSPACE$ROPI$EBA8$UX$STANDARDLIB$REQ8$PRES8$EABIv2 0x00000000   Number         0  anon$$obj.o ABSOLUTE
    __ARM_use_no_argv                        0x00000000   Number         0  main.o ABSOLUTE
    __ARM_exceptions_init                     - Undefined Weak Reference
    __alloca_initialize                       - Undefined Weak Reference
    __arm_preinit_                            - Undefined Weak Reference
    __cpp_initialize__aeabi_                  - Undefined Weak Reference
    __cxa_finalize                            - Undefined Weak Reference
    __rt_locale                               - Undefined Weak Reference
    __sigvec_lookup                           - Undefined Weak Reference
    _atexit_init                              - Undefined Weak Reference
    _call_atexit_fns                          - Undefined Weak Reference
    _clock_init                               - Undefined Weak Reference
    _fp_trap_init                             - Undefined Weak Reference
    _fp_trap_shutdown                         - Undefined Weak Reference
    _get_lc_collate                           - Undefined Weak Reference
    _get_lc_ctype                             - Undefined Weak Reference
    _get_lc_monetary                          - Undefined Weak Reference
    _get_lc_numeric                           - Undefined Weak Reference
    _get_lc_time                              - Undefined Weak Reference
    _getenv_init                              - Undefined Weak Reference
    _handle_redirection                       - Undefined Weak Reference
    _init_alloc                               - Undefined Weak Reference
    _init_user_alloc                          - Undefined Weak Reference
    _initio                                   - Undefined Weak Reference
    _rand_init                                - Undefined Weak Reference
    _signal_finish                            - Undefined Weak Reference
    _signal_init                              - Undefined Weak Reference
    _terminate_alloc                          - Undefined Weak Reference
    _terminate_user_alloc                     - Undefined Weak Reference
    _terminateio                              - Undefined Weak Reference
    __Vectors_Size                           0x00000130   Number         0  startup_stm32f10x_hd.o ABSOLUTE
    __RL_RTX_VER                             0x00000482   Number         0  rt_system.o ABSOLUTE
    __Vectors                                0x08000000   Data           4  startup_stm32f10x_hd.o(RESET)
    __Vectors_End                            0x08000130   Data           0  startup_stm32f10x_hd.o(RESET)
    __main                                   0x08000131   Thumb Code     8  __main.o(!!!main)
    __scatterload                            0x08000139   Thumb Code     0  __scatter.o(!!!scatter)
    __scatterload_rt2                        0x08000139   Thumb Code    44  __scatter.o(!!!scatter)
    __scatterload_rt2_thumb_only             0x08000139   Thumb Code     0  __scatter.o(!!!scatter)
    __scatterload_null                       0x08000147   Thumb Code     0  __scatter.o(!!!scatter)
    __decompress                             0x0800016d   Thumb Code    90  __dczerorl2.o(!!dczerorl2)
    __decompress1                            0x0800016d   Thumb Code     0  __dczerorl2.o(!!dczerorl2)
    __scatterload_zeroinit                   0x080001c9   Thumb Code    28  __scatter_zi.o(!!handler_zi)
    __rt_lib_init                            0x080001e5   Thumb Code     0  libinit.o(.ARM.Collect$$libinit$$00000000)
    __rt_lib_init_alloca_1                   0x080001e7   Thumb Code     0  libinit2.o(.ARM.Collect$$libinit$$0000002E)
    __rt_lib_init_argv_1                     0x080001e7   Thumb Code     0  libinit2.o(.ARM.Collect$$libinit$$0000002C)
    __rt_lib_init_atexit_1                   0x080001e7   Thumb Code     0  libinit2.o(.ARM.Collect$$libinit$$0000001B)
    __rt_lib_init_clock_1                    0x080001e7   Thumb Code     0  libinit2.o(.ARM.Collect$$libinit$$00000021)
    __rt_lib_init_cpp_1                      0x080001e7   Thumb Code     0  libinit2.o(.ARM.Collect$$libinit$$00000032)
    __rt_lib_init_exceptions_1               0x080001e7   Thumb Code     0  libinit2.o(.ARM.Collect$$libinit$$00000030)
    __rt_lib_init_fp_1                       0x080001e7   Thumb Code     0  libinit2.o(.ARM.Collect$$libinit$$00000002)
    __rt_lib_init_fp_trap_1                  0x080001e7   Thumb Code     0  libinit2.o(.ARM.Collect$$libinit$$0000001F)
    __rt_lib_init_getenv_1                   0x080001e7   Thumb Code     0  libinit2.o(.ARM.Collect$$libinit$$00000023)
    __rt_lib_init_heap_1                     0x080001e7   Thumb Code     0  libinit2.o(.ARM.Collect$$libinit$$0000000A)
    __rt_lib_init_lc_collate_1               0x080001e7   Thumb Code     0  libinit2.o(.ARM.Collect$$libinit$$00000011)
    __rt_lib_init_lc_ctype_1                 0x080001e7   Thumb Code     0  libinit2.o(.ARM.Collect$$libinit$$00000013)
    __rt_lib_init_lc_monetary_1              0x080001e7   Thumb Code     0  libinit2.o(.ARM.Collect$$libinit$$00000015)
    __rt_lib_init_lc_numeric_1               0x080001e7   Thumb Code     0  libinit2.o(.ARM.Collect$$libinit$$00000017)
    __rt_lib_init_lc_time_1                  0x080001e7   Thumb Code     0  libinit2.o(.ARM.Collect$$libinit$$00000019)
    __rt_lib_init_preinit_1                  0x080001e7   Thumb Code     0  libinit2.o(.ARM.Collect$$libinit$$00000004)
    __rt_lib_init_rand_1                     0x080001e7   Thumb Code     0  libinit2.o(.ARM.Collect$$libinit$$0000000E)
    __rt_lib_init_return                     0x080001e7   Thumb Code     0  libinit2.o(.ARM.Collect$$libinit$$00000033)
    __rt_lib_init_signal_1                   0x080001e7   Thumb Code     0  libinit2.o(.ARM.Collect$$libinit$$0000001D)
    __rt_lib_init_stdio_1                    0x080001e7   Thumb Code     0  libinit2.o(.ARM.Collect$$libinit$$00000025)
    __rt_lib_init_user_alloc_1               0x080001e7   Thumb Code     0  libinit2.o(.ARM.Collect$$libinit$$0000000C)
    __rt_lib_shutdown                        0x080001e9   Thumb Code     0  libshutdown.o(.ARM.Collect$$libshutdown$$00000000)
    __rt_lib_shutdown_cpp_1                  0x080001eb   Thumb Code     0  libshutdown2.o(.ARM.Collect$$libshutdown$$00000002)
    __rt_lib_shutdown_fp_trap_1              0x080001eb   Thumb Code     0  libshutdown2.o(.ARM.Collect$$libshutdown$$00000007)
    __rt_lib_shutdown_heap_1                 0x080001eb   Thumb Code     0  libshutdown2.o(.ARM.Collect$$libshutdown$$0000000F)
    __rt_lib_shutdown_return                 0x080001eb   Thumb Code     0  libshutdown2.o(.ARM.Collect$$libshutdown$$00000010)
    __rt_lib_shutdown_signal_1               0x080001eb   Thumb Code     0  libshutdown2.o(.ARM.Collect$$libshutdown$$0000000A)
    __rt_lib_shutdown_stdio_1                0x080001eb   Thumb Code     0  libshutdown2.o(.ARM.Collect$$libshutdown$$00000004)
    __rt_lib_shutdown_user_alloc_1           0x080001eb   Thumb Code     0  libshutdown2.o(.ARM.Collect$$libshutdown$$0000000C)
    __rt_entry                               0x080001ed   Thumb Code     0  __rtentry.o(.ARM.Collect$$rtentry$$00000000)
    __rt_entry_presh_1                       0x080001ed   Thumb Code     0  __rtentry2.o(.ARM.Collect$$rtentry$$00000002)
    __rt_entry_sh                            0x080001ed   Thumb Code     0  __rtentry4.o(.ARM.Collect$$rtentry$$00000004)
    __rt_entry_li                            0x080001f3   Thumb Code     0  __rtentry2.o(.ARM.Collect$$rtentry$$0000000A)
    __rt_entry_postsh_1                      0x080001f3   Thumb Code     0  __rtentry2.o(.ARM.Collect$$rtentry$$00000009)
    __rt_entry_postli_1                      0x080001f7   Thumb Code     0  __rtentry2.o(.ARM.Collect$$rtentry$$0000000B)
    __rt_entry_main                          0x080001ff   Thumb Code     0  __rtentry2.o(.ARM.Collect$$rtentry$$0000000D)
    __rt_exit                                0x08000207   Thumb Code     0  rtexit.o(.ARM.Collect$$rtexit$$00000000)
    __rt_exit_ls                             0x08000209   Thumb Code     0  rtexit2.o(.ARM.Collect$$rtexit$$00000003)
    __rt_exit_prels_1                        0x08000209   Thumb Code     0  rtexit2.o(.ARM.Collect$$rtexit$$00000002)
    __rt_exit_exit                           0x0800020d   Thumb Code     0  rtexit2.o(.ARM.Collect$$rtexit$$00000004)
    _platform_post_lib_init                  0x08000215   Thumb Code    24  rtx_conf_cm.o(.emb_text)
    rt_set_PSP                               0x08000231   Thumb Code     6  hal_cm3.o(.emb_text)
    rt_get_PSP                               0x08000237   Thumb Code     6  hal_cm3.o(.emb_text)
    os_set_env                               0x0800023d   Thumb Code    24  hal_cm3.o(.emb_text)
    _alloc_box                               0x08000259   Thumb Code    28  hal_cm3.o(.emb_text)
    _free_box                                0x08000279   Thumb Code    28  hal_cm3.o(.emb_text)
    SVC_Handler                              0x08000299   Thumb Code   108  hal_cm3.o(.emb_text)
    PendSV_Handler                           0x08000311   Thumb Code    56  hal_cm3.o(.emb_text)
    SysTick_Handler                          0x0800034d   Thumb Code     8  hal_cm3.o(.emb_text)
    OS_Tick_Handler                          0x08000355   Thumb Code    12  hal_cm3.o(.emb_text)
    Reset_Handler                            0x08000361   Thumb Code     8  startup_stm32f10x_hd.o(.text)
    NMI_Handler                              0x08000369   Thumb Code     2  startup_stm32f10x_hd.o(.text)
    HardFault_Handler                        0x0800036b   Thumb Code     2  startup_stm32f10x_hd.o(.text)
    MemManage_Handler                        0x0800036d   Thumb Code     2  startup_stm32f10x_hd.o(.text)
    BusFault_Handler                         0x0800036f   Thumb Code     2  startup_stm32f10x_hd.o(.text)
    UsageFault_Handler                       0x08000371   Thumb Code     2  startup_stm32f10x_hd.o(.text)
    DebugMon_Handler                         0x08000375   Thumb Code     2  startup_stm32f10x_hd.o(.text)
    ADC1_2_IRQHandler                        0x0800037b   Thumb Code     0  startup_stm32f10x_hd.o(.text)
    ADC3_IRQHandler                          0x0800037b   Thumb Code     0  startup_stm32f10x_hd.o(.text)
    CAN1_RX1_IRQHandler                      0x0800037b   Thumb Code     0  startup_stm32f10x_hd.o(.text)
    CAN1_SCE_IRQHandler                      0x0800037b   Thumb Code     0  startup_stm32f10x_hd.o(.text)
    DMA1_Channel1_IRQHandler                 0x0800037b   Thumb Code     0  startup_stm32f10x_hd.o(.text)
    DMA1_Channel2_IRQHandler                 0x0800037b   Thumb Code     0  startup_stm32f10x_hd.o(.text)
    DMA1_Channel3_IRQHandler                 0x0800037b   Thumb Code     0  startup_stm32f10x_hd.o(.text)
    DMA1_Channel4_IRQHandler                 0x0800037b   Thumb Code     0  startup_stm32f10x_hd.o(.text)
    DMA1_Channel5_IRQHandler                 0x0800037b   Thumb Code     0  startup_stm32f10x_hd.o(.text)
    DMA1_Channel6_IRQHandler                 0x0800037b   Thumb Code     0  startup_stm32f10x_hd.o(.text)
    DMA1_Channel7_IRQHandler                 0x0800037b   Thumb Code     0  startup_stm32f10x_hd.o(.text)
    DMA2_Channel1_IRQHandler                 0x0800037b   Thumb Code     0  startup_stm32f10x_hd.o(.text)
    DMA2_Channel2_IRQHandler                 0x0800037b   Thumb Code     0  startup_stm32f10x_hd.o(.text)
    DMA2_Channel3_IRQHandler                 0x0800037b   Thumb Code     0  startup_stm32f10x_hd.o(.text)
    DMA2_Channel4_5_IRQHandler               0x0800037b   Thumb Code     0  startup_stm32f10x_hd.o(.text)
    EXTI0_IRQHandler                         0x0800037b   Thumb Code     0  startup_stm32f10x_hd.o(.text)
    EXTI15_10_IRQHandler                     0x0800037b   Thumb Code     0  startup_stm32f10x_hd.o(.text)
    EXTI1_IRQHandler                         0x0800037b   Thumb Code     0  startup_stm32f10x_hd.o(.text)
    EXTI2_IRQHandler                         0x0800037b   Thumb Code     0  startup_stm32f10x_hd.o(.text)
    EXTI3_IRQHandler                         0x0800037b   Thumb Code     0  startup_stm32f10x_hd.o(.text)
    EXTI4_IRQHandler                         0x0800037b   Thumb Code     0  startup_stm32f10x_hd.o(.text)
    EXTI9_5_IRQHandler                       0x0800037b   Thumb Code     0  startup_stm32f10x_hd.o(.text)
    FLASH_IRQHandler                         0x0800037b   Thumb Code     0  startup_stm32f10x_hd.o(.text)
    FSMC_IRQHandler                          0x0800037b   Thumb Code     0  startup_stm32f10x_hd.o(.text)
    I2C1_ER_IRQHandler                       0x0800037b   Thumb Code     0  startup_stm32f10x_hd.o(.text)
    I2C1_EV_IRQHandler                       0x0800037b   Thumb Code     0  startup_stm32f10x_hd.o(.text)
    I2C2_ER_IRQHandler                       0x0800037b   Thumb Code     0  startup_stm32f10x_hd.o(.text)
    I2C2_EV_IRQHandler                       0x0800037b   Thumb Code     0  startup_stm32f10x_hd.o(.text)
    PVD_IRQHandler                           0x0800037b   Thumb Code     0  startup_stm32f10x_hd.o(.text)
    RCC_IRQHandler                           0x0800037b   Thumb Code     0  startup_stm32f10x_hd.o(.text)
    RTCAlarm_IRQHandler                      0x0800037b   Thumb Code     0  startup_stm32f10x_hd.o(.text)
    RTC_IRQHandler                           0x0800037b   Thumb Code     0  startup_stm32f10x_hd.o(.text)
    SDIO_IRQHandler                          0x0800037b   Thumb Code     0  startup_stm32f10x_hd.o(.text)
    SPI1_IRQHandler                          0x0800037b   Thumb Code     0  startup_stm32f10x_hd.o(.text)
    SPI2_IRQHandler                          0x0800037b   Thumb Code     0  startup_stm32f10x_hd.o(.text)
    SPI3_IRQHandler                          0x0800037b   Thumb Code     0  startup_stm32f10x_hd.o(.text)
    TAMPER_IRQHandler                        0x0800037b   Thumb Code     0  startup_stm32f10x_hd.o(.text)
    TIM1_BRK_IRQHandler                      0x0800037b   Thumb Code     0  startup_stm32f10x_hd.o(.text)
    TIM1_CC_IRQHandler                       0x0800037b   Thumb Code     0  startup_stm32f10x_hd.o(.text)
    TIM1_TRG_COM_IRQHandler                  0x0800037b   Thumb Code     0  startup_stm32f10x_hd.o(.text)
    TIM1_UP_IRQHandler                       0x0800037b   Thumb Code     0  startup_stm32f10x_hd.o(.text)
    TIM2_IRQHandler                          0x0800037b   Thumb Code     0  startup_stm32f10x_hd.o(.text)
    TIM3_IRQHandler                          0x0800037b   Thumb Code     0  startup_stm32f10x_hd.o(.text)
    TIM4_IRQHandler                          0x0800037b   Thumb Code     0  startup_stm32f10x_hd.o(.text)
    TIM5_IRQHandler                          0x0800037b   Thumb Code     0  startup_stm32f10x_hd.o(.text)
    TIM6_IRQHandler                          0x0800037b   Thumb Code     0  startup_stm32f10x_hd.o(.text)
    TIM7_IRQHandler                          0x0800037b   Thumb Code     0  startup_stm32f10x_hd.o(.text)
    TIM8_BRK_IRQHandler                      0x0800037b   Thumb Code     0  startup_stm32f10x_hd.o(.text)
    TIM8_CC_IRQHandler                       0x0800037b   Thumb Code     0  startup_stm32f10x_hd.o(.text)
    TIM8_TRG_COM_IRQHandler                  0x0800037b   Thumb Code     0  startup_stm32f10x_hd.o(.text)
    TIM8_UP_IRQHandler                       0x0800037b   Thumb Code     0  startup_stm32f10x_hd.o(.text)
    UART4_IRQHandler                         0x0800037b   Thumb Code     0  startup_stm32f10x_hd.o(.text)
    UART5_IRQHandler                         0x0800037b   Thumb Code     0  startup_stm32f10x_hd.o(.text)
    USART1_IRQHandler                        0x0800037b   Thumb Code     0  startup_stm32f10x_hd.o(.text)
    USART2_IRQHandler                        0x0800037b   Thumb Code     0  startup_stm32f10x_hd.o(.text)
    USART3_IRQHandler                        0x0800037b   Thumb Code     0  startup_stm32f10x_hd.o(.text)
    USBWakeUp_IRQHandler                     0x0800037b   Thumb Code     0  startup_stm32f10x_hd.o(.text)
    USB_HP_CAN1_TX_IRQHandler                0x0800037b   Thumb Code     0  startup_stm32f10x_hd.o(.text)
    USB_LP_CAN1_RX0_IRQHandler               0x0800037b   Thumb Code     0  startup_stm32f10x_hd.o(.text)
    WWDG_IRQHandler                          0x0800037b   Thumb Code     0  startup_stm32f10x_hd.o(.text)
    __user_initial_stackheap                 0x0800037d   Thumb Code     0  startup_stm32f10x_hd.o(.text)
    __user_libspace                          0x080003a1   Thumb Code     8  libspace.o(.text)
    __user_perproc_libspace                  0x080003a1   Thumb Code     0  libspace.o(.text)
    __aeabi_uldivmod                         0x080003a9   Thumb Code     0  lludivv7m.o(.text)
    _ll_udiv                                 0x080003a9   Thumb Code   238  lludivv7m.o(.text)
    exit                                     0x08000497   Thumb Code    18  exit.o(.text)
    __use_two_region_memory                  0x080004a9   Thumb Code     2  heapauxi.o(.text)
    __rt_heap_escrow$2region                 0x080004ab   Thumb Code     2  heapauxi.o(.text)
    __rt_heap_expand$2region                 0x080004ad   Thumb Code     2  heapauxi.o(.text)
    _sys_exit                                0x080004b1   Thumb Code     8  sys_exit.o(.text)
    __user_setup_stackheap                   0x080004bd   Thumb Code    74  sys_stackheap_outer.o(.text)
    __I$use$semihosting                      0x08000507   Thumb Code     0  use_no_semi.o(.text)
    __use_no_semihosting_swi                 0x08000507   Thumb Code     2  use_no_semi.o(.text)
    SVC_Count                                0x08000508   Data           4  svc_table.o(SVC_TABLE)
    __semihosting_library_function           0x08000509   Thumb Code     0  indicate_semi.o(.text)
    ADC_Cmd                                  0x0800050d   Thumb Code    22  stm32f10x_adc.o(i.ADC_Cmd)
    SVC_Table                                0x0800050c   Data           0  svc_table.o(SVC_TABLE)
    ADC_DMACmd                               0x08000523   Thumb Code    22  stm32f10x_adc.o(i.ADC_DMACmd)
    ADC_GetCalibrationStatus                 0x08000539   Thumb Code    20  stm32f10x_adc.o(i.ADC_GetCalibrationStatus)
    ADC_GetResetCalibrationStatus            0x0800054d   Thumb Code    20  stm32f10x_adc.o(i.ADC_GetResetCalibrationStatus)
    ADC_Init                                 0x08000561   Thumb Code    70  stm32f10x_adc.o(i.ADC_Init)
    ADC_RegularChannelConfig                 0x080005b1   Thumb Code   184  stm32f10x_adc.o(i.ADC_RegularChannelConfig)
    ADC_ResetCalibration                     0x08000669   Thumb Code    10  stm32f10x_adc.o(i.ADC_ResetCalibration)
    ADC_SoftwareStartConvCmd                 0x08000673   Thumb Code    22  stm32f10x_adc.o(i.ADC_SoftwareStartConvCmd)
    ADC_StartCalibration                     0x08000689   Thumb Code    10  stm32f10x_adc.o(i.ADC_StartCalibration)
    DMA_Cmd                                  0x08000693   Thumb Code    24  stm32f10x_dma.o(i.DMA_Cmd)
    DMA_DeInit                               0x080006ad   Thumb Code   324  stm32f10x_dma.o(i.DMA_DeInit)
    DMA_Init                                 0x080007f9   Thumb Code    60  stm32f10x_dma.o(i.DMA_Init)
    GPIO_Configuration                       0x08000835   Thumb Code    24  app.o(i.GPIO_Configuration)
    GPIO_GetPortClockState                   0x08000851   Thumb Code   118  gpio_stm32f10x.o(i.GPIO_GetPortClockState)
    GPIO_Init                                0x080008e9   Thumb Code   278  stm32f10x_gpio.o(i.GPIO_Init)
    GPIO_PinConfigure                        0x080009ff   Thumb Code   120  gpio_stm32f10x.o(i.GPIO_PinConfigure)
    GPIO_PortClock                           0x08000a79   Thumb Code   284  gpio_stm32f10x.o(i.GPIO_PortClock)
    GPIO_ResetBits                           0x08000bb5   Thumb Code     4  stm32f10x_gpio.o(i.GPIO_ResetBits)
    GPIO_SetBits                             0x08000bb9   Thumb Code     4  stm32f10x_gpio.o(i.GPIO_SetBits)
    GetState_Pin_BUTTON2                     0x08000bbd   Thumb Code   202  buttons_nightmare.o(i.GetState_Pin_BUTTON2)
    InitSTM32F103ZE                          0x08000c8d   Thumb Code   270  app.o(i.InitSTM32F103ZE)
    Init_Thread                              0x08000dc5   Thumb Code    30  app.o(i.Init_Thread)
    Init_Thread1                             0x08000ded   Thumb Code    30  app.o(i.Init_Thread1)
    Init_Thread2                             0x08000e15   Thumb Code    30  app.o(i.Init_Thread2)
    Init_Timers                              0x08000e3d   Thumb Code    46  app.o(i.Init_Timers)
    Initialize_Pin_BUTTON                    0x08000e79   Thumb Code   110  buttons_nightmare.o(i.Initialize_Pin_BUTTON)
    LED4_Display                             0x08000eed   Thumb Code   184  app.o(i.LED4_Display)
    LED4_Display1                            0x08000fb1   Thumb Code   204  app.o(i.LED4_Display1)
    LED_Initialize                           0x08001089   Thumb Code    86  led_nightmare.o(i.LED_Initialize)
    LED_OUT                                  0x080010e5   Thumb Code    62  app.o(i.LED_OUT)
    LED_OUT1                                 0x08001129   Thumb Code    70  app.o(i.LED_OUT1)
    LED_On2                                  0x08001175   Thumb Code    68  led_nightmare.o(i.LED_On2)
    LogicSTM32F103ZE                         0x080011bd   Thumb Code   284  app.o(i.LogicSTM32F103ZE)
    MP230_Initialize                         0x080012e5   Thumb Code    14  me007y50h.o(i.MP230_Initialize)
    RCC_ADCCLKConfig                         0x080012f5   Thumb Code    18  stm32f10x_rcc.o(i.RCC_ADCCLKConfig)
    RCC_AHBPeriphClockCmd                    0x0800130d   Thumb Code    26  stm32f10x_rcc.o(i.RCC_AHBPeriphClockCmd)
    RCC_APB1PeriphClockCmd                   0x0800132d   Thumb Code    26  stm32f10x_rcc.o(i.RCC_APB1PeriphClockCmd)
    RCC_APB2PeriphClockCmd                   0x0800134d   Thumb Code    26  stm32f10x_rcc.o(i.RCC_APB2PeriphClockCmd)
    RCC_Configuration                        0x0800136d   Thumb Code    30  app.o(i.RCC_Configuration)
    RCC_GetClocksFreq                        0x0800138d   Thumb Code   192  stm32f10x_rcc.o(i.RCC_GetClocksFreq)
    SendInstruction                          0x08001461   Thumb Code   110  me007y50h.o(i.SendInstruction)
    SendOneInstructionB_music                0x080014dd   Thumb Code   116  me007y50h.o(i.SendOneInstructionB_music)
    SystemInit                               0x08001645   Thumb Code    78  system_stm32f10x.o(i.SystemInit)
    Thread                                   0x080016a5   Thumb Code     8  app.o(i.Thread)
    Thread1                                  0x080016ad   Thumb Code     8  app.o(i.Thread1)
    Thread2                                  0x080016b5   Thumb Code   434  app.o(i.Thread2)
    USART_Cmd                                0x08001a8d   Thumb Code    24  stm32f10x_usart.o(i.USART_Cmd)
    USART_GetFlagStatus                      0x08001aa5   Thumb Code    26  stm32f10x_usart.o(i.USART_GetFlagStatus)
    USART_Init                               0x08001ac1   Thumb Code   210  stm32f10x_usart.o(i.USART_Init)
    USART_ReceiveData                        0x08001b99   Thumb Code    10  stm32f10x_usart.o(i.USART_ReceiveData)
    USART_SendData                           0x08001ba3   Thumb Code     8  stm32f10x_usart.o(i.USART_SendData)
    USARTx_Initialize                        0x08001bad   Thumb Code   174  common.o(i.USARTx_Initialize)
    _init_box                                0x08001c65   Thumb Code    70  rt_membox.o(i._init_box)
    _mutex_acquire                           0x08001cad   Thumb Code    22  rtx_conf_cm.o(i._mutex_acquire)
    _mutex_release                           0x08001ccd   Thumb Code    18  rtx_conf_cm.o(i._mutex_release)
    dbg_init                                 0x08001ce9   Thumb Code    34  hal_cm.o(i.dbg_init)
    dbg_task_notify                          0x08001d19   Thumb Code    32  hal_cm.o(i.dbg_task_notify)
    dbg_task_switch                          0x08001d39   Thumb Code    16  hal_cm.o(i.dbg_task_switch)
    isrMessageGet                            0x08001d49   Thumb Code    42  rt_cmsis.o(i.isrMessageGet)
    isrMessagePut                            0x08001d73   Thumb Code    44  rt_cmsis.o(i.isrMessagePut)
    isr_mbx_receive                          0x08001da1   Thumb Code    86  rt_mailbox.o(i.isr_mbx_receive)
    isr_mbx_send                             0x08001df7   Thumb Code    14  rt_mailbox.o(i.isr_mbx_send)
    main                                     0x08001e05   Thumb Code    20  main.o(i.main)
    osKernelInitialize                       0x08001e19   Thumb Code    30  rt_cmsis.o(i.osKernelInitialize)
    osKernelStart                            0x08001e3d   Thumb Code    98  rt_cmsis.o(i.osKernelStart)
    osMessageGet                             0x08001ea9   Thumb Code    18  rt_cmsis.o(i.osMessageGet)
    osThreadCreate                           0x08001ec1   Thumb Code    36  rt_cmsis.o(i.osThreadCreate)
    osThreadExit                             0x08001eed   Thumb Code    14  rt_cmsis.o(i.osThreadExit)
    osThreadYield                            0x08001f05   Thumb Code    18  rt_cmsis.o(i.osThreadYield)
    osTimerCall                              0x08001f1d   Thumb Code     8  rt_cmsis.o(i.osTimerCall)
    osTimerCreate                            0x08001f29   Thumb Code    36  rt_cmsis.o(i.osTimerCreate)
    osTimerStart                             0x08001f55   Thumb Code    18  rt_cmsis.o(i.osTimerStart)
    osTimerThread                            0x08001f6d   Thumb Code    38  rt_cmsis.o(i.osTimerThread)
    os_error                                 0x08001f99   Thumb Code    34  rtx_conf_cm.o(i.os_error)
    os_idle_demon                            0x08001fbb   Thumb Code     4  rtx_conf_cm.o(i.os_idle_demon)
    os_tick_init                             0x08001fc1   Thumb Code    32  rt_system.o(i.os_tick_init)
    os_tick_irqack                           0x08001fe9   Thumb Code     2  rt_system.o(i.os_tick_irqack)
    rt_alloc_box                             0x08001feb   Thumb Code    26  rt_membox.o(i.rt_alloc_box)
    rt_alloc_mem                             0x08002005   Thumb Code    62  rt_memory.o(i.rt_alloc_mem)
    rt_block                                 0x08002045   Thumb Code    48  rt_task.o(i.rt_block)
    rt_chk_robin                             0x0800207d   Thumb Code    60  rt_robin.o(i.rt_chk_robin)
    rt_dec_dly                               0x080020c5   Thumb Code   102  rt_list.o(i.rt_dec_dly)
    rt_dispatch                              0x08002135   Thumb Code    60  rt_task.o(i.rt_dispatch)
    rt_evt_psh                               0x08002179   Thumb Code    76  rt_event.o(i.rt_evt_psh)
    rt_free_box                              0x080021c9   Thumb Code    44  rt_membox.o(i.rt_free_box)
    rt_free_mem                              0x080021f5   Thumb Code    40  rt_memory.o(i.rt_free_mem)
    rt_get_first                             0x0800221d   Thumb Code    40  rt_list.o(i.rt_get_first)
    rt_get_same_rdy_prio                     0x08002245   Thumb Code    26  rt_list.o(i.rt_get_same_rdy_prio)
    rt_init_mem                              0x080022b9   Thumb Code    26  rt_memory.o(i.rt_init_mem)
    rt_init_robin                            0x080022d5   Thumb Code    14  rt_robin.o(i.rt_init_robin)
    rt_init_stack                            0x080022ed   Thumb Code   118  hal_cm.o(i.rt_init_stack)
    rt_mbx_check                             0x0800236d   Thumb Code     8  rt_mailbox.o(i.rt_mbx_check)
    rt_mbx_init                              0x08002375   Thumb Code    26  rt_mailbox.o(i.rt_mbx_init)
    rt_mbx_psh                               0x08002391   Thumb Code   236  rt_mailbox.o(i.rt_mbx_psh)
    rt_mbx_wait                              0x08002481   Thumb Code   174  rt_mailbox.o(i.rt_mbx_wait)
    rt_mut_release                           0x08002579   Thumb Code   208  rt_mutex.o(i.rt_mut_release)
    rt_mut_wait                              0x08002651   Thumb Code   114  rt_mutex.o(i.rt_mut_wait)
    rt_pop_req                               0x080026c9   Thumb Code   112  rt_system.o(i.rt_pop_req)
    rt_psh_req                               0x08002745   Thumb Code    22  rt_system.o(i.rt_psh_req)
    rt_psq_enq                               0x08002765   Thumb Code    88  rt_list.o(i.rt_psq_enq)
    rt_put_dly                               0x080027c1   Thumb Code    68  rt_list.o(i.rt_put_dly)
    rt_put_prio                              0x08002809   Thumb Code    54  rt_list.o(i.rt_put_prio)
    rt_put_rdy_first                         0x08002841   Thumb Code    14  rt_list.o(i.rt_put_rdy_first)
    rt_resort_prio                           0x08002855   Thumb Code    46  rt_list.o(i.rt_resort_prio)
    rt_ret_val                               0x08002889   Thumb Code     6  hal_cm.o(i.rt_ret_val)
    rt_ret_val2                              0x0800288f   Thumb Code     8  hal_cm.o(i.rt_ret_val2)
    rt_rmv_dly                               0x08002897   Thumb Code    40  rt_list.o(i.rt_rmv_dly)
    rt_rmv_list                              0x080028c1   Thumb Code    44  rt_list.o(i.rt_rmv_list)
    rt_sem_psh                               0x080028f1   Thumb Code    48  rt_semaphore.o(i.rt_sem_psh)
    rt_stk_check                             0x08002925   Thumb Code    28  rt_system.o(i.rt_stk_check)
    rt_switch_req                            0x08002949   Thumb Code    30  rt_task.o(i.rt_switch_req)
    rt_sys_init                              0x08002971   Thumb Code   138  rt_task.o(i.rt_sys_init)
    rt_sys_start                             0x08002a3d   Thumb Code   110  rt_task.o(i.rt_sys_start)
    rt_systick                               0x08002ab5   Thumb Code    50  rt_system.o(i.rt_systick)
    rt_tsk_create                            0x08002b79   Thumb Code   118  rt_task.o(i.rt_tsk_create)
    rt_tsk_delete                            0x08002c01   Thumb Code   352  rt_task.o(i.rt_tsk_delete)
    rt_tsk_pass                              0x08002d7d   Thumb Code    38  rt_task.o(i.rt_tsk_pass)
    rt_tsk_prio                              0x08002dad   Thumb Code   108  rt_task.o(i.rt_tsk_prio)
    rt_tsk_self                              0x08002e29   Thumb Code    12  rt_task.o(i.rt_tsk_self)
    shengao                                  0x08002e39   Thumb Code   242  app.o(i.shengao)
    svcKernelInitialize                      0x08002f4d   Thumb Code    80  rt_cmsis.o(i.svcKernelInitialize)
    svcKernelStart                           0x08002fbd   Thumb Code    62  rt_cmsis.o(i.svcKernelStart)
    svcMessageCreate                         0x08003005   Thumb Code    36  rt_cmsis.o(i.svcMessageCreate)
    svcMessageGet                            0x08003029   Thumb Code    58  rt_cmsis.o(i.svcMessageGet)
    svcThreadCreate                          0x08003065   Thumb Code    96  rt_cmsis.o(i.svcThreadCreate)
    svcThreadGetId                           0x080030d1   Thumb Code    22  rt_cmsis.o(i.svcThreadGetId)
    svcThreadTerminate                       0x080030ed   Thumb Code    50  rt_cmsis.o(i.svcThreadTerminate)
    svcThreadYield                           0x08003125   Thumb Code    10  rt_cmsis.o(i.svcThreadYield)
    svcTimerCall                             0x0800312f   Thumb Code    24  rt_cmsis.o(i.svcTimerCall)
    svcTimerCreate                           0x08003149   Thumb Code    52  rt_cmsis.o(i.svcTimerCreate)
    svcTimerStart                            0x08003181   Thumb Code    96  rt_cmsis.o(i.svcTimerStart)
    sysTimerTick                             0x080031e5   Thumb Code    84  rt_cmsis.o(i.sysTimerTick)
    tizhong                                  0x08003241   Thumb Code   158  app.o(i.tizhong)
    os_thread_def_Thread                     0x080032fc   Data          16  app.o(.constdata)
    os_thread_def_Thread1                    0x0800330c   Data          16  app.o(.constdata)
    os_thread_def_Thread2                    0x0800331c   Data          16  app.o(.constdata)
    os_timer_def_Timer2                      0x0800332c   Data           8  app.o(.constdata)
    Pin_LED                                  0x08003334   Data         312  led_nightmare.o(.constdata)
    Pin_USART_Tx                             0x0800346c   Data          40  common.o(.constdata)
    Pin_USART_Rx                             0x08003494   Data          40  common.o(.constdata)
    os_maxtaskrun                            0x080034bc   Data           2  rtx_conf_cm.o(.constdata)
    os_stackinfo                             0x080034c0   Data           4  rtx_conf_cm.o(.constdata)
    os_rrobin                                0x080034c4   Data           4  rtx_conf_cm.o(.constdata)
    os_tickfreq                              0x080034c8   Data           4  rtx_conf_cm.o(.constdata)
    os_tickus_i                              0x080034cc   Data           2  rtx_conf_cm.o(.constdata)
    os_tickus_f                              0x080034ce   Data           2  rtx_conf_cm.o(.constdata)
    os_trv                                   0x080034d0   Data           4  rtx_conf_cm.o(.constdata)
    os_flags                                 0x080034d4   Data           1  rtx_conf_cm.o(.constdata)
    CMSIS_RTOS_API_Version                   0x080034d8   Data           4  rtx_conf_cm.o(.constdata)
    CMSIS_RTOS_RTX_Version                   0x080034dc   Data           4  rtx_conf_cm.o(.constdata)
    os_clockrate                             0x080034e0   Data           4  rtx_conf_cm.o(.constdata)
    os_timernum                              0x080034e4   Data           4  rtx_conf_cm.o(.constdata)
    mp_tcb_size                              0x080034e8   Data           2  rtx_conf_cm.o(.constdata)
    mp_stk_size                              0x080034ec   Data           4  rtx_conf_cm.o(.constdata)
    os_stack_sz                              0x080034f0   Data           4  rtx_conf_cm.o(.constdata)
    os_fifo_size                             0x080034f4   Data           1  rtx_conf_cm.o(.constdata)
    os_thread_def_osTimerThread              0x080034f8   Data          16  rtx_conf_cm.o(.constdata)
    os_messageQ_def_osTimerMessageQ          0x08003508   Data           8  rtx_conf_cm.o(.constdata)
    mp_tmr_size                              0x08003510   Data           2  rtx_conf_cm.o(.constdata)
    os_thread_def_main                       0x08003514   Data          16  rtx_conf_cm.o(.constdata)
    Region$$Table$$Base                      0x08003524   Number         0  anon$$obj.o(Region$$Table)
    Region$$Table$$Limit                     0x08003544   Number         0  anon$$obj.o(Region$$Table)
    buffer                                   0x20000000   Data           2  app.o(.data)
    buffer1                                  0x20000002   Data           2  app.o(.data)
    aveBuffer                                0x20000004   Data           2  app.o(.data)
    aveBuffer1                               0x20000006   Data           2  app.o(.data)
    i                                        0x20000008   Data           2  app.o(.data)
    j                                        0x2000000a   Data           2  app.o(.data)
    m                                        0x2000000c   Data           2  app.o(.data)
    str                                      0x2000000e   Data           8  app.o(.data)
    str_ad                                   0x20000016   Data           8  app.o(.data)
    fseg                                     0x2000001e   Data          10  app.o(.data)
    segbit                                   0x20000028   Data           8  app.o(.data)
    disbuf                                   0x20000030   Data           4  app.o(.data)
    LED_0F                                   0x20000034   Data          18  app.o(.data)
    cAG                                      0x20000046   Data           1  app.o(.data)
    cRESULT                                  0x20000047   Data           1  app.o(.data)
    f_shengao                                0x20000048   Data           1  app.o(.data)
    LED                                      0x20000049   Data           4  app.o(.data)
    LED1                                     0x2000004d   Data           4  app.o(.data)
    LED2                                     0x20000051   Data           4  app.o(.data)
    tid_Thread                               0x20000058   Data           4  app.o(.data)
    tid_Thread1                              0x2000005c   Data           4  app.o(.data)
    tid_Thread2                              0x20000060   Data           4  app.o(.data)
    ADCConvertedValue                        0x2000006c   Data           2  app.o(.data)
    TxBuffer                                 0x2000006e   Data          10  me007y50h.o(.data)
    TxBuffer_music                           0x20000078   Data         410  me007y50h.o(.data)
    MusicOverBuffer                          0x20000212   Data         410  me007y50h.o(.data)
    TxCounter                                0x200003ac   Data           1  me007y50h.o(.data)
    RxCounter                                0x200003ad   Data           1  me007y50h.o(.data)
    RxBuffer                                 0x200003ae   Data           7  me007y50h.o(.data)
    flag_button0                             0x200003b8   Data           1  buttons_nightmare.o(.data)
    flag_button8                             0x200003b9   Data           1  buttons_nightmare.o(.data)
    flag_button9                             0x200003ba   Data           1  buttons_nightmare.o(.data)
    flag_button7                             0x200003bb   Data           1  buttons_nightmare.o(.data)
    flag_button10                            0x200003bc   Data           1  buttons_nightmare.o(.data)
    flag_button16                            0x200003bd   Data           1  buttons_nightmare.o(.data)
    flag_button21                            0x200003be   Data           1  buttons_nightmare.o(.data)
    flag_button22                            0x200003bf   Data           1  buttons_nightmare.o(.data)
    flag_button23                            0x200003c0   Data           1  buttons_nightmare.o(.data)
    flag_button6                             0x200003c1   Data           1  buttons_nightmare.o(.data)
    flag_button3                             0x200003c2   Data           1  buttons_nightmare.o(.data)
    flag_button27                            0x200003c3   Data           1  buttons_nightmare.o(.data)
    flag_button1                             0x200003c4   Data           1  buttons_nightmare.o(.data)
    flag_button2                             0x200003c5   Data           1  buttons_nightmare.o(.data)
    flag_button4                             0x200003c6   Data           1  buttons_nightmare.o(.data)
    flag_button26                            0x200003c7   Data           1  buttons_nightmare.o(.data)
    flag_button24                            0x200003c8   Data           1  buttons_nightmare.o(.data)
    flag_button20                            0x200003c9   Data           1  buttons_nightmare.o(.data)
    flag_button25                            0x200003ca   Data           1  buttons_nightmare.o(.data)
    flag_button28                            0x200003cb   Data           1  buttons_nightmare.o(.data)
    flag_button12                            0x200003cc   Data           1  buttons_nightmare.o(.data)
    flag_button18                            0x200003cd   Data           1  buttons_nightmare.o(.data)
    flag_button17                            0x200003ce   Data           1  buttons_nightmare.o(.data)
    flag_button11                            0x200003cf   Data           1  buttons_nightmare.o(.data)
    Button_MASK_main                         0x200003d0   Data           4  buttons_nightmare.o(.data)
    Turntable_Button_MASK_main               0x200003d4   Data           4  buttons_nightmare.o(.data)
    Temp_Button_MASK_main                    0x200003d8   Data           4  buttons_nightmare.o(.data)
    Password_Button_MASK_main                0x200003dc   Data           4  buttons_nightmare.o(.data)
    tempPassword                             0x200003e0   Data           4  buttons_nightmare.o(.data)
    passwordtext1                            0x200003e4   Data          15  buttons_nightmare.o(.data)
    Pin_BUTTON0                              0x200003f4   Data         104  buttons_nightmare.o(.data)
    Pin_BUTTON_pass                          0x2000045c   Data         104  buttons_nightmare.o(.data)
    Pin_BUTTON                               0x200004c4   Data         208  buttons_nightmare.o(.data)
    Pin_BUTTON_pass2                         0x20000594   Data         208  buttons_nightmare.o(.data)
    timerID0                                 0x20000664   Data           4  buttons_nightmare.o(.data)
    Password_Pin_BUTTON2                     0x20000668   Data         128  buttons_nightmare.o(.data)
    osThreadId_osTimerThread                 0x200006e8   Data           4  rtx_conf_cm.o(.data)
    osMessageQId_osTimerMessageQ             0x200006ec   Data           4  rtx_conf_cm.o(.data)
    os_tmr                                   0x200006f0   Data           4  rtx_conf_cm.o(.data)
    m_tmr                                    0x200006f4   Data           4  rtx_conf_cm.o(.data)
    os_initialized                           0x20000710   Data           1  rt_cmsis.o(.data)
    os_running                               0x20000711   Data           1  rt_cmsis.o(.data)
    os_timer_head                            0x20000714   Data           4  rt_cmsis.o(.data)
    os_tsk                                   0x20000718   Data           8  rt_task.o(.data)
    os_tick_irqn                             0x20000724   Data           4  rt_system.o(.data)
    os_time                                  0x20000728   Data           4  rt_time.o(.data)
    os_robin                                 0x2000072c   Data           8  rt_robin.o(.data)
    dbg_msg                                  0x20000734   Data           1  hal_cm.o(.data)
    Buffer                                   0x20000738   Data          20  app.o(.bss)
    Buffer1                                  0x2000074c   Data          20  app.o(.bss)
    sB                                       0x20000760   Data          14  app.o(.bss)
    ADC_InitStructure                        0x20000788   Data          20  app.o(.bss)
    DMA_InitStructure                        0x2000079c   Data          44  app.o(.bss)
    RxBuffer_music                           0x200007c8   Data          10  me007y50h.o(.bss)
    mp_tcb                                   0x200007d8   Data         376  rtx_conf_cm.o(.bss)
    mp_stk                                   0x20000950   Data        2416  rtx_conf_cm.o(.bss)
    os_stack_mem                             0x200012c0   Data        1448  rtx_conf_cm.o(.bss)
    os_fifo                                  0x20001868   Data         132  rtx_conf_cm.o(.bss)
    os_active_TCB                            0x200018ec   Data          28  rtx_conf_cm.o(.bss)
    os_messageQ_q_osTimerMessageQ            0x20001908   Data          32  rtx_conf_cm.o(.bss)
    os_idle_TCB                              0x20001c48   Data          52  rt_task.o(.bss)
    os_rdy                                   0x20001c7c   Data          24  rt_list.o(.bss)
    os_dly                                   0x20001c94   Data          24  rt_list.o(.bss)
    __libspace_start                         0x20001cac   Data          96  libspace.o(.bss)
    __temporary_stack_top$libspace           0x20001d0c   Data           0  libspace.o(.bss)



==============================================================================

Memory Map of the image

  Image Entry point : 0x08000131

  Load Region LR_IROM1 (Base: 0x08000000, Size: 0x00003c7c, Max: 0x00080000, ABSOLUTE, COMPRESSED[0x000037d8])

    Execution Region ER_IROM1 (Base: 0x08000000, Size: 0x00003544, Max: 0x00080000, ABSOLUTE)

    Base Addr    Size         Type   Attr      Idx    E Section Name        Object

    0x08000000   0x00000130   Data   RO          696    RESET               startup_stm32f10x_hd.o
    0x08000130   0x00000008   Code   RO         2904  * !!!main             c_w.l(__main.o)
    0x08000138   0x00000034   Code   RO         3067    !!!scatter          c_w.l(__scatter.o)
    0x0800016c   0x0000005a   Code   RO         3065    !!dczerorl2         c_w.l(__dczerorl2.o)
    0x080001c6   0x00000002   PAD
    0x080001c8   0x0000001c   Code   RO         3069    !!handler_zi        c_w.l(__scatter_zi.o)
    0x080001e4   0x00000002   Code   RO         2951    .ARM.Collect$$libinit$$00000000  c_w.l(libinit.o)
    0x080001e6   0x00000000   Code   RO         2963    .ARM.Collect$$libinit$$00000002  c_w.l(libinit2.o)
    0x080001e6   0x00000000   Code   RO         2965    .ARM.Collect$$libinit$$00000004  c_w.l(libinit2.o)
    0x080001e6   0x00000000   Code   RO         2968    .ARM.Collect$$libinit$$0000000A  c_w.l(libinit2.o)
    0x080001e6   0x00000000   Code   RO         2970    .ARM.Collect$$libinit$$0000000C  c_w.l(libinit2.o)
    0x080001e6   0x00000000   Code   RO         2972    .ARM.Collect$$libinit$$0000000E  c_w.l(libinit2.o)
    0x080001e6   0x00000000   Code   RO         2975    .ARM.Collect$$libinit$$00000011  c_w.l(libinit2.o)
    0x080001e6   0x00000000   Code   RO         2977    .ARM.Collect$$libinit$$00000013  c_w.l(libinit2.o)
    0x080001e6   0x00000000   Code   RO         2979    .ARM.Collect$$libinit$$00000015  c_w.l(libinit2.o)
    0x080001e6   0x00000000   Code   RO         2981    .ARM.Collect$$libinit$$00000017  c_w.l(libinit2.o)
    0x080001e6   0x00000000   Code   RO         2983    .ARM.Collect$$libinit$$00000019  c_w.l(libinit2.o)
    0x080001e6   0x00000000   Code   RO         2985    .ARM.Collect$$libinit$$0000001B  c_w.l(libinit2.o)
    0x080001e6   0x00000000   Code   RO         2987    .ARM.Collect$$libinit$$0000001D  c_w.l(libinit2.o)
    0x080001e6   0x00000000   Code   RO         2989    .ARM.Collect$$libinit$$0000001F  c_w.l(libinit2.o)
    0x080001e6   0x00000000   Code   RO         2991    .ARM.Collect$$libinit$$00000021  c_w.l(libinit2.o)
    0x080001e6   0x00000000   Code   RO         2993    .ARM.Collect$$libinit$$00000023  c_w.l(libinit2.o)
    0x080001e6   0x00000000   Code   RO         2995    .ARM.Collect$$libinit$$00000025  c_w.l(libinit2.o)
    0x080001e6   0x00000000   Code   RO         2999    .ARM.Collect$$libinit$$0000002C  c_w.l(libinit2.o)
    0x080001e6   0x00000000   Code   RO         3001    .ARM.Collect$$libinit$$0000002E  c_w.l(libinit2.o)
    0x080001e6   0x00000000   Code   RO         3003    .ARM.Collect$$libinit$$00000030  c_w.l(libinit2.o)
    0x080001e6   0x00000000   Code   RO         3005    .ARM.Collect$$libinit$$00000032  c_w.l(libinit2.o)
    0x080001e6   0x00000002   Code   RO         3006    .ARM.Collect$$libinit$$00000033  c_w.l(libinit2.o)
    0x080001e8   0x00000002   Code   RO         2952    .ARM.Collect$$libshutdown$$00000000  c_w.l(libshutdown.o)
    0x080001ea   0x00000000   Code   RO         3008    .ARM.Collect$$libshutdown$$00000002  c_w.l(libshutdown2.o)
    0x080001ea   0x00000000   Code   RO         3010    .ARM.Collect$$libshutdown$$00000004  c_w.l(libshutdown2.o)
    0x080001ea   0x00000000   Code   RO         3013    .ARM.Collect$$libshutdown$$00000007  c_w.l(libshutdown2.o)
    0x080001ea   0x00000000   Code   RO         3016    .ARM.Collect$$libshutdown$$0000000A  c_w.l(libshutdown2.o)
    0x080001ea   0x00000000   Code   RO         3018    .ARM.Collect$$libshutdown$$0000000C  c_w.l(libshutdown2.o)
    0x080001ea   0x00000000   Code   RO         3021    .ARM.Collect$$libshutdown$$0000000F  c_w.l(libshutdown2.o)
    0x080001ea   0x00000002   Code   RO         3022    .ARM.Collect$$libshutdown$$00000010  c_w.l(libshutdown2.o)
    0x080001ec   0x00000000   Code   RO         2906    .ARM.Collect$$rtentry$$00000000  c_w.l(__rtentry.o)
    0x080001ec   0x00000000   Code   RO         2914    .ARM.Collect$$rtentry$$00000002  c_w.l(__rtentry2.o)
    0x080001ec   0x00000006   Code   RO         2926    .ARM.Collect$$rtentry$$00000004  c_w.l(__rtentry4.o)
    0x080001f2   0x00000000   Code   RO         2916    .ARM.Collect$$rtentry$$00000009  c_w.l(__rtentry2.o)
    0x080001f2   0x00000004   Code   RO         2917    .ARM.Collect$$rtentry$$0000000A  c_w.l(__rtentry2.o)
    0x080001f6   0x00000008   Code   RO         2918    .ARM.Collect$$rtentry$$0000000B  c_w.l(__rtentry2.o)
    0x080001fe   0x00000008   Code   RO         2920    .ARM.Collect$$rtentry$$0000000D  c_w.l(__rtentry2.o)
    0x08000206   0x00000002   Code   RO         2907    .ARM.Collect$$rtexit$$00000000  c_w.l(rtexit.o)
    0x08000208   0x00000000   Code   RO         2929    .ARM.Collect$$rtexit$$00000002  c_w.l(rtexit2.o)
    0x08000208   0x00000004   Code   RO         2930    .ARM.Collect$$rtexit$$00000003  c_w.l(rtexit2.o)
    0x0800020c   0x00000006   Code   RO         2931    .ARM.Collect$$rtexit$$00000004  c_w.l(rtexit2.o)
    0x08000212   0x00000002   PAD
    0x08000214   0x0000001c   Code   RO          636    .emb_text           rtx_conf_cm.o
    0x08000230   0x00000130   Code   RO         2880    .emb_text           RTX_CM3.lib(hal_cm3.o)
    0x08000360   0x00000040   Code   RO          697    .text               startup_stm32f10x_hd.o
    0x080003a0   0x00000008   Code   RO         2895    .text               c_w.l(libspace.o)
    0x080003a8   0x000000ee   Code   RO         2898    .text               c_w.l(lludivv7m.o)
    0x08000496   0x00000012   Code   RO         2900    .text               c_w.l(exit.o)
    0x080004a8   0x00000006   Code   RO         2902    .text               c_w.l(heapauxi.o)
    0x080004ae   0x00000002   PAD
    0x080004b0   0x0000000c   Code   RO         2937    .text               c_w.l(sys_exit.o)
    0x080004bc   0x0000004a   Code   RO         2939    .text               c_w.l(sys_stackheap_outer.o)
    0x08000506   0x00000002   Code   RO         2953    .text               c_w.l(use_no_semi.o)
    0x08000508   0x00000000   Code   RO         2955    .text               c_w.l(indicate_semi.o)
    0x08000508   0x00000004   Code   RO         2890    SVC_TABLE           RTX_CM3.lib(svc_table.o)
    0x0800050c   0x00000016   Code   RO          804    i.ADC_Cmd           stm32f10x_adc.o
    0x08000522   0x00000016   Code   RO          805    i.ADC_DMACmd        stm32f10x_adc.o
    0x08000538   0x00000014   Code   RO          812    i.ADC_GetCalibrationStatus  stm32f10x_adc.o
    0x0800054c   0x00000014   Code   RO          818    i.ADC_GetResetCalibrationStatus  stm32f10x_adc.o
    0x08000560   0x00000050   Code   RO          822    i.ADC_Init          stm32f10x_adc.o
    0x080005b0   0x000000b8   Code   RO          826    i.ADC_RegularChannelConfig  stm32f10x_adc.o
    0x08000668   0x0000000a   Code   RO          827    i.ADC_ResetCalibration  stm32f10x_adc.o
    0x08000672   0x00000016   Code   RO          829    i.ADC_SoftwareStartConvCmd  stm32f10x_adc.o
    0x08000688   0x0000000a   Code   RO          831    i.ADC_StartCalibration  stm32f10x_adc.o
    0x08000692   0x00000018   Code   RO         1034    i.DMA_Cmd           stm32f10x_dma.o
    0x080006aa   0x00000002   PAD
    0x080006ac   0x0000014c   Code   RO         1035    i.DMA_DeInit        stm32f10x_dma.o
    0x080007f8   0x0000003c   Code   RO         1040    i.DMA_Init          stm32f10x_dma.o
    0x08000834   0x0000001c   Code   RO            4    i.GPIO_Configuration  app.o
    0x08000850   0x00000098   Code   RO         1647    i.GPIO_GetPortClockState  gpio_stm32f10x.o
    0x080008e8   0x00000116   Code   RO         1122    i.GPIO_Init         stm32f10x_gpio.o
    0x080009fe   0x00000078   Code   RO         1648    i.GPIO_PinConfigure  gpio_stm32f10x.o
    0x08000a76   0x00000002   PAD
    0x08000a78   0x0000013c   Code   RO         1649    i.GPIO_PortClock    gpio_stm32f10x.o
    0x08000bb4   0x00000004   Code   RO         1129    i.GPIO_ResetBits    stm32f10x_gpio.o
    0x08000bb8   0x00000004   Code   RO         1130    i.GPIO_SetBits      stm32f10x_gpio.o
    0x08000bbc   0x000000d0   Code   RO          455    i.GetState_Pin_BUTTON2  buttons_nightmare.o
    0x08000c8c   0x00000138   Code   RO            5    i.InitSTM32F103ZE   app.o
    0x08000dc4   0x00000028   Code   RO            6    i.Init_Thread       app.o
    0x08000dec   0x00000028   Code   RO            7    i.Init_Thread1      app.o
    0x08000e14   0x00000028   Code   RO            8    i.Init_Thread2      app.o
    0x08000e3c   0x0000003c   Code   RO            9    i.Init_Timers       app.o
    0x08000e78   0x00000074   Code   RO          458    i.Initialize_Pin_BUTTON  buttons_nightmare.o
    0x08000eec   0x000000c4   Code   RO           10    i.LED4_Display      app.o
    0x08000fb0   0x000000d8   Code   RO           11    i.LED4_Display1     app.o
    0x08001088   0x0000005c   Code   RO          261    i.LED_Initialize    led_nightmare.o
    0x080010e4   0x00000044   Code   RO           13    i.LED_OUT           app.o
    0x08001128   0x0000004c   Code   RO           14    i.LED_OUT1          app.o
    0x08001174   0x00000048   Code   RO          265    i.LED_On2           led_nightmare.o
    0x080011bc   0x00000128   Code   RO           16    i.LogicSTM32F103ZE  app.o
    0x080012e4   0x0000000e   Code   RO          384    i.MP230_Initialize  me007y50h.o
    0x080012f2   0x00000002   PAD
    0x080012f4   0x00000018   Code   RO         1242    i.RCC_ADCCLKConfig  stm32f10x_rcc.o
    0x0800130c   0x00000020   Code   RO         1243    i.RCC_AHBPeriphClockCmd  stm32f10x_rcc.o
    0x0800132c   0x00000020   Code   RO         1244    i.RCC_APB1PeriphClockCmd  stm32f10x_rcc.o
    0x0800134c   0x00000020   Code   RO         1246    i.RCC_APB2PeriphClockCmd  stm32f10x_rcc.o
    0x0800136c   0x0000001e   Code   RO           17    i.RCC_Configuration  app.o
    0x0800138a   0x00000002   PAD
    0x0800138c   0x000000d4   Code   RO         1254    i.RCC_GetClocksFreq  stm32f10x_rcc.o
    0x08001460   0x0000007c   Code   RO          385    i.SendInstruction   me007y50h.o
    0x080014dc   0x00000080   Code   RO          390    i.SendOneInstructionB_music  me007y50h.o
    0x0800155c   0x00000008   Code   RO          704    i.SetSysClock       system_stm32f10x.o
    0x08001564   0x000000e0   Code   RO          705    i.SetSysClockTo72   system_stm32f10x.o
    0x08001644   0x00000060   Code   RO          707    i.SystemInit        system_stm32f10x.o
    0x080016a4   0x00000008   Code   RO           18    i.Thread            app.o
    0x080016ac   0x00000008   Code   RO           19    i.Thread1           app.o
    0x080016b4   0x000001bc   Code   RO           20    i.Thread2           app.o
    0x08001870   0x0000021c   Code   RO           21    i.Timer2_Callback   app.o
    0x08001a8c   0x00000018   Code   RO         1458    i.USART_Cmd         stm32f10x_usart.o
    0x08001aa4   0x0000001a   Code   RO         1461    i.USART_GetFlagStatus  stm32f10x_usart.o
    0x08001abe   0x00000002   PAD
    0x08001ac0   0x000000d8   Code   RO         1465    i.USART_Init        stm32f10x_usart.o
    0x08001b98   0x0000000a   Code   RO         1472    i.USART_ReceiveData  stm32f10x_usart.o
    0x08001ba2   0x00000008   Code   RO         1475    i.USART_SendData    stm32f10x_usart.o
    0x08001baa   0x00000002   PAD
    0x08001bac   0x000000b8   Code   RO          348    i.USARTx_Initialize  common.o
    0x08001c64   0x00000046   Code   RO         2779    i._init_box         RTX_CM3.lib(rt_membox.o)
    0x08001caa   0x00000002   PAD
    0x08001cac   0x00000020   Code   RO          638    i._mutex_acquire    rtx_conf_cm.o
    0x08001ccc   0x0000001c   Code   RO          640    i._mutex_release    rtx_conf_cm.o
    0x08001ce8   0x00000030   Code   RO         2832    i.dbg_init          RTX_CM3.lib(hal_cm.o)
    0x08001d18   0x00000020   Code   RO         2833    i.dbg_task_notify   RTX_CM3.lib(hal_cm.o)
    0x08001d38   0x00000010   Code   RO         2834    i.dbg_task_switch   RTX_CM3.lib(hal_cm.o)
    0x08001d48   0x0000002a   Code   RO         1688    i.isrMessageGet     RTX_CM3.lib(rt_cmsis.o)
    0x08001d72   0x0000002c   Code   RO         1689    i.isrMessagePut     RTX_CM3.lib(rt_cmsis.o)
    0x08001d9e   0x00000002   PAD
    0x08001da0   0x00000056   Code   RO         2634    i.isr_mbx_receive   RTX_CM3.lib(rt_mailbox.o)
    0x08001df6   0x0000000e   Code   RO         2635    i.isr_mbx_send      RTX_CM3.lib(rt_mailbox.o)
    0x08001e04   0x00000014   Code   RO          225    i.main              main.o
    0x08001e18   0x00000024   Code   RO         1693    i.osKernelInitialize  RTX_CM3.lib(rt_cmsis.o)
    0x08001e3c   0x0000006c   Code   RO         1695    i.osKernelStart     RTX_CM3.lib(rt_cmsis.o)
    0x08001ea8   0x00000018   Code   RO         1704    i.osMessageGet      RTX_CM3.lib(rt_cmsis.o)
    0x08001ec0   0x0000002c   Code   RO         1721    i.osThreadCreate    RTX_CM3.lib(rt_cmsis.o)
    0x08001eec   0x00000018   Code   RO         1722    i.osThreadExit      RTX_CM3.lib(rt_cmsis.o)
    0x08001f04   0x00000018   Code   RO         1727    i.osThreadYield     RTX_CM3.lib(rt_cmsis.o)
    0x08001f1c   0x0000000c   Code   RO         1728    i.osTimerCall       RTX_CM3.lib(rt_cmsis.o)
    0x08001f28   0x0000002c   Code   RO         1729    i.osTimerCreate     RTX_CM3.lib(rt_cmsis.o)
    0x08001f54   0x00000018   Code   RO         1731    i.osTimerStart      RTX_CM3.lib(rt_cmsis.o)
    0x08001f6c   0x0000002c   Code   RO         1733    i.osTimerThread     RTX_CM3.lib(rt_cmsis.o)
    0x08001f98   0x00000022   Code   RO          641    i.os_error          rtx_conf_cm.o
    0x08001fba   0x00000004   Code   RO          642    i.os_idle_demon     rtx_conf_cm.o
    0x08001fbe   0x00000002   PAD
    0x08001fc0   0x00000028   Code   RO         2426    i.os_tick_init      RTX_CM3.lib(rt_system.o)
    0x08001fe8   0x00000002   Code   RO         2427    i.os_tick_irqack    RTX_CM3.lib(rt_system.o)
    0x08001fea   0x0000001a   Code   RO         2780    i.rt_alloc_box      RTX_CM3.lib(rt_membox.o)
    0x08002004   0x0000003e   Code   RO         2808    i.rt_alloc_mem      RTX_CM3.lib(rt_memory.o)
    0x08002042   0x00000002   PAD
    0x08002044   0x00000038   Code   RO         2307    i.rt_block          RTX_CM3.lib(rt_task.o)
    0x0800207c   0x00000048   Code   RO         2757    i.rt_chk_robin      RTX_CM3.lib(rt_robin.o)
    0x080020c4   0x00000070   Code   RO         2558    i.rt_dec_dly        RTX_CM3.lib(rt_list.o)
    0x08002134   0x00000044   Code   RO         2308    i.rt_dispatch       RTX_CM3.lib(rt_task.o)
    0x08002178   0x00000050   Code   RO         2519    i.rt_evt_psh        RTX_CM3.lib(rt_event.o)
    0x080021c8   0x0000002c   Code   RO         2781    i.rt_free_box       RTX_CM3.lib(rt_membox.o)
    0x080021f4   0x00000028   Code   RO         2809    i.rt_free_mem       RTX_CM3.lib(rt_memory.o)
    0x0800221c   0x00000028   Code   RO         2559    i.rt_get_first      RTX_CM3.lib(rt_list.o)
    0x08002244   0x00000024   Code   RO         2560    i.rt_get_same_rdy_prio  RTX_CM3.lib(rt_list.o)
    0x08002268   0x00000008   Code   RO         1738    i.rt_id2obj         RTX_CM3.lib(rt_cmsis.o)
    0x08002270   0x00000048   Code   RO         2309    i.rt_init_context   RTX_CM3.lib(rt_task.o)
    0x080022b8   0x0000001a   Code   RO         2810    i.rt_init_mem       RTX_CM3.lib(rt_memory.o)
    0x080022d2   0x00000002   PAD
    0x080022d4   0x00000018   Code   RO         2758    i.rt_init_robin     RTX_CM3.lib(rt_robin.o)
    0x080022ec   0x00000080   Code   RO         2835    i.rt_init_stack     RTX_CM3.lib(hal_cm.o)
    0x0800236c   0x00000008   Code   RO         2636    i.rt_mbx_check      RTX_CM3.lib(rt_mailbox.o)
    0x08002374   0x0000001a   Code   RO         2637    i.rt_mbx_init       RTX_CM3.lib(rt_mailbox.o)
    0x0800238e   0x00000002   PAD
    0x08002390   0x000000f0   Code   RO         2638    i.rt_mbx_psh        RTX_CM3.lib(rt_mailbox.o)
    0x08002480   0x000000b4   Code   RO         2640    i.rt_mbx_wait       RTX_CM3.lib(rt_mailbox.o)
    0x08002534   0x00000044   Code   RO         1739    i.rt_ms2tick        RTX_CM3.lib(rt_cmsis.o)
    0x08002578   0x000000d8   Code   RO         2393    i.rt_mut_release    RTX_CM3.lib(rt_mutex.o)
    0x08002650   0x00000078   Code   RO         2394    i.rt_mut_wait       RTX_CM3.lib(rt_mutex.o)
    0x080026c8   0x0000007c   Code   RO         2430    i.rt_pop_req        RTX_CM3.lib(rt_system.o)
    0x08002744   0x00000020   Code   RO         2431    i.rt_psh_req        RTX_CM3.lib(rt_system.o)
    0x08002764   0x0000005c   Code   RO         2561    i.rt_psq_enq        RTX_CM3.lib(rt_list.o)
    0x080027c0   0x00000048   Code   RO         2562    i.rt_put_dly        RTX_CM3.lib(rt_list.o)
    0x08002808   0x00000036   Code   RO         2563    i.rt_put_prio       RTX_CM3.lib(rt_list.o)
    0x0800283e   0x00000002   PAD
    0x08002840   0x00000014   Code   RO         2564    i.rt_put_rdy_first  RTX_CM3.lib(rt_list.o)
    0x08002854   0x00000034   Code   RO         2565    i.rt_resort_prio    RTX_CM3.lib(rt_list.o)
    0x08002888   0x00000006   Code   RO         2836    i.rt_ret_val        RTX_CM3.lib(hal_cm.o)
    0x0800288e   0x00000008   Code   RO         2837    i.rt_ret_val2       RTX_CM3.lib(hal_cm.o)
    0x08002896   0x00000028   Code   RO         2566    i.rt_rmv_dly        RTX_CM3.lib(rt_list.o)
    0x080028be   0x00000002   PAD
    0x080028c0   0x00000030   Code   RO         2567    i.rt_rmv_list       RTX_CM3.lib(rt_list.o)
    0x080028f0   0x00000034   Code   RO         2685    i.rt_sem_psh        RTX_CM3.lib(rt_semaphore.o)
    0x08002924   0x00000024   Code   RO         2433    i.rt_stk_check      RTX_CM3.lib(rt_system.o)
    0x08002948   0x00000028   Code   RO         2310    i.rt_switch_req     RTX_CM3.lib(rt_task.o)
    0x08002970   0x000000cc   Code   RO         2311    i.rt_sys_init       RTX_CM3.lib(rt_task.o)
    0x08002a3c   0x00000078   Code   RO         2312    i.rt_sys_start      RTX_CM3.lib(rt_task.o)
    0x08002ab4   0x00000040   Code   RO         2435    i.rt_systick        RTX_CM3.lib(rt_system.o)
    0x08002af4   0x00000012   Code   RO         1740    i.rt_tid2ptcb       RTX_CM3.lib(rt_cmsis.o)
    0x08002b06   0x00000002   PAD
    0x08002b08   0x00000034   Code   RO         1741    i.rt_timer_insert   RTX_CM3.lib(rt_cmsis.o)
    0x08002b3c   0x0000003c   Code   RO         1742    i.rt_timer_remove   RTX_CM3.lib(rt_cmsis.o)
    0x08002b78   0x00000088   Code   RO         2313    i.rt_tsk_create     RTX_CM3.lib(rt_task.o)
    0x08002c00   0x0000017c   Code   RO         2314    i.rt_tsk_delete     RTX_CM3.lib(rt_task.o)
    0x08002d7c   0x00000030   Code   RO         2315    i.rt_tsk_pass       RTX_CM3.lib(rt_task.o)
    0x08002dac   0x0000007c   Code   RO         2316    i.rt_tsk_prio       RTX_CM3.lib(rt_task.o)
    0x08002e28   0x00000010   Code   RO         2317    i.rt_tsk_self       RTX_CM3.lib(rt_task.o)
    0x08002e38   0x00000114   Code   RO           22    i.shengao           app.o
    0x08002f4c   0x00000070   Code   RO         1744    i.svcKernelInitialize  RTX_CM3.lib(rt_cmsis.o)
    0x08002fbc   0x00000048   Code   RO         1746    i.svcKernelStart    RTX_CM3.lib(rt_cmsis.o)
    0x08003004   0x00000024   Code   RO         1749    i.svcMessageCreate  RTX_CM3.lib(rt_cmsis.o)
    0x08003028   0x0000003a   Code   RO         1750    i.svcMessageGet     RTX_CM3.lib(rt_cmsis.o)
    0x08003062   0x00000002   PAD
    0x08003064   0x0000006c   Code   RO         1764    i.svcThreadCreate   RTX_CM3.lib(rt_cmsis.o)
    0x080030d0   0x0000001c   Code   RO         1765    i.svcThreadGetId    RTX_CM3.lib(rt_cmsis.o)
    0x080030ec   0x00000038   Code   RO         1768    i.svcThreadTerminate  RTX_CM3.lib(rt_cmsis.o)
    0x08003124   0x0000000a   Code   RO         1769    i.svcThreadYield    RTX_CM3.lib(rt_cmsis.o)
    0x0800312e   0x00000018   Code   RO         1770    i.svcTimerCall      RTX_CM3.lib(rt_cmsis.o)
    0x08003146   0x00000002   PAD
    0x08003148   0x00000038   Code   RO         1771    i.svcTimerCreate    RTX_CM3.lib(rt_cmsis.o)
    0x08003180   0x00000064   Code   RO         1773    i.svcTimerStart     RTX_CM3.lib(rt_cmsis.o)
    0x080031e4   0x0000005c   Code   RO         1779    i.sysTimerTick      RTX_CM3.lib(rt_cmsis.o)
    0x08003240   0x000000bc   Code   RO           23    i.tizhong           app.o
    0x080032fc   0x00000038   Data   RO           25    .constdata          app.o
    0x08003334   0x00000138   Data   RO          268    .constdata          led_nightmare.o
    0x0800346c   0x00000050   Data   RO          349    .constdata          common.o
    0x080034bc   0x00000068   Data   RO          644    .constdata          rtx_conf_cm.o
    0x08003524   0x00000020   Data   RO         3063    Region$$Table       anon$$obj.o


    Execution Region RW_IRAM1 (Base: 0x20000000, Size: 0x00002310, Max: 0x00010000, ABSOLUTE, COMPRESSED[0x00000294])

    Base Addr    Size         Type   Attr      Idx    E Section Name        Object

    0x20000000   0x0000006e   Data   RW           26    .data               app.o
    0x2000006e   0x00000347   Data   RW          392    .data               me007y50h.o
    0x200003b5   0x00000003   PAD
    0x200003b8   0x00000330   Data   RW          481    .data               buttons_nightmare.o
    0x200006e8   0x00000014   Data   RW          645    .data               rtx_conf_cm.o
    0x200006fc   0x00000014   Data   RW         1274    .data               stm32f10x_rcc.o
    0x20000710   0x00000008   Data   RW         1782    .data               RTX_CM3.lib(rt_cmsis.o)
    0x20000718   0x00000008   Data   RW         2319    .data               RTX_CM3.lib(rt_task.o)
    0x20000720   0x00000008   Data   RW         2438    .data               RTX_CM3.lib(rt_system.o)
    0x20000728   0x00000004   Data   RW         2728    .data               RTX_CM3.lib(rt_time.o)
    0x2000072c   0x00000008   Data   RW         2759    .data               RTX_CM3.lib(rt_robin.o)
    0x20000734   0x00000001   Data   RW         2838    .data               RTX_CM3.lib(hal_cm.o)
    0x20000735   0x00000003   PAD
    0x20000738   0x00000090   Zero   RW           24    .bss                app.o
    0x200007c8   0x0000000a   Zero   RW          391    .bss                me007y50h.o
    0x200007d2   0x00000006   PAD
    0x200007d8   0x00001470   Zero   RW          643    .bss                rtx_conf_cm.o
    0x20001c48   0x00000034   Zero   RW         2318    .bss                RTX_CM3.lib(rt_task.o)
    0x20001c7c   0x00000030   Zero   RW         2568    .bss                RTX_CM3.lib(rt_list.o)
    0x20001cac   0x00000060   Zero   RW         2896    .bss                c_w.l(libspace.o)
    0x20001d0c   0x00000004   PAD
    0x20001d10   0x00000200   Zero   RW          695    HEAP                startup_stm32f10x_hd.o
    0x20001f10   0x00000400   Zero   RW          694    STACK               startup_stm32f10x_hd.o


==============================================================================

Image component sizes


      Code (inc. data)   RO Data    RW Data    ZI Data      Debug   Object Name

      2866        258         56        110        144     271866   app.o
       324         12          0        816          0       8945   buttons_nightmare.o
       184         10         80          0          0       1560   common.o
       588         66          0          0          0       2630   gpio_stm32f10x.o
       164         10        312          0          0       5543   led_nightmare.o
        20          0          0          0          0        479   main.o
       266         26          0        839         10       2916   me007y50h.o
       126         26        104         20       5232       9315   rtx_conf_cm.o
        64         26        304          0       1536        840   startup_stm32f10x_hd.o
       390         10          0          0          0       7797   stm32f10x_adc.o
       416          8          0          0          0       3602   stm32f10x_dma.o
       286          0          0          0          0       3216   stm32f10x_gpio.o
       332         44          0         20          0       5793   stm32f10x_rcc.o
       284          6          0          0          0       4816   stm32f10x_usart.o
       328         28          0          0          0       2117   system_stm32f10x.o

    ----------------------------------------------------------------------
      6652        530        888       1808       6928     331435   Object Totals
         0          0         32          0          0          0   (incl. Generated)
        14          0          0          3          6          0   (incl. Padding)

    ----------------------------------------------------------------------

      Code (inc. data)   RO Data    RW Data    ZI Data      Debug   Library Member Name

       238         24          0          1          0       3312   hal_cm.o
       304         36          0          0          0        768   hal_cm3.o
      1428        170          0          8          0      36310   rt_cmsis.o
        80          4          0          0          0        661   rt_event.o
       566         44          0          0         48       8792   rt_list.o
       554         10          0          0          0       3949   rt_mailbox.o
       140          0          0          0          0       1925   rt_membox.o
       128          0          0          0          0       2307   rt_memory.o
       336         14          0          0          0       1643   rt_mutex.o
        96         22          0          8          0       1158   rt_robin.o
        52          4          0          0          0        573   rt_semaphore.o
       298         52          0          8          0       6223   rt_system.o
      1264        184          0          8         52      10147   rt_task.o
         0          0          0          4          0        214   rt_time.o
         4          4          0          0          0        208   svc_table.o
        90          0          0          0          0          0   __dczerorl2.o
         8          0          0          0          0         68   __main.o
         0          0          0          0          0          0   __rtentry.o
        20          0          0          0          0          0   __rtentry2.o
         6          0          0          0          0          0   __rtentry4.o
        52          8          0          0          0          0   __scatter.o
        28          0          0          0          0          0   __scatter_zi.o
        18          0          0          0          0         80   exit.o
         6          0          0          0          0        152   heapauxi.o
         0          0          0          0          0          0   indicate_semi.o
         2          0          0          0          0          0   libinit.o
         2          0          0          0          0          0   libinit2.o
         2          0          0          0          0          0   libshutdown.o
         2          0          0          0          0          0   libshutdown2.o
         8          4          0          0         96         68   libspace.o
       238          0          0          0          0        100   lludivv7m.o
         2          0          0          0          0          0   rtexit.o
        10          0          0          0          0          0   rtexit2.o
        12          4          0          0          0         68   sys_exit.o
        74          0          0          0          0         80   sys_stackheap_outer.o
         2          0          0          0          0         68   use_no_semi.o

    ----------------------------------------------------------------------
      6096        584          0         40        200      78874   Library Totals
        26          0          0          3          4          0   (incl. Padding)

    ----------------------------------------------------------------------

      Code (inc. data)   RO Data    RW Data    ZI Data      Debug   Library Name

      5488        568          0         37        100      78190   RTX_CM3.lib
       582         16          0          0         96        684   c_w.l

    ----------------------------------------------------------------------
      6096        584          0         40        200      78874   Library Totals

    ----------------------------------------------------------------------

==============================================================================


      Code (inc. data)   RO Data    RW Data    ZI Data      Debug   

     12748       1114        888       1848       7128     403077   Grand Totals
     12748       1114        888        660       7128     403077   ELF Image Totals (compressed)
     12748       1114        888        660          0          0   ROM Totals

==============================================================================

    Total RO  Size (Code + RO Data)                13636 (  13.32kB)
    Total RW  Size (RW Data + ZI Data)              8976 (   8.77kB)
    Total ROM Size (Code + RO Data + RW Data)      14296 (  13.96kB)

==============================================================================

